[2025-10-30T19:34:56.737Z] Validating found git in: git
[2025-10-30T19:34:56.815Z] Using git 1.8.3.1 from git
[2025-10-30T19:34:56.954Z] > git rev-parse --git-dir [42ms]
[2025-10-30T19:34:56.966Z] Open repository: /home/djuric
[2025-10-30T19:34:57.409Z] > git symbolic-ref --short HEAD [4ms]
[2025-10-30T19:34:57.435Z] > git for-each-ref --format=%(refname)%00%(upstream:short)%00%(objectname) refs/heads/master refs/remotes/master [9ms]
[2025-10-30T19:34:57.478Z] > git remote --verbose [14ms]
[2025-10-30T19:34:57.478Z] > git for-each-ref --sort -committerdate --format %(refname) %(objectname) %(*objectname) [30ms]
[2025-10-30T19:35:03.038Z] > git config --get commit.template [23ms]
[2025-10-30T19:35:03.617Z] > git ls-files --stage -- /home/djuric/DataAnalysisHEP_venv/vjezbe2/zadatak1/root.py [4ms]
[2025-10-30T19:35:41.186Z] > git symbolic-ref --short HEAD [3ms]
[2025-10-30T19:35:41.207Z] > git for-each-ref --format=%(refname)%00%(upstream:short)%00%(objectname) refs/heads/master refs/remotes/master [2ms]
[2025-10-30T19:35:41.258Z] > git for-each-ref --sort -committerdate --format %(refname) %(objectname) %(*objectname) [32ms]
[2025-10-30T19:35:41.259Z] > git remote --verbose [3ms]
[2025-10-30T19:35:51.607Z] > git config --get commit.template [33ms]
[2025-10-30T19:35:56.817Z] > git symbolic-ref --short HEAD [2ms]
[2025-10-30T19:35:56.845Z] > git for-each-ref --format=%(refname)%00%(upstream:short)%00%(objectname) refs/heads/master refs/remotes/master [2ms]
[2025-10-30T19:35:56.916Z] > git remote --verbose [3ms]
[2025-10-30T19:35:56.916Z] > git for-each-ref --sort -committerdate --format %(refname) %(objectname) %(*objectname) [45ms]
[2025-10-30T19:36:06.817Z] > git config --get commit.template [25ms]
[2025-10-30T19:45:28.064Z] > git symbolic-ref --short HEAD [3ms]
[2025-10-30T19:45:28.081Z] > git for-each-ref --format=%(refname)%00%(upstream:short)%00%(objectname) refs/heads/master refs/remotes/master [2ms]
[2025-10-30T19:45:28.118Z] > git for-each-ref --sort -committerdate --format %(refname) %(objectname) %(*objectname) [22ms]
[2025-10-30T19:45:28.119Z] > git remote --verbose [3ms]
[2025-10-30T19:45:37.906Z] > git config --get commit.template [32ms]
