[2025-11-13T06:39:44.687Z] Validating found git in: git
[2025-11-13T06:39:44.761Z] Using git 1.8.3.1 from git
[2025-11-13T06:39:44.860Z] > git rev-parse --git-dir [4ms]
[2025-11-13T06:39:44.874Z] Open repository: /home/djuric/DataAnalysisHEP_venv
[2025-11-13T06:39:44.989Z] > git symbolic-ref --short HEAD [2ms]
[2025-11-13T06:39:45.005Z] > git for-each-ref --format=%(refname)%00%(upstream:short)%00%(objectname) refs/heads/main refs/remotes/main [2ms]
[2025-11-13T06:39:45.038Z] > git remote --verbose [8ms]
[2025-11-13T06:39:45.039Z] > git for-each-ref --sort -committerdate --format %(refname) %(objectname) %(*objectname) [22ms]
[2025-11-13T06:39:48.346Z] > git config --get commit.template [14ms]
[2025-11-13T06:39:49.215Z] > git ls-files --stage -- /home/djuric/DataAnalysisHEP_venv/DataAnalysisHEP_venv/vjezbe2/zadatak1/root.py [5ms]
[2025-11-13T06:39:49.234Z] > git cat-file -s cbf1e23c6e4e083906f5d534e408339fa9ee066e [3ms]
[2025-11-13T06:39:49.521Z] > git symbolic-ref --short HEAD [2ms]
[2025-11-13T06:39:49.542Z] > git for-each-ref --format=%(refname)%00%(upstream:short)%00%(objectname) refs/heads/main refs/remotes/main [3ms]
[2025-11-13T06:39:49.607Z] > git remote --verbose [25ms]
[2025-11-13T06:39:49.607Z] > git for-each-ref --sort -committerdate --format %(refname) %(objectname) %(*objectname) [49ms]
[2025-11-13T06:39:55.282Z] > git config --get commit.template [14ms]
[2025-11-13T06:39:55.970Z] > git ls-files --stage -- /home/djuric/DataAnalysisHEP_venv/DataAnalysisHEP_venv/vjezbe2/zadatak1/root.py [4ms]
[2025-11-13T06:39:55.993Z] > git cat-file -s cbf1e23c6e4e083906f5d534e408339fa9ee066e [2ms]
[2025-11-13T06:48:45.842Z] > git symbolic-ref --short HEAD [2ms]
[2025-11-13T06:48:45.857Z] > git for-each-ref --format=%(refname)%00%(upstream:short)%00%(objectname) refs/heads/main refs/remotes/main [3ms]
[2025-11-13T06:48:45.896Z] > git for-each-ref --sort -committerdate --format %(refname) %(objectname) %(*objectname) [24ms]
[2025-11-13T06:48:45.897Z] > git remote --verbose [3ms]
[2025-11-13T06:48:51.710Z] > git config --get commit.template [17ms]
[2025-11-13T06:48:59.823Z] > git symbolic-ref --short HEAD [4ms]
[2025-11-13T06:48:59.847Z] > git for-each-ref --format=%(refname)%00%(upstream:short)%00%(objectname) refs/heads/main refs/remotes/main [4ms]
[2025-11-13T06:48:59.899Z] > git for-each-ref --sort -committerdate --format %(refname) %(objectname) %(*objectname) [33ms]
[2025-11-13T06:48:59.900Z] > git remote --verbose [4ms]
[2025-11-13T06:49:05.523Z] > git config --get commit.template [14ms]
[2025-11-13T06:49:31.919Z] > git symbolic-ref --short HEAD [2ms]
[2025-11-13T06:49:31.939Z] > git for-each-ref --format=%(refname)%00%(upstream:short)%00%(objectname) refs/heads/main refs/remotes/main [3ms]
[2025-11-13T06:49:31.984Z] > git for-each-ref --sort -committerdate --format %(refname) %(objectname) %(*objectname) [28ms]
[2025-11-13T06:49:31.986Z] > git remote --verbose [4ms]
[2025-11-13T06:49:37.550Z] > git config --get commit.template [17ms]
[2025-11-13T06:49:39.207Z] > git ls-files --stage -- /home/djuric/DataAnalysisHEP_venv/DataAnalysisHEP_venv/vjezbe5/zadatak1.py [4ms]
[2025-11-13T06:49:42.651Z] > git symbolic-ref --short HEAD [2ms]
[2025-11-13T06:49:42.670Z] > git for-each-ref --format=%(refname)%00%(upstream:short)%00%(objectname) refs/heads/main refs/remotes/main [3ms]
[2025-11-13T06:49:42.713Z] > git for-each-ref --sort -committerdate --format %(refname) %(objectname) %(*objectname) [27ms]
[2025-11-13T06:49:42.714Z] > git remote --verbose [3ms]
[2025-11-13T06:49:48.197Z] > git config --get commit.template [15ms]
[2025-11-13T06:49:56.593Z] > git symbolic-ref --short HEAD [2ms]
[2025-11-13T06:49:56.618Z] > git for-each-ref --format=%(refname)%00%(upstream:short)%00%(objectname) refs/heads/main refs/remotes/main [2ms]
[2025-11-13T06:49:56.670Z] > git for-each-ref --sort -committerdate --format %(refname) %(objectname) %(*objectname) [32ms]
[2025-11-13T06:49:56.671Z] > git remote --verbose [3ms]
[2025-11-13T06:50:02.139Z] > git config --get commit.template [5311ms]
[2025-11-13T06:50:11.790Z] > git symbolic-ref --short HEAD [2ms]
[2025-11-13T06:50:11.817Z] > git for-each-ref --format=%(refname)%00%(upstream:short)%00%(objectname) refs/heads/main refs/remotes/main [3ms]
[2025-11-13T06:50:11.887Z] > git for-each-ref --sort -committerdate --format %(refname) %(objectname) %(*objectname) [44ms]
[2025-11-13T06:50:11.888Z] > git remote --verbose [3ms]
[2025-11-13T06:50:17.285Z] > git config --get commit.template [5245ms]
[2025-11-13T06:50:22.403Z] > git symbolic-ref --short HEAD [2ms]
[2025-11-13T06:50:22.432Z] > git for-each-ref --format=%(refname)%00%(upstream:short)%00%(objectname) refs/heads/main refs/remotes/main [3ms]
[2025-11-13T06:50:22.508Z] > git for-each-ref --sort -committerdate --format %(refname) %(objectname) %(*objectname) [49ms]
[2025-11-13T06:50:22.509Z] > git remote --verbose [3ms]
[2025-11-13T06:50:27.907Z] > git config --get commit.template [5240ms]
[2025-11-13T06:50:35.183Z] > git symbolic-ref --short HEAD [2ms]
[2025-11-13T06:50:35.216Z] > git for-each-ref --format=%(refname)%00%(upstream:short)%00%(objectname) refs/heads/main refs/remotes/main [2ms]
[2025-11-13T06:50:35.308Z] > git for-each-ref --sort -committerdate --format %(refname) %(objectname) %(*objectname) [62ms]
[2025-11-13T06:50:35.309Z] > git remote --verbose [9ms]
[2025-11-13T06:50:40.730Z] > git config --get commit.template [15ms]
[2025-11-13T06:50:45.860Z] > git symbolic-ref --short HEAD [2ms]
[2025-11-13T06:50:45.886Z] > git for-each-ref --format=%(refname)%00%(upstream:short)%00%(objectname) refs/heads/main refs/remotes/main [3ms]
[2025-11-13T06:50:45.952Z] > git for-each-ref --sort -committerdate --format %(refname) %(objectname) %(*objectname) [43ms]
[2025-11-13T06:50:45.953Z] > git remote --verbose [3ms]
[2025-11-13T06:50:51.321Z] > git config --get commit.template [8ms]
[2025-11-13T06:50:58.080Z] > git symbolic-ref --short HEAD [2ms]
[2025-11-13T06:50:58.100Z] > git for-each-ref --format=%(refname)%00%(upstream:short)%00%(objectname) refs/heads/main refs/remotes/main [2ms]
[2025-11-13T06:50:58.153Z] > git for-each-ref --sort -committerdate --format %(refname) %(objectname) %(*objectname) [31ms]
[2025-11-13T06:50:58.153Z] > git remote --verbose [2ms]
[2025-11-13T06:51:03.593Z] > git config --get commit.template [14ms]
[2025-11-13T06:51:08.709Z] > git symbolic-ref --short HEAD [2ms]
[2025-11-13T06:51:08.734Z] > git for-each-ref --format=%(refname)%00%(upstream:short)%00%(objectname) refs/heads/main refs/remotes/main [3ms]
[2025-11-13T06:51:08.787Z] > git for-each-ref --sort -committerdate --format %(refname) %(objectname) %(*objectname) [34ms]
[2025-11-13T06:51:08.787Z] > git remote --verbose [2ms]
[2025-11-13T06:51:14.166Z] > git config --get commit.template [5226ms]
[2025-11-13T06:51:19.271Z] > git symbolic-ref --short HEAD [2ms]
[2025-11-13T06:51:19.291Z] > git for-each-ref --format=%(refname)%00%(upstream:short)%00%(objectname) refs/heads/main refs/remotes/main [2ms]
[2025-11-13T06:51:19.341Z] > git remote --verbose [3ms]
[2025-11-13T06:51:19.341Z] > git for-each-ref --sort -committerdate --format %(refname) %(objectname) %(*objectname) [32ms]
[2025-11-13T06:51:24.732Z] > git config --get commit.template [14ms]
[2025-11-13T06:51:33.140Z] > git symbolic-ref --short HEAD [2ms]
[2025-11-13T06:51:33.162Z] > git for-each-ref --format=%(refname)%00%(upstream:short)%00%(objectname) refs/heads/main refs/remotes/main [3ms]
[2025-11-13T06:51:33.214Z] > git for-each-ref --sort -committerdate --format %(refname) %(objectname) %(*objectname) [33ms]
[2025-11-13T06:51:33.215Z] > git remote --verbose [2ms]
[2025-11-13T06:51:38.600Z] > git config --get commit.template [5235ms]
[2025-11-13T06:52:56.181Z] > git symbolic-ref --short HEAD [1ms]
[2025-11-13T06:52:56.201Z] > git for-each-ref --format=%(refname)%00%(upstream:short)%00%(objectname) refs/heads/main refs/remotes/main [3ms]
[2025-11-13T06:52:56.250Z] > git for-each-ref --sort -committerdate --format %(refname) %(objectname) %(*objectname) [31ms]
[2025-11-13T06:52:56.250Z] > git remote --verbose [2ms]
[2025-11-13T06:53:01.830Z] > git config --get commit.template [16ms]
[2025-11-13T06:53:06.929Z] > git symbolic-ref --short HEAD [2ms]
[2025-11-13T06:53:06.948Z] > git for-each-ref --format=%(refname)%00%(upstream:short)%00%(objectname) refs/heads/main refs/remotes/main [3ms]
[2025-11-13T06:53:06.991Z] > git for-each-ref --sort -committerdate --format %(refname) %(objectname) %(*objectname) [27ms]
[2025-11-13T06:53:06.992Z] > git remote --verbose [2ms]
[2025-11-13T06:53:12.407Z] > git config --get commit.template [12ms]
[2025-11-13T06:53:17.512Z] > git symbolic-ref --short HEAD [2ms]
[2025-11-13T06:53:17.533Z] > git for-each-ref --format=%(refname)%00%(upstream:short)%00%(objectname) refs/heads/main refs/remotes/main [2ms]
[2025-11-13T06:53:17.586Z] > git for-each-ref --sort -committerdate --format %(refname) %(objectname) %(*objectname) [33ms]
[2025-11-13T06:53:17.587Z] > git remote --verbose [2ms]
[2025-11-13T06:53:22.978Z] > git config --get commit.template [5246ms]
[2025-11-13T06:53:41.258Z] > git symbolic-ref --short HEAD [2ms]
[2025-11-13T06:53:41.282Z] > git for-each-ref --format=%(refname)%00%(upstream:short)%00%(objectname) refs/heads/main refs/remotes/main [2ms]
[2025-11-13T06:53:41.343Z] > git for-each-ref --sort -committerdate --format %(refname) %(objectname) %(*objectname) [38ms]
[2025-11-13T06:53:41.343Z] > git remote --verbose [2ms]
[2025-11-13T06:53:46.745Z] > git config --get commit.template [13ms]
[2025-11-13T06:53:51.858Z] > git symbolic-ref --short HEAD [2ms]
[2025-11-13T06:53:51.885Z] > git for-each-ref --format=%(refname)%00%(upstream:short)%00%(objectname) refs/heads/main refs/remotes/main [2ms]
[2025-11-13T06:53:51.955Z] > git for-each-ref --sort -committerdate --format %(refname) %(objectname) %(*objectname) [45ms]
[2025-11-13T06:53:51.956Z] > git remote --verbose [3ms]
[2025-11-13T06:53:57.344Z] > git config --get commit.template [5241ms]
[2025-11-13T06:54:02.466Z] > git symbolic-ref --short HEAD [2ms]
[2025-11-13T06:54:02.496Z] > git for-each-ref --format=%(refname)%00%(upstream:short)%00%(objectname) refs/heads/main refs/remotes/main [2ms]
[2025-11-13T06:54:02.583Z] > git for-each-ref --sort -committerdate --format %(refname) %(objectname) %(*objectname) [59ms]
[2025-11-13T06:54:02.584Z] > git remote --verbose [3ms]
[2025-11-13T06:54:07.950Z] > git config --get commit.template [5207ms]
[2025-11-13T06:57:47.856Z] > git symbolic-ref --short HEAD [2ms]
[2025-11-13T06:57:47.869Z] > git for-each-ref --format=%(refname)%00%(upstream:short)%00%(objectname) refs/heads/main refs/remotes/main [2ms]
[2025-11-13T06:57:47.898Z] > git for-each-ref --sort -committerdate --format %(refname) %(objectname) %(*objectname) [18ms]
[2025-11-13T06:57:47.899Z] > git remote --verbose [3ms]
[2025-11-13T06:57:53.511Z] > git config --get commit.template [17ms]
[2025-11-13T06:57:58.612Z] > git symbolic-ref --short HEAD [2ms]
[2025-11-13T06:57:58.632Z] > git for-each-ref --format=%(refname)%00%(upstream:short)%00%(objectname) refs/heads/main refs/remotes/main [2ms]
[2025-11-13T06:57:58.679Z] > git for-each-ref --sort -committerdate --format %(refname) %(objectname) %(*objectname) [29ms]
[2025-11-13T06:57:58.680Z] > git remote --verbose [3ms]
[2025-11-13T06:58:04.094Z] > git config --get commit.template [18ms]
[2025-11-13T06:58:18.339Z] > git symbolic-ref --short HEAD [1ms]
[2025-11-13T06:58:18.361Z] > git for-each-ref --format=%(refname)%00%(upstream:short)%00%(objectname) refs/heads/main refs/remotes/main [2ms]
[2025-11-13T06:58:18.412Z] > git for-each-ref --sort -committerdate --format %(refname) %(objectname) %(*objectname) [32ms]
[2025-11-13T06:58:18.413Z] > git remote --verbose [3ms]
[2025-11-13T06:58:23.825Z] > git config --get commit.template [10ms]
[2025-11-13T06:58:28.927Z] > git symbolic-ref --short HEAD [2ms]
[2025-11-13T06:58:28.948Z] > git for-each-ref --format=%(refname)%00%(upstream:short)%00%(objectname) refs/heads/main refs/remotes/main [2ms]
[2025-11-13T06:58:28.997Z] > git for-each-ref --sort -committerdate --format %(refname) %(objectname) %(*objectname) [31ms]
[2025-11-13T06:58:28.997Z] > git remote --verbose [2ms]
[2025-11-13T06:58:34.383Z] > git config --get commit.template [15ms]
[2025-11-13T06:58:39.488Z] > git symbolic-ref --short HEAD [2ms]
[2025-11-13T06:58:39.516Z] > git for-each-ref --format=%(refname)%00%(upstream:short)%00%(objectname) refs/heads/main refs/remotes/main [3ms]
[2025-11-13T06:58:39.579Z] > git for-each-ref --sort -committerdate --format %(refname) %(objectname) %(*objectname) [37ms]
[2025-11-13T06:58:39.579Z] > git remote --verbose [2ms]
[2025-11-13T06:58:44.954Z] > git config --get commit.template [10ms]
[2025-11-13T07:01:00.587Z] > git symbolic-ref --short HEAD [1ms]
[2025-11-13T07:01:00.601Z] > git for-each-ref --format=%(refname)%00%(upstream:short)%00%(objectname) refs/heads/main refs/remotes/main [3ms]
[2025-11-13T07:01:00.626Z] > git for-each-ref --sort -committerdate --format %(refname) %(objectname) %(*objectname) [14ms]
[2025-11-13T07:01:00.627Z] > git remote --verbose [2ms]
[2025-11-13T07:01:06.231Z] > git config --get commit.template [16ms]
[2025-11-13T07:01:11.331Z] > git symbolic-ref --short HEAD [2ms]
[2025-11-13T07:01:11.349Z] > git for-each-ref --format=%(refname)%00%(upstream:short)%00%(objectname) refs/heads/main refs/remotes/main [2ms]
[2025-11-13T07:01:11.395Z] > git for-each-ref --sort -committerdate --format %(refname) %(objectname) %(*objectname) [27ms]
[2025-11-13T07:01:11.396Z] > git remote --verbose [3ms]
[2025-11-13T07:01:16.800Z] > git config --get commit.template [16ms]
[2025-11-13T07:01:22.169Z] > git symbolic-ref --short HEAD [1ms]
[2025-11-13T07:01:22.189Z] > git for-each-ref --format=%(refname)%00%(upstream:short)%00%(objectname) refs/heads/main refs/remotes/main [2ms]
[2025-11-13T07:01:22.237Z] > git for-each-ref --sort -committerdate --format %(refname) %(objectname) %(*objectname) [30ms]
[2025-11-13T07:01:22.238Z] > git remote --verbose [3ms]
[2025-11-13T07:01:27.634Z] > git config --get commit.template [5246ms]
[2025-11-13T07:01:36.148Z] > git symbolic-ref --short HEAD [2ms]
[2025-11-13T07:01:36.169Z] > git for-each-ref --format=%(refname)%00%(upstream:short)%00%(objectname) refs/heads/main refs/remotes/main [3ms]
[2025-11-13T07:01:36.218Z] > git for-each-ref --sort -committerdate --format %(refname) %(objectname) %(*objectname) [31ms]
[2025-11-13T07:01:36.219Z] > git remote --verbose [3ms]
[2025-11-13T07:01:41.624Z] > git config --get commit.template [14ms]
[2025-11-13T07:01:46.727Z] > git symbolic-ref --short HEAD [1ms]
[2025-11-13T07:01:46.748Z] > git for-each-ref --format=%(refname)%00%(upstream:short)%00%(objectname) refs/heads/main refs/remotes/main [2ms]
[2025-11-13T07:01:46.799Z] > git for-each-ref --sort -committerdate --format %(refname) %(objectname) %(*objectname) [33ms]
[2025-11-13T07:01:46.799Z] > git remote --verbose [2ms]
[2025-11-13T07:01:52.158Z] > git config --get commit.template [15ms]
[2025-11-13T07:01:57.263Z] > git symbolic-ref --short HEAD [1ms]
[2025-11-13T07:01:57.284Z] > git for-each-ref --format=%(refname)%00%(upstream:short)%00%(objectname) refs/heads/main refs/remotes/main [2ms]
[2025-11-13T07:01:57.337Z] > git for-each-ref --sort -committerdate --format %(refname) %(objectname) %(*objectname) [33ms]
[2025-11-13T07:01:57.338Z] > git remote --verbose [3ms]
[2025-11-13T07:02:02.710Z] > git config --get commit.template [10ms]
[2025-11-13T07:02:07.819Z] > git symbolic-ref --short HEAD [2ms]
[2025-11-13T07:02:07.845Z] > git for-each-ref --format=%(refname)%00%(upstream:short)%00%(objectname) refs/heads/main refs/remotes/main [2ms]
[2025-11-13T07:02:07.896Z] > git for-each-ref --sort -committerdate --format %(refname) %(objectname) %(*objectname) [31ms]
[2025-11-13T07:02:07.897Z] > git remote --verbose [3ms]
[2025-11-13T07:02:13.247Z] > git config --get commit.template [16ms]
[2025-11-13T07:02:19.006Z] > git symbolic-ref --short HEAD [2ms]
[2025-11-13T07:02:19.027Z] > git for-each-ref --format=%(refname)%00%(upstream:short)%00%(objectname) refs/heads/main refs/remotes/main [3ms]
[2025-11-13T07:02:19.078Z] > git for-each-ref --sort -committerdate --format %(refname) %(objectname) %(*objectname) [33ms]
[2025-11-13T07:02:19.079Z] > git remote --verbose [3ms]
[2025-11-13T07:02:24.410Z] > git config --get commit.template [10ms]
[2025-11-13T07:02:29.514Z] > git symbolic-ref --short HEAD [1ms]
[2025-11-13T07:02:29.535Z] > git for-each-ref --format=%(refname)%00%(upstream:short)%00%(objectname) refs/heads/main refs/remotes/main [3ms]
[2025-11-13T07:02:29.586Z] > git for-each-ref --sort -committerdate --format %(refname) %(objectname) %(*objectname) [33ms]
[2025-11-13T07:02:29.587Z] > git remote --verbose [3ms]
[2025-11-13T07:02:34.928Z] > git config --get commit.template [12ms]
[2025-11-13T07:02:55.858Z] > git symbolic-ref --short HEAD [2ms]
[2025-11-13T07:02:55.879Z] > git for-each-ref --format=%(refname)%00%(upstream:short)%00%(objectname) refs/heads/main refs/remotes/main [2ms]
[2025-11-13T07:02:55.931Z] > git for-each-ref --sort -committerdate --format %(refname) %(objectname) %(*objectname) [33ms]
[2025-11-13T07:02:55.931Z] > git remote --verbose [2ms]
[2025-11-13T07:03:01.296Z] > git config --get commit.template [5213ms]
[2025-11-13T07:03:15.376Z] > git symbolic-ref --short HEAD [2ms]
[2025-11-13T07:03:15.398Z] > git for-each-ref --format=%(refname)%00%(upstream:short)%00%(objectname) refs/heads/main refs/remotes/main [3ms]
[2025-11-13T07:03:15.449Z] > git for-each-ref --sort -committerdate --format %(refname) %(objectname) %(*objectname) [33ms]
[2025-11-13T07:03:15.449Z] > git remote --verbose [2ms]
[2025-11-13T07:03:20.839Z] > git config --get commit.template [5237ms]
[2025-11-13T07:03:26.804Z] > git symbolic-ref --short HEAD [2ms]
[2025-11-13T07:03:26.825Z] > git for-each-ref --format=%(refname)%00%(upstream:short)%00%(objectname) refs/heads/main refs/remotes/main [2ms]
[2025-11-13T07:03:26.876Z] > git for-each-ref --sort -committerdate --format %(refname) %(objectname) %(*objectname) [32ms]
[2025-11-13T07:03:26.877Z] > git remote --verbose [3ms]
[2025-11-13T07:03:32.225Z] > git config --get commit.template [11ms]
[2025-11-13T07:03:37.332Z] > git symbolic-ref --short HEAD [2ms]
[2025-11-13T07:03:37.357Z] > git for-each-ref --format=%(refname)%00%(upstream:short)%00%(objectname) refs/heads/main refs/remotes/main [2ms]
[2025-11-13T07:03:37.417Z] > git for-each-ref --sort -committerdate --format %(refname) %(objectname) %(*objectname) [40ms]
[2025-11-13T07:03:37.418Z] > git remote --verbose [3ms]
[2025-11-13T07:03:42.752Z] > git config --get commit.template [5191ms]
[2025-11-13T07:03:52.412Z] > git symbolic-ref --short HEAD [1ms]
[2025-11-13T07:03:52.434Z] > git for-each-ref --format=%(refname)%00%(upstream:short)%00%(objectname) refs/heads/main refs/remotes/main [3ms]
[2025-11-13T07:03:52.485Z] > git for-each-ref --sort -committerdate --format %(refname) %(objectname) %(*objectname) [33ms]
[2025-11-13T07:03:52.486Z] > git remote --verbose [3ms]
[2025-11-13T07:03:57.864Z] > git config --get commit.template [10ms]
[2025-11-13T07:04:05.589Z] > git symbolic-ref --short HEAD [2ms]
[2025-11-13T07:04:05.611Z] > git for-each-ref --format=%(refname)%00%(upstream:short)%00%(objectname) refs/heads/main refs/remotes/main [3ms]
[2025-11-13T07:04:05.662Z] > git for-each-ref --sort -committerdate --format %(refname) %(objectname) %(*objectname) [32ms]
[2025-11-13T07:04:05.662Z] > git remote --verbose [2ms]
[2025-11-13T07:04:10.986Z] > git config --get commit.template [5180ms]
[2025-11-13T07:04:19.146Z] > git symbolic-ref --short HEAD [2ms]
[2025-11-13T07:04:19.167Z] > git for-each-ref --format=%(refname)%00%(upstream:short)%00%(objectname) refs/heads/main refs/remotes/main [2ms]
[2025-11-13T07:04:19.222Z] > git for-each-ref --sort -committerdate --format %(refname) %(objectname) %(*objectname) [36ms]
[2025-11-13T07:04:19.223Z] > git remote --verbose [2ms]
[2025-11-13T07:04:24.604Z] > git config --get commit.template [10ms]
[2025-11-13T07:04:29.708Z] > git symbolic-ref --short HEAD [2ms]
[2025-11-13T07:04:29.729Z] > git for-each-ref --format=%(refname)%00%(upstream:short)%00%(objectname) refs/heads/main refs/remotes/main [2ms]
[2025-11-13T07:04:29.780Z] > git for-each-ref --sort -committerdate --format %(refname) %(objectname) %(*objectname) [32ms]
[2025-11-13T07:04:29.781Z] > git remote --verbose [3ms]
[2025-11-13T07:04:35.159Z] > git config --get commit.template [10ms]
[2025-11-13T07:04:40.266Z] > git symbolic-ref --short HEAD [2ms]
[2025-11-13T07:04:40.288Z] > git for-each-ref --format=%(refname)%00%(upstream:short)%00%(objectname) refs/heads/main refs/remotes/main [3ms]
[2025-11-13T07:04:40.343Z] > git for-each-ref --sort -committerdate --format %(refname) %(objectname) %(*objectname) [33ms]
[2025-11-13T07:04:40.344Z] > git remote --verbose [3ms]
[2025-11-13T07:04:45.700Z] > git config --get commit.template [13ms]
[2025-11-13T07:04:50.805Z] > git symbolic-ref --short HEAD [3ms]
[2025-11-13T07:04:50.830Z] > git for-each-ref --format=%(refname)%00%(upstream:short)%00%(objectname) refs/heads/main refs/remotes/main [3ms]
[2025-11-13T07:04:50.883Z] > git for-each-ref --sort -committerdate --format %(refname) %(objectname) %(*objectname) [34ms]
[2025-11-13T07:04:50.883Z] > git remote --verbose [2ms]
[2025-11-13T07:04:56.266Z] > git config --get commit.template [9ms]
[2025-11-13T07:05:01.367Z] > git symbolic-ref --short HEAD [2ms]
[2025-11-13T07:05:01.388Z] > git for-each-ref --format=%(refname)%00%(upstream:short)%00%(objectname) refs/heads/main refs/remotes/main [3ms]
[2025-11-13T07:05:01.437Z] > git for-each-ref --sort -committerdate --format %(refname) %(objectname) %(*objectname) [31ms]
[2025-11-13T07:05:01.437Z] > git remote --verbose [2ms]
[2025-11-13T07:05:06.789Z] > git config --get commit.template [5207ms]
[2025-11-13T07:05:15.541Z] > git symbolic-ref --short HEAD [2ms]
[2025-11-13T07:05:15.565Z] > git for-each-ref --format=%(refname)%00%(upstream:short)%00%(objectname) refs/heads/main refs/remotes/main [2ms]
[2025-11-13T07:05:15.617Z] > git for-each-ref --sort -committerdate --format %(refname) %(objectname) %(*objectname) [34ms]
[2025-11-13T07:05:15.617Z] > git remote --verbose [2ms]
[2025-11-13T07:05:20.982Z] > git config --get commit.template [14ms]
[2025-11-13T07:05:26.087Z] > git symbolic-ref --short HEAD [2ms]
[2025-11-13T07:05:26.109Z] > git for-each-ref --format=%(refname)%00%(upstream:short)%00%(objectname) refs/heads/main refs/remotes/main [2ms]
[2025-11-13T07:05:26.163Z] > git for-each-ref --sort -committerdate --format %(refname) %(objectname) %(*objectname) [34ms]
[2025-11-13T07:05:26.163Z] > git remote --verbose [2ms]
[2025-11-13T07:05:31.494Z] > git config --get commit.template [9ms]
[2025-11-13T07:05:38.837Z] > git symbolic-ref --short HEAD [2ms]
[2025-11-13T07:05:38.858Z] > git for-each-ref --format=%(refname)%00%(upstream:short)%00%(objectname) refs/heads/main refs/remotes/main [3ms]
[2025-11-13T07:05:38.908Z] > git for-each-ref --sort -committerdate --format %(refname) %(objectname) %(*objectname) [32ms]
[2025-11-13T07:05:38.909Z] > git remote --verbose [3ms]
[2025-11-13T07:05:44.275Z] > git config --get commit.template [5213ms]
[2025-11-13T07:05:49.378Z] > git symbolic-ref --short HEAD [2ms]
[2025-11-13T07:05:49.399Z] > git for-each-ref --format=%(refname)%00%(upstream:short)%00%(objectname) refs/heads/main refs/remotes/main [2ms]
[2025-11-13T07:05:49.451Z] > git for-each-ref --sort -committerdate --format %(refname) %(objectname) %(*objectname) [33ms]
[2025-11-13T07:05:49.451Z] > git remote --verbose [2ms]
[2025-11-13T07:05:54.796Z] > git config --get commit.template [10ms]
[2025-11-13T07:05:59.975Z] > git symbolic-ref --short HEAD [2ms]
[2025-11-13T07:05:59.995Z] > git for-each-ref --format=%(refname)%00%(upstream:short)%00%(objectname) refs/heads/main refs/remotes/main [2ms]
[2025-11-13T07:06:00.045Z] > git for-each-ref --sort -committerdate --format %(refname) %(objectname) %(*objectname) [30ms]
[2025-11-13T07:06:00.046Z] > git remote --verbose [2ms]
[2025-11-13T07:06:05.399Z] > git config --get commit.template [5202ms]
[2025-11-13T07:06:10.504Z] > git symbolic-ref --short HEAD [1ms]
[2025-11-13T07:06:10.526Z] > git for-each-ref --format=%(refname)%00%(upstream:short)%00%(objectname) refs/heads/main refs/remotes/main [3ms]
[2025-11-13T07:06:10.583Z] > git for-each-ref --sort -committerdate --format %(refname) %(objectname) %(*objectname) [34ms]
[2025-11-13T07:06:10.584Z] > git remote --verbose [3ms]
[2025-11-13T07:06:15.970Z] > git config --get commit.template [5234ms]
[2025-11-13T07:06:21.072Z] > git symbolic-ref --short HEAD [2ms]
[2025-11-13T07:06:21.092Z] > git for-each-ref --format=%(refname)%00%(upstream:short)%00%(objectname) refs/heads/main refs/remotes/main [2ms]
[2025-11-13T07:06:21.139Z] > git for-each-ref --sort -committerdate --format %(refname) %(objectname) %(*objectname) [29ms]
[2025-11-13T07:06:21.140Z] > git remote --verbose [2ms]
[2025-11-13T07:06:26.485Z] > git config --get commit.template [17ms]
[2025-11-13T07:06:31.589Z] > git symbolic-ref --short HEAD [2ms]
[2025-11-13T07:06:31.610Z] > git for-each-ref --format=%(refname)%00%(upstream:short)%00%(objectname) refs/heads/main refs/remotes/main [2ms]
[2025-11-13T07:06:31.662Z] > git for-each-ref --sort -committerdate --format %(refname) %(objectname) %(*objectname) [33ms]
[2025-11-13T07:06:31.663Z] > git remote --verbose [3ms]
[2025-11-13T07:06:37.030Z] > git config --get commit.template [10ms]
[2025-11-13T07:06:42.131Z] > git symbolic-ref --short HEAD [2ms]
[2025-11-13T07:06:42.151Z] > git for-each-ref --format=%(refname)%00%(upstream:short)%00%(objectname) refs/heads/main refs/remotes/main [3ms]
[2025-11-13T07:06:42.198Z] > git for-each-ref --sort -committerdate --format %(refname) %(objectname) %(*objectname) [30ms]
[2025-11-13T07:06:42.199Z] > git remote --verbose [2ms]
[2025-11-13T07:06:47.573Z] > git config --get commit.template [5225ms]
[2025-11-13T07:07:14.649Z] > git symbolic-ref --short HEAD [2ms]
[2025-11-13T07:07:14.670Z] > git for-each-ref --format=%(refname)%00%(upstream:short)%00%(objectname) refs/heads/main refs/remotes/main [2ms]
[2025-11-13T07:07:14.722Z] > git for-each-ref --sort -committerdate --format %(refname) %(objectname) %(*objectname) [33ms]
[2025-11-13T07:07:14.722Z] > git remote --verbose [2ms]
[2025-11-13T07:07:20.270Z] > git config --get commit.template [19ms]
[2025-11-13T07:07:25.370Z] > git symbolic-ref --short HEAD [3ms]
[2025-11-13T07:07:25.388Z] > git for-each-ref --format=%(refname)%00%(upstream:short)%00%(objectname) refs/heads/main refs/remotes/main [4ms]
[2025-11-13T07:07:25.434Z] > git for-each-ref --sort -committerdate --format %(refname) %(objectname) %(*objectname) [28ms]
[2025-11-13T07:07:25.438Z] > git remote --verbose [5ms]
[2025-11-13T07:07:30.847Z] > git config --get commit.template [12ms]
[2025-11-13T07:07:38.012Z] > git symbolic-ref --short HEAD [2ms]
[2025-11-13T07:07:38.036Z] > git for-each-ref --format=%(refname)%00%(upstream:short)%00%(objectname) refs/heads/main refs/remotes/main [2ms]
[2025-11-13T07:07:38.097Z] > git for-each-ref --sort -committerdate --format %(refname) %(objectname) %(*objectname) [35ms]
[2025-11-13T07:07:38.098Z] > git remote --verbose [2ms]
[2025-11-13T07:07:43.470Z] > git config --get commit.template [5220ms]
[2025-11-13T07:07:57.183Z] > git symbolic-ref --short HEAD [2ms]
[2025-11-13T07:07:57.208Z] > git for-each-ref --format=%(refname)%00%(upstream:short)%00%(objectname) refs/heads/main refs/remotes/main [2ms]
[2025-11-13T07:07:57.270Z] > git for-each-ref --sort -committerdate --format %(refname) %(objectname) %(*objectname) [40ms]
[2025-11-13T07:07:57.270Z] > git remote --verbose [2ms]
[2025-11-13T07:08:02.617Z] > git config --get commit.template [12ms]
[2025-11-13T07:08:07.733Z] > git symbolic-ref --short HEAD [3ms]
[2025-11-13T07:08:07.760Z] > git for-each-ref --format=%(refname)%00%(upstream:short)%00%(objectname) refs/heads/main refs/remotes/main [3ms]
[2025-11-13T07:08:07.830Z] > git for-each-ref --sort -committerdate --format %(refname) %(objectname) %(*objectname) [45ms]
[2025-11-13T07:08:07.831Z] > git remote --verbose [2ms]
[2025-11-13T07:08:13.151Z] > git config --get commit.template [5175ms]
[2025-11-13T07:09:40.413Z] > git symbolic-ref --short HEAD [2ms]
[2025-11-13T07:09:40.427Z] > git for-each-ref --format=%(refname)%00%(upstream:short)%00%(objectname) refs/heads/main refs/remotes/main [2ms]
[2025-11-13T07:09:40.459Z] > git for-each-ref --sort -committerdate --format %(refname) %(objectname) %(*objectname) [20ms]
[2025-11-13T07:09:40.459Z] > git remote --verbose [2ms]
[2025-11-13T07:09:46.004Z] > git config --get commit.template [15ms]
[2025-11-13T07:09:51.103Z] > git symbolic-ref --short HEAD [2ms]
[2025-11-13T07:09:51.122Z] > git for-each-ref --format=%(refname)%00%(upstream:short)%00%(objectname) refs/heads/main refs/remotes/main [3ms]
[2025-11-13T07:09:51.166Z] > git for-each-ref --sort -committerdate --format %(refname) %(objectname) %(*objectname) [28ms]
[2025-11-13T07:09:51.167Z] > git remote --verbose [3ms]
[2025-11-13T07:09:56.608Z] > git config --get commit.template [12ms]
[2025-11-13T07:10:01.721Z] > git symbolic-ref --short HEAD [3ms]
[2025-11-13T07:10:01.749Z] > git for-each-ref --format=%(refname)%00%(upstream:short)%00%(objectname) refs/heads/main refs/remotes/main [2ms]
[2025-11-13T07:10:01.805Z] > git for-each-ref --sort -committerdate --format %(refname) %(objectname) %(*objectname) [35ms]
[2025-11-13T07:10:01.807Z] > git remote --verbose [4ms]
[2025-11-13T07:10:07.126Z] > git config --get commit.template [5168ms]
[2025-11-13T07:12:04.088Z] > git symbolic-ref --short HEAD [2ms]
[2025-11-13T07:12:04.102Z] > git for-each-ref --format=%(refname)%00%(upstream:short)%00%(objectname) refs/heads/main refs/remotes/main [3ms]
[2025-11-13T07:12:04.135Z] > git for-each-ref --sort -committerdate --format %(refname) %(objectname) %(*objectname) [22ms]
[2025-11-13T07:12:04.136Z] > git remote --verbose [5ms]
[2025-11-13T07:12:09.644Z] > git config --get commit.template [15ms]
[2025-11-13T07:12:14.746Z] > git symbolic-ref --short HEAD [1ms]
[2025-11-13T07:12:14.764Z] > git for-each-ref --format=%(refname)%00%(upstream:short)%00%(objectname) refs/heads/main refs/remotes/main [3ms]
[2025-11-13T07:12:14.805Z] > git for-each-ref --sort -committerdate --format %(refname) %(objectname) %(*objectname) [26ms]
[2025-11-13T07:12:14.806Z] > git remote --verbose [2ms]
[2025-11-13T07:12:20.262Z] > git config --get commit.template [12ms]
[2025-11-13T07:12:21.024Z] > git ls-files --stage -- /home/djuric/DataAnalysisHEP_venv/DataAnalysisHEP_venv/vjezbe5/zadatak1.py [3ms]
[2025-11-13T07:12:25.622Z] > git symbolic-ref --short HEAD [3ms]
[2025-11-13T07:12:25.648Z] > git for-each-ref --format=%(refname)%00%(upstream:short)%00%(objectname) refs/heads/main refs/remotes/main [6ms]
[2025-11-13T07:12:25.700Z] > git for-each-ref --sort -committerdate --format %(refname) %(objectname) %(*objectname) [26ms]
[2025-11-13T07:12:25.702Z] > git remote --verbose [6ms]
[2025-11-13T07:12:31.176Z] > git config --get commit.template [5240ms]
[2025-11-13T07:15:33.565Z] > git ls-files --stage -- /home/djuric/DataAnalysisHEP_venv/DataAnalysisHEP_venv/vjezbe5/zadatak1.py [3ms]
[2025-11-13T07:15:38.991Z] > git symbolic-ref --short HEAD [2ms]
[2025-11-13T07:15:39.005Z] > git for-each-ref --format=%(refname)%00%(upstream:short)%00%(objectname) refs/heads/main refs/remotes/main [2ms]
[2025-11-13T07:15:39.042Z] > git for-each-ref --sort -committerdate --format %(refname) %(objectname) %(*objectname) [23ms]
[2025-11-13T07:15:39.043Z] > git remote --verbose [3ms]
[2025-11-13T07:15:44.578Z] > git config --get commit.template [5384ms]
[2025-11-13T07:15:48.228Z] > git ls-files --stage -- /home/djuric/DataAnalysisHEP_venv/DataAnalysisHEP_venv/vjezbe5/zadatak1.py [3ms]
[2025-11-13T07:16:15.157Z] > git ls-files --stage -- /home/djuric/DataAnalysisHEP_venv/DataAnalysisHEP_venv/vjezbe5/zadatak2.py [3ms]
[2025-11-13T07:16:15.699Z] > git symbolic-ref --short HEAD [2ms]
[2025-11-13T07:16:15.719Z] > git for-each-ref --format=%(refname)%00%(upstream:short)%00%(objectname) refs/heads/main refs/remotes/main [2ms]
[2025-11-13T07:16:15.766Z] > git for-each-ref --sort -committerdate --format %(refname) %(objectname) %(*objectname) [29ms]
[2025-11-13T07:16:15.767Z] > git remote --verbose [2ms]
[2025-11-13T07:16:21.292Z] > git config --get commit.template [16ms]
[2025-11-13T07:16:30.701Z] > git symbolic-ref --short HEAD [2ms]
[2025-11-13T07:16:30.719Z] > git for-each-ref --format=%(refname)%00%(upstream:short)%00%(objectname) refs/heads/main refs/remotes/main [2ms]
[2025-11-13T07:16:30.763Z] > git for-each-ref --sort -committerdate --format %(refname) %(objectname) %(*objectname) [28ms]
[2025-11-13T07:16:30.764Z] > git remote --verbose [2ms]
[2025-11-13T07:16:36.184Z] > git config --get commit.template [12ms]
[2025-11-13T07:16:36.871Z] > git ls-files --stage -- /home/djuric/DataAnalysisHEP_venv/DataAnalysisHEP_venv/vjezbe5/zadatak1.py [3ms]
[2025-11-13T07:22:37.964Z] > git symbolic-ref --short HEAD [4ms]
[2025-11-13T07:22:37.978Z] > git for-each-ref --format=%(refname)%00%(upstream:short)%00%(objectname) refs/heads/main refs/remotes/main [3ms]
[2025-11-13T07:22:38.007Z] > git for-each-ref --sort -committerdate --format %(refname) %(objectname) %(*objectname) [18ms]
[2025-11-13T07:22:38.007Z] > git remote --verbose [2ms]
[2025-11-13T07:22:43.565Z] > git config --get commit.template [14ms]
[2025-11-13T07:23:27.793Z] > git symbolic-ref --short HEAD [1ms]
[2025-11-13T07:23:27.807Z] > git for-each-ref --format=%(refname)%00%(upstream:short)%00%(objectname) refs/heads/main refs/remotes/main [3ms]
[2025-11-13T07:23:27.835Z] > git for-each-ref --sort -committerdate --format %(refname) %(objectname) %(*objectname) [18ms]
[2025-11-13T07:23:27.836Z] > git remote --verbose [3ms]
[2025-11-13T07:23:33.404Z] > git config --get commit.template [15ms]
[2025-11-13T07:23:38.505Z] > git symbolic-ref --short HEAD [2ms]
[2025-11-13T07:23:38.525Z] > git for-each-ref --format=%(refname)%00%(upstream:short)%00%(objectname) refs/heads/main refs/remotes/main [3ms]
[2025-11-13T07:23:38.576Z] > git for-each-ref --sort -committerdate --format %(refname) %(objectname) %(*objectname) [32ms]
[2025-11-13T07:23:38.577Z] > git remote --verbose [3ms]
[2025-11-13T07:23:43.923Z] > git config --get commit.template [5198ms]
[2025-11-13T07:23:48.807Z] > git ls-files --stage -- /home/djuric/DataAnalysisHEP_venv/DataAnalysisHEP_venv/vjezbe5/zadaci.py [3ms]
[2025-11-13T07:23:49.026Z] > git symbolic-ref --short HEAD [2ms]
[2025-11-13T07:23:49.047Z] > git for-each-ref --format=%(refname)%00%(upstream:short)%00%(objectname) refs/heads/main refs/remotes/main [3ms]
[2025-11-13T07:23:49.097Z] > git for-each-ref --sort -committerdate --format %(refname) %(objectname) %(*objectname) [32ms]
[2025-11-13T07:23:49.098Z] > git remote --verbose [2ms]
[2025-11-13T07:23:54.451Z] > git config --get commit.template [10ms]
[2025-11-13T07:23:59.553Z] > git symbolic-ref --short HEAD [2ms]
[2025-11-13T07:23:59.573Z] > git for-each-ref --format=%(refname)%00%(upstream:short)%00%(objectname) refs/heads/main refs/remotes/main [2ms]
[2025-11-13T07:23:59.622Z] > git for-each-ref --sort -committerdate --format %(refname) %(objectname) %(*objectname) [31ms]
[2025-11-13T07:23:59.622Z] > git remote --verbose [2ms]
[2025-11-13T07:24:05.029Z] > git config --get commit.template [13ms]
[2025-11-13T07:25:13.133Z] > git symbolic-ref --short HEAD [2ms]
[2025-11-13T07:25:13.155Z] > git for-each-ref --format=%(refname)%00%(upstream:short)%00%(objectname) refs/heads/main refs/remotes/main [2ms]
[2025-11-13T07:25:13.207Z] > git for-each-ref --sort -committerdate --format %(refname) %(objectname) %(*objectname) [33ms]
[2025-11-13T07:25:13.207Z] > git remote --verbose [3ms]
[2025-11-13T07:25:18.757Z] > git config --get commit.template [16ms]
[2025-11-13T07:25:23.857Z] > git symbolic-ref --short HEAD [2ms]
[2025-11-13T07:25:23.876Z] > git for-each-ref --format=%(refname)%00%(upstream:short)%00%(objectname) refs/heads/main refs/remotes/main [3ms]
[2025-11-13T07:25:23.920Z] > git for-each-ref --sort -committerdate --format %(refname) %(objectname) %(*objectname) [28ms]
[2025-11-13T07:25:23.921Z] > git remote --verbose [3ms]
[2025-11-13T07:25:29.345Z] > git config --get commit.template [12ms]
[2025-11-13T07:25:54.420Z] > git symbolic-ref --short HEAD [2ms]
[2025-11-13T07:25:54.439Z] > git for-each-ref --format=%(refname)%00%(upstream:short)%00%(objectname) refs/heads/main refs/remotes/main [2ms]
[2025-11-13T07:25:54.484Z] > git for-each-ref --sort -committerdate --format %(refname) %(objectname) %(*objectname) [28ms]
[2025-11-13T07:25:54.484Z] > git remote --verbose [2ms]
[2025-11-13T07:25:59.993Z] > git config --get commit.template [15ms]
[2025-11-13T07:26:05.095Z] > git symbolic-ref --short HEAD [2ms]
[2025-11-13T07:26:05.115Z] > git for-each-ref --format=%(refname)%00%(upstream:short)%00%(objectname) refs/heads/main refs/remotes/main [2ms]
[2025-11-13T07:26:05.164Z] > git for-each-ref --sort -committerdate --format %(refname) %(objectname) %(*objectname) [31ms]
[2025-11-13T07:26:05.164Z] > git remote --verbose [2ms]
[2025-11-13T07:26:10.533Z] > git config --get commit.template [13ms]
[2025-11-13T07:26:15.642Z] > git symbolic-ref --short HEAD [4ms]
[2025-11-13T07:26:15.671Z] > git for-each-ref --format=%(refname)%00%(upstream:short)%00%(objectname) refs/heads/main refs/remotes/main [2ms]
[2025-11-13T07:26:15.730Z] > git for-each-ref --sort -committerdate --format %(refname) %(objectname) %(*objectname) [38ms]
[2025-11-13T07:26:15.731Z] > git remote --verbose [3ms]
[2025-11-13T07:26:21.065Z] > git config --get commit.template [5191ms]
[2025-11-13T07:26:26.670Z] > git symbolic-ref --short HEAD [2ms]
[2025-11-13T07:26:26.696Z] > git for-each-ref --format=%(refname)%00%(upstream:short)%00%(objectname) refs/heads/main refs/remotes/main [2ms]
[2025-11-13T07:26:26.763Z] > git for-each-ref --sort -committerdate --format %(refname) %(objectname) %(*objectname) [43ms]
[2025-11-13T07:26:26.764Z] > git remote --verbose [3ms]
[2025-11-13T07:26:32.097Z] > git config --get commit.template [5188ms]
[2025-11-13T07:27:16.401Z] > git symbolic-ref --short HEAD [2ms]
[2025-11-13T07:27:16.429Z] > git for-each-ref --format=%(refname)%00%(upstream:short)%00%(objectname) refs/heads/main refs/remotes/main [3ms]
[2025-11-13T07:27:16.490Z] > git for-each-ref --sort -committerdate --format %(refname) %(objectname) %(*objectname) [30ms]
[2025-11-13T07:27:16.490Z] > git remote --verbose [2ms]
[2025-11-13T07:27:22.143Z] > git config --get commit.template [15ms]
[2025-11-13T07:27:27.242Z] > git symbolic-ref --short HEAD [2ms]
[2025-11-13T07:27:27.260Z] > git for-each-ref --format=%(refname)%00%(upstream:short)%00%(objectname) refs/heads/main refs/remotes/main [2ms]
[2025-11-13T07:27:27.304Z] > git for-each-ref --sort -committerdate --format %(refname) %(objectname) %(*objectname) [27ms]
[2025-11-13T07:27:27.305Z] > git remote --verbose [3ms]
[2025-11-13T07:27:32.699Z] > git config --get commit.template [5237ms]
[2025-11-13T07:27:37.807Z] > git symbolic-ref --short HEAD [2ms]
[2025-11-13T07:27:37.829Z] > git for-each-ref --format=%(refname)%00%(upstream:short)%00%(objectname) refs/heads/main refs/remotes/main [2ms]
[2025-11-13T07:27:37.892Z] > git remote --verbose [5ms]
[2025-11-13T07:27:37.892Z] > git for-each-ref --sort -committerdate --format %(refname) %(objectname) %(*objectname) [39ms]
[2025-11-13T07:27:43.232Z] > git config --get commit.template [5192ms]
[2025-11-13T07:28:29.331Z] > git symbolic-ref --short HEAD [5ms]
[2025-11-13T07:28:29.364Z] > git for-each-ref --format=%(refname)%00%(upstream:short)%00%(objectname) refs/heads/main refs/remotes/main [5ms]
[2025-11-13T07:28:29.430Z] > git for-each-ref --sort -committerdate --format %(refname) %(objectname) %(*objectname) [36ms]
[2025-11-13T07:28:29.432Z] > git remote --verbose [6ms]
[2025-11-13T07:28:35.046Z] > git config --get commit.template [20ms]
[2025-11-13T07:28:40.146Z] > git symbolic-ref --short HEAD [2ms]
[2025-11-13T07:28:40.165Z] > git for-each-ref --format=%(refname)%00%(upstream:short)%00%(objectname) refs/heads/main refs/remotes/main [2ms]
[2025-11-13T07:28:40.209Z] > git for-each-ref --sort -committerdate --format %(refname) %(objectname) %(*objectname) [28ms]
[2025-11-13T07:28:40.210Z] > git remote --verbose [2ms]
[2025-11-13T07:28:45.573Z] > git config --get commit.template [13ms]
[2025-11-13T07:28:50.680Z] > git symbolic-ref --short HEAD [2ms]
[2025-11-13T07:28:50.701Z] > git for-each-ref --format=%(refname)%00%(upstream:short)%00%(objectname) refs/heads/main refs/remotes/main [2ms]
[2025-11-13T07:28:50.754Z] > git for-each-ref --sort -committerdate --format %(refname) %(objectname) %(*objectname) [33ms]
[2025-11-13T07:28:50.755Z] > git remote --verbose [3ms]
[2025-11-13T07:28:56.087Z] > git config --get commit.template [5188ms]
[2025-11-13T07:29:01.208Z] > git symbolic-ref --short HEAD [5ms]
[2025-11-13T07:29:01.233Z] > git for-each-ref --format=%(refname)%00%(upstream:short)%00%(objectname) refs/heads/main refs/remotes/main [3ms]
[2025-11-13T07:29:01.289Z] > git for-each-ref --sort -committerdate --format %(refname) %(objectname) %(*objectname) [33ms]
[2025-11-13T07:29:01.291Z] > git remote --verbose [5ms]
[2025-11-13T07:29:06.770Z] > git config --get commit.template [5248ms]
[2025-11-13T07:29:11.871Z] > git symbolic-ref --short HEAD [2ms]
[2025-11-13T07:29:11.895Z] > git for-each-ref --format=%(refname)%00%(upstream:short)%00%(objectname) refs/heads/main refs/remotes/main [2ms]
[2025-11-13T07:29:11.943Z] > git for-each-ref --sort -committerdate --format %(refname) %(objectname) %(*objectname) [30ms]
[2025-11-13T07:29:11.943Z] > git remote --verbose [2ms]
[2025-11-13T07:29:17.303Z] > git config --get commit.template [19ms]
[2025-11-13T07:29:22.407Z] > git symbolic-ref --short HEAD [1ms]
[2025-11-13T07:29:22.429Z] > git for-each-ref --format=%(refname)%00%(upstream:short)%00%(objectname) refs/heads/main refs/remotes/main [2ms]
[2025-11-13T07:29:22.485Z] > git remote --verbose [3ms]
[2025-11-13T07:29:22.486Z] > git for-each-ref --sort -committerdate --format %(refname) %(objectname) %(*objectname) [38ms]
[2025-11-13T07:29:27.887Z] > git config --get commit.template [10ms]
[2025-11-13T07:29:33.001Z] > git symbolic-ref --short HEAD [1ms]
[2025-11-13T07:29:33.025Z] > git for-each-ref --format=%(refname)%00%(upstream:short)%00%(objectname) refs/heads/main refs/remotes/main [2ms]
[2025-11-13T07:29:33.075Z] > git for-each-ref --sort -committerdate --format %(refname) %(objectname) %(*objectname) [32ms]
[2025-11-13T07:29:33.075Z] > git remote --verbose [2ms]
[2025-11-13T07:29:38.427Z] > git config --get commit.template [5201ms]
[2025-11-13T07:29:43.531Z] > git symbolic-ref --short HEAD [2ms]
[2025-11-13T07:29:43.557Z] > git for-each-ref --format=%(refname)%00%(upstream:short)%00%(objectname) refs/heads/main refs/remotes/main [2ms]
[2025-11-13T07:29:43.612Z] > git for-each-ref --sort -committerdate --format %(refname) %(objectname) %(*objectname) [36ms]
[2025-11-13T07:29:43.613Z] > git remote --verbose [3ms]
[2025-11-13T07:29:48.959Z] > git config --get commit.template [10ms]
[2025-11-13T07:29:54.061Z] > git symbolic-ref --short HEAD [2ms]
[2025-11-13T07:29:54.084Z] > git for-each-ref --format=%(refname)%00%(upstream:short)%00%(objectname) refs/heads/main refs/remotes/main [2ms]
[2025-11-13T07:29:54.133Z] > git for-each-ref --sort -committerdate --format %(refname) %(objectname) %(*objectname) [31ms]
[2025-11-13T07:29:54.134Z] > git remote --verbose [3ms]
[2025-11-13T07:29:59.506Z] > git config --get commit.template [5232ms]
[2025-11-13T07:30:04.614Z] > git symbolic-ref --short HEAD [2ms]
[2025-11-13T07:30:04.639Z] > git for-each-ref --format=%(refname)%00%(upstream:short)%00%(objectname) refs/heads/main refs/remotes/main [2ms]
[2025-11-13T07:30:04.692Z] > git for-each-ref --sort -committerdate --format %(refname) %(objectname) %(*objectname) [33ms]
[2025-11-13T07:30:04.692Z] > git remote --verbose [2ms]
[2025-11-13T07:30:10.082Z] > git config --get commit.template [5235ms]
[2025-11-13T07:30:15.185Z] > git symbolic-ref --short HEAD [2ms]
[2025-11-13T07:30:15.206Z] > git for-each-ref --format=%(refname)%00%(upstream:short)%00%(objectname) refs/heads/main refs/remotes/main [3ms]
[2025-11-13T07:30:15.255Z] > git for-each-ref --sort -committerdate --format %(refname) %(objectname) %(*objectname) [31ms]
[2025-11-13T07:30:15.255Z] > git remote --verbose [2ms]
[2025-11-13T07:30:20.630Z] > git config --get commit.template [5223ms]
[2025-11-13T07:30:27.955Z] > git symbolic-ref --short HEAD [1ms]
[2025-11-13T07:30:27.976Z] > git for-each-ref --format=%(refname)%00%(upstream:short)%00%(objectname) refs/heads/main refs/remotes/main [2ms]
[2025-11-13T07:30:28.028Z] > git for-each-ref --sort -committerdate --format %(refname) %(objectname) %(*objectname) [33ms]
[2025-11-13T07:30:28.029Z] > git remote --verbose [3ms]
[2025-11-13T07:30:33.431Z] > git config --get commit.template [14ms]
[2025-11-13T07:30:47.732Z] > git ls-files --stage -- /home/djuric/DataAnalysisHEP_venv/DataAnalysisHEP_venv/vjezbe2/zadatak1/root.py [4ms]
[2025-11-13T07:30:47.756Z] > git cat-file -s cbf1e23c6e4e083906f5d534e408339fa9ee066e [4ms]
[2025-11-13T07:30:48.688Z] > git ls-files --stage -- /home/djuric/DataAnalysisHEP_venv/DataAnalysisHEP_venv/vjezbe5/zadaci.py [3ms]
