[2026-01-06T17:44:39.125Z] Validating found git in: git
[2026-01-06T17:44:39.205Z] Using git 1.8.3.1 from git
[2026-01-06T17:44:39.341Z] > git rev-parse --git-dir [45ms]
[2026-01-06T17:44:39.354Z] Open repository: /home/djuric/DataAnalysisHEP_venv
[2026-01-06T17:44:39.516Z] > git symbolic-ref --short HEAD [3ms]
[2026-01-06T17:44:39.545Z] > git for-each-ref --format=%(refname)%00%(upstream:short)%00%(objectname) refs/heads/main refs/remotes/main [18ms]
[2026-01-06T17:44:39.575Z] > git remote --verbose [3ms]
[2026-01-06T17:44:39.576Z] > git for-each-ref --sort -committerdate --format %(refname) %(objectname) %(*objectname) [20ms]
[2026-01-06T17:44:39.600Z] > git config --get commit.template [7ms]
[2026-01-06T17:44:39.912Z] > git ls-files --stage -- /home/djuric/DataAnalysisHEP_venv/DataAnalysisHEP_venv/vjezbe5/zadaci.py [9ms]
[2026-01-06T17:44:40.204Z] > git cat-file -s e972afdf97daae5d312cb372f8406ea1f6dbe153 [281ms]
[2026-01-06T18:48:16.243Z] > git ls-files --stage -- /home/djuric/DataAnalysisHEP_venv/DataAnalysisHEP_venv/vjezbe2/zadatak1/root.py [9ms]
[2026-01-06T18:48:16.255Z] > git cat-file -s cbf1e23c6e4e083906f5d534e408339fa9ee066e [2ms]
[2026-01-06T19:23:58.426Z] > git symbolic-ref --short HEAD [2ms]
[2026-01-06T19:23:58.438Z] > git for-each-ref --format=%(refname)%00%(upstream:short)%00%(objectname) refs/heads/main refs/remotes/main [2ms]
[2026-01-06T19:23:58.467Z] > git for-each-ref --sort -committerdate --format %(refname) %(objectname) %(*objectname) [19ms]
[2026-01-06T19:23:58.469Z] > git remote --verbose [5ms]
[2026-01-06T19:23:58.485Z] > git config --get commit.template [2ms]
[2026-01-06T19:24:03.928Z] > git symbolic-ref --short HEAD [2ms]
[2026-01-06T19:24:03.942Z] > git for-each-ref --format=%(refname)%00%(upstream:short)%00%(objectname) refs/heads/main refs/remotes/main [3ms]
[2026-01-06T19:24:03.967Z] > git for-each-ref --sort -committerdate --format %(refname) %(objectname) %(*objectname) [15ms]
[2026-01-06T19:24:03.968Z] > git remote --verbose [3ms]
[2026-01-06T19:24:03.982Z] > git config --get commit.template [2ms]
[2026-01-06T19:24:09.082Z] > git symbolic-ref --short HEAD [2ms]
[2026-01-06T19:24:09.093Z] > git for-each-ref --format=%(refname)%00%(upstream:short)%00%(objectname) refs/heads/main refs/remotes/main [2ms]
[2026-01-06T19:24:09.115Z] > git for-each-ref --sort -committerdate --format %(refname) %(objectname) %(*objectname) [11ms]
[2026-01-06T19:24:09.116Z] > git remote --verbose [3ms]
[2026-01-06T19:24:09.129Z] > git config --get commit.template [2ms]
[2026-01-06T19:25:02.937Z] > git symbolic-ref --short HEAD [2ms]
[2026-01-06T19:25:02.952Z] > git for-each-ref --format=%(refname)%00%(upstream:short)%00%(objectname) refs/heads/main refs/remotes/main [2ms]
[2026-01-06T19:25:02.983Z] > git for-each-ref --sort -committerdate --format %(refname) %(objectname) %(*objectname) [18ms]
[2026-01-06T19:25:02.984Z] > git remote --verbose [3ms]
[2026-01-06T19:25:03.000Z] > git config --get commit.template [2ms]
[2026-01-06T19:25:08.099Z] > git symbolic-ref --short HEAD [2ms]
[2026-01-06T19:25:08.111Z] > git for-each-ref --format=%(refname)%00%(upstream:short)%00%(objectname) refs/heads/main refs/remotes/main [2ms]
[2026-01-06T19:25:08.137Z] > git for-each-ref --sort -committerdate --format %(refname) %(objectname) %(*objectname) [17ms]
[2026-01-06T19:25:08.140Z] > git remote --verbose [7ms]
[2026-01-06T19:25:08.158Z] > git config --get commit.template [2ms]
[2026-01-06T19:25:13.256Z] > git symbolic-ref --short HEAD [2ms]
[2026-01-06T19:25:13.271Z] > git for-each-ref --format=%(refname)%00%(upstream:short)%00%(objectname) refs/heads/main refs/remotes/main [5ms]
[2026-01-06T19:25:13.294Z] > git for-each-ref --sort -committerdate --format %(refname) %(objectname) %(*objectname) [12ms]
[2026-01-06T19:25:13.295Z] > git remote --verbose [2ms]
[2026-01-06T19:25:13.308Z] > git config --get commit.template [1ms]
[2026-01-06T19:25:18.406Z] > git symbolic-ref --short HEAD [2ms]
[2026-01-06T19:25:18.418Z] > git for-each-ref --format=%(refname)%00%(upstream:short)%00%(objectname) refs/heads/main refs/remotes/main [3ms]
[2026-01-06T19:25:18.442Z] > git for-each-ref --sort -committerdate --format %(refname) %(objectname) %(*objectname) [15ms]
[2026-01-06T19:25:18.443Z] > git remote --verbose [3ms]
[2026-01-06T19:25:18.458Z] > git config --get commit.template [2ms]
[2026-01-06T19:25:23.557Z] > git symbolic-ref --short HEAD [2ms]
[2026-01-06T19:25:23.568Z] > git for-each-ref --format=%(refname)%00%(upstream:short)%00%(objectname) refs/heads/main refs/remotes/main [2ms]
[2026-01-06T19:25:23.593Z] > git for-each-ref --sort -committerdate --format %(refname) %(objectname) %(*objectname) [15ms]
[2026-01-06T19:25:23.594Z] > git remote --verbose [3ms]
[2026-01-06T19:25:23.607Z] > git config --get commit.template [2ms]
[2026-01-06T19:25:29.135Z] > git symbolic-ref --short HEAD [2ms]
[2026-01-06T19:25:29.150Z] > git for-each-ref --format=%(refname)%00%(upstream:short)%00%(objectname) refs/heads/main refs/remotes/main [3ms]
[2026-01-06T19:25:29.179Z] > git for-each-ref --sort -committerdate --format %(refname) %(objectname) %(*objectname) [16ms]
[2026-01-06T19:25:29.180Z] > git remote --verbose [3ms]
[2026-01-06T19:25:29.193Z] > git config --get commit.template [2ms]
[2026-01-06T19:25:57.839Z] > git symbolic-ref --short HEAD [2ms]
[2026-01-06T19:25:57.849Z] > git for-each-ref --format=%(refname)%00%(upstream:short)%00%(objectname) refs/heads/main refs/remotes/main [3ms]
[2026-01-06T19:25:57.873Z] > git for-each-ref --sort -committerdate --format %(refname) %(objectname) %(*objectname) [15ms]
[2026-01-06T19:25:57.874Z] > git remote --verbose [3ms]
[2026-01-06T19:25:57.886Z] > git config --get commit.template [1ms]
[2026-01-06T19:26:06.914Z] > git symbolic-ref --short HEAD [1ms]
[2026-01-06T19:26:06.925Z] > git for-each-ref --format=%(refname)%00%(upstream:short)%00%(objectname) refs/heads/main refs/remotes/main [2ms]
[2026-01-06T19:26:06.950Z] > git for-each-ref --sort -committerdate --format %(refname) %(objectname) %(*objectname) [15ms]
[2026-01-06T19:26:06.951Z] > git remote --verbose [3ms]
[2026-01-06T19:26:06.964Z] > git config --get commit.template [1ms]
[2026-01-06T19:26:12.066Z] > git symbolic-ref --short HEAD [2ms]
[2026-01-06T19:26:12.080Z] > git for-each-ref --format=%(refname)%00%(upstream:short)%00%(objectname) refs/heads/main refs/remotes/main [3ms]
[2026-01-06T19:26:12.105Z] > git for-each-ref --sort -committerdate --format %(refname) %(objectname) %(*objectname) [16ms]
[2026-01-06T19:26:12.105Z] > git remote --verbose [2ms]
[2026-01-06T19:26:12.119Z] > git config --get commit.template [2ms]
[2026-01-06T19:26:17.222Z] > git symbolic-ref --short HEAD [2ms]
[2026-01-06T19:26:17.243Z] > git for-each-ref --format=%(refname)%00%(upstream:short)%00%(objectname) refs/heads/main refs/remotes/main [2ms]
[2026-01-06T19:26:17.269Z] > git for-each-ref --sort -committerdate --format %(refname) %(objectname) %(*objectname) [15ms]
[2026-01-06T19:26:17.270Z] > git remote --verbose [3ms]
[2026-01-06T19:26:17.283Z] > git config --get commit.template [1ms]
[2026-01-06T19:26:22.382Z] > git symbolic-ref --short HEAD [2ms]
[2026-01-06T19:26:22.394Z] > git for-each-ref --format=%(refname)%00%(upstream:short)%00%(objectname) refs/heads/main refs/remotes/main [3ms]
[2026-01-06T19:26:22.418Z] > git for-each-ref --sort -committerdate --format %(refname) %(objectname) %(*objectname) [15ms]
[2026-01-06T19:26:22.419Z] > git remote --verbose [3ms]
[2026-01-06T19:26:22.432Z] > git config --get commit.template [2ms]
[2026-01-06T19:26:27.531Z] > git symbolic-ref --short HEAD [2ms]
[2026-01-06T19:26:27.543Z] > git for-each-ref --format=%(refname)%00%(upstream:short)%00%(objectname) refs/heads/main refs/remotes/main [3ms]
[2026-01-06T19:26:27.570Z] > git for-each-ref --sort -committerdate --format %(refname) %(objectname) %(*objectname) [18ms]
[2026-01-06T19:26:27.570Z] > git remote --verbose [2ms]
[2026-01-06T19:26:27.583Z] > git config --get commit.template [1ms]
[2026-01-06T19:26:32.950Z] > git symbolic-ref --short HEAD [2ms]
[2026-01-06T19:26:32.965Z] > git for-each-ref --format=%(refname)%00%(upstream:short)%00%(objectname) refs/heads/main refs/remotes/main [3ms]
[2026-01-06T19:26:32.995Z] > git for-each-ref --sort -committerdate --format %(refname) %(objectname) %(*objectname) [17ms]
[2026-01-06T19:26:32.995Z] > git remote --verbose [2ms]
[2026-01-06T19:26:33.014Z] > git config --get commit.template [4ms]
[2026-01-06T19:26:38.112Z] > git symbolic-ref --short HEAD [2ms]
[2026-01-06T19:26:38.124Z] > git for-each-ref --format=%(refname)%00%(upstream:short)%00%(objectname) refs/heads/main refs/remotes/main [3ms]
[2026-01-06T19:26:38.151Z] > git for-each-ref --sort -committerdate --format %(refname) %(objectname) %(*objectname) [18ms]
[2026-01-06T19:26:38.152Z] > git remote --verbose [3ms]
[2026-01-06T19:26:38.169Z] > git config --get commit.template [2ms]
[2026-01-06T19:26:45.031Z] > git symbolic-ref --short HEAD [2ms]
[2026-01-06T19:26:45.043Z] > git for-each-ref --format=%(refname)%00%(upstream:short)%00%(objectname) refs/heads/main refs/remotes/main [3ms]
[2026-01-06T19:26:45.068Z] > git for-each-ref --sort -committerdate --format %(refname) %(objectname) %(*objectname) [15ms]
[2026-01-06T19:26:45.068Z] > git remote --verbose [2ms]
[2026-01-06T19:26:45.081Z] > git config --get commit.template [1ms]
[2026-01-06T19:26:50.181Z] > git symbolic-ref --short HEAD [3ms]
[2026-01-06T19:26:50.193Z] > git for-each-ref --format=%(refname)%00%(upstream:short)%00%(objectname) refs/heads/main refs/remotes/main [3ms]
[2026-01-06T19:26:50.220Z] > git for-each-ref --sort -committerdate --format %(refname) %(objectname) %(*objectname) [17ms]
[2026-01-06T19:26:50.221Z] > git remote --verbose [2ms]
[2026-01-06T19:26:50.234Z] > git config --get commit.template [2ms]
[2026-01-06T19:26:56.949Z] > git symbolic-ref --short HEAD [2ms]
[2026-01-06T19:26:56.961Z] > git for-each-ref --format=%(refname)%00%(upstream:short)%00%(objectname) refs/heads/main refs/remotes/main [2ms]
[2026-01-06T19:26:56.986Z] > git for-each-ref --sort -committerdate --format %(refname) %(objectname) %(*objectname) [15ms]
[2026-01-06T19:26:56.987Z] > git remote --verbose [3ms]
[2026-01-06T19:26:57.003Z] > git config --get commit.template [2ms]
[2026-01-06T19:27:02.149Z] > git symbolic-ref --short HEAD [2ms]
[2026-01-06T19:27:02.161Z] > git for-each-ref --format=%(refname)%00%(upstream:short)%00%(objectname) refs/heads/main refs/remotes/main [3ms]
[2026-01-06T19:27:02.186Z] > git for-each-ref --sort -committerdate --format %(refname) %(objectname) %(*objectname) [16ms]
[2026-01-06T19:27:02.186Z] > git remote --verbose [2ms]
[2026-01-06T19:27:02.201Z] > git config --get commit.template [3ms]
[2026-01-06T19:27:07.300Z] > git symbolic-ref --short HEAD [2ms]
[2026-01-06T19:27:07.312Z] > git for-each-ref --format=%(refname)%00%(upstream:short)%00%(objectname) refs/heads/main refs/remotes/main [3ms]
[2026-01-06T19:27:07.337Z] > git for-each-ref --sort -committerdate --format %(refname) %(objectname) %(*objectname) [16ms]
[2026-01-06T19:27:07.338Z] > git remote --verbose [3ms]
[2026-01-06T19:27:07.351Z] > git config --get commit.template [2ms]
[2026-01-06T19:27:40.670Z] > git symbolic-ref --short HEAD [2ms]
[2026-01-06T19:27:40.682Z] > git for-each-ref --format=%(refname)%00%(upstream:short)%00%(objectname) refs/heads/main refs/remotes/main [2ms]
[2026-01-06T19:27:40.708Z] > git for-each-ref --sort -committerdate --format %(refname) %(objectname) %(*objectname) [16ms]
[2026-01-06T19:27:40.709Z] > git remote --verbose [2ms]
[2026-01-06T19:27:40.722Z] > git config --get commit.template [2ms]
[2026-01-06T19:27:47.725Z] > git symbolic-ref --short HEAD [2ms]
[2026-01-06T19:27:47.737Z] > git for-each-ref --format=%(refname)%00%(upstream:short)%00%(objectname) refs/heads/main refs/remotes/main [3ms]
[2026-01-06T19:27:47.763Z] > git for-each-ref --sort -committerdate --format %(refname) %(objectname) %(*objectname) [15ms]
[2026-01-06T19:27:47.764Z] > git remote --verbose [3ms]
[2026-01-06T19:27:47.777Z] > git config --get commit.template [2ms]
[2026-01-06T19:27:53.034Z] > git symbolic-ref --short HEAD [1ms]
[2026-01-06T19:27:53.045Z] > git for-each-ref --format=%(refname)%00%(upstream:short)%00%(objectname) refs/heads/main refs/remotes/main [2ms]
[2026-01-06T19:27:53.071Z] > git for-each-ref --sort -committerdate --format %(refname) %(objectname) %(*objectname) [16ms]
[2026-01-06T19:27:53.071Z] > git remote --verbose [2ms]
[2026-01-06T19:27:53.087Z] > git config --get commit.template [2ms]
[2026-01-06T19:27:58.186Z] > git symbolic-ref --short HEAD [2ms]
[2026-01-06T19:27:58.198Z] > git for-each-ref --format=%(refname)%00%(upstream:short)%00%(objectname) refs/heads/main refs/remotes/main [2ms]
[2026-01-06T19:27:58.225Z] > git for-each-ref --sort -committerdate --format %(refname) %(objectname) %(*objectname) [15ms]
[2026-01-06T19:27:58.226Z] > git remote --verbose [2ms]
[2026-01-06T19:27:58.240Z] > git config --get commit.template [1ms]
[2026-01-06T19:28:03.339Z] > git symbolic-ref --short HEAD [2ms]
[2026-01-06T19:28:03.352Z] > git for-each-ref --format=%(refname)%00%(upstream:short)%00%(objectname) refs/heads/main refs/remotes/main [2ms]
[2026-01-06T19:28:03.380Z] > git for-each-ref --sort -committerdate --format %(refname) %(objectname) %(*objectname) [16ms]
[2026-01-06T19:28:03.380Z] > git remote --verbose [2ms]
[2026-01-06T19:28:03.394Z] > git config --get commit.template [1ms]
[2026-01-06T19:28:08.492Z] > git symbolic-ref --short HEAD [2ms]
[2026-01-06T19:28:08.504Z] > git for-each-ref --format=%(refname)%00%(upstream:short)%00%(objectname) refs/heads/main refs/remotes/main [3ms]
[2026-01-06T19:28:08.529Z] > git for-each-ref --sort -committerdate --format %(refname) %(objectname) %(*objectname) [15ms]
[2026-01-06T19:28:08.530Z] > git remote --verbose [3ms]
[2026-01-06T19:28:08.543Z] > git config --get commit.template [2ms]
[2026-01-06T19:28:13.644Z] > git symbolic-ref --short HEAD [2ms]
[2026-01-06T19:28:13.656Z] > git for-each-ref --format=%(refname)%00%(upstream:short)%00%(objectname) refs/heads/main refs/remotes/main [3ms]
[2026-01-06T19:28:13.681Z] > git for-each-ref --sort -committerdate --format %(refname) %(objectname) %(*objectname) [16ms]
[2026-01-06T19:28:13.681Z] > git remote --verbose [2ms]
[2026-01-06T19:28:13.695Z] > git config --get commit.template [2ms]
[2026-01-06T19:28:18.799Z] > git symbolic-ref --short HEAD [2ms]
[2026-01-06T19:28:18.811Z] > git for-each-ref --format=%(refname)%00%(upstream:short)%00%(objectname) refs/heads/main refs/remotes/main [2ms]
[2026-01-06T19:28:18.836Z] > git for-each-ref --sort -committerdate --format %(refname) %(objectname) %(*objectname) [15ms]
[2026-01-06T19:28:18.837Z] > git remote --verbose [2ms]
[2026-01-06T19:28:18.853Z] > git config --get commit.template [1ms]
[2026-01-06T19:28:23.965Z] > git symbolic-ref --short HEAD [2ms]
[2026-01-06T19:28:23.977Z] > git for-each-ref --format=%(refname)%00%(upstream:short)%00%(objectname) refs/heads/main refs/remotes/main [2ms]
[2026-01-06T19:28:24.003Z] > git for-each-ref --sort -committerdate --format %(refname) %(objectname) %(*objectname) [16ms]
[2026-01-06T19:28:24.005Z] > git remote --verbose [4ms]
[2026-01-06T19:28:24.018Z] > git config --get commit.template [2ms]
[2026-01-06T19:28:29.124Z] > git symbolic-ref --short HEAD [2ms]
[2026-01-06T19:28:29.137Z] > git for-each-ref --format=%(refname)%00%(upstream:short)%00%(objectname) refs/heads/main refs/remotes/main [3ms]
[2026-01-06T19:28:29.170Z] > git for-each-ref --sort -committerdate --format %(refname) %(objectname) %(*objectname) [20ms]
[2026-01-06T19:28:29.171Z] > git remote --verbose [3ms]
[2026-01-06T19:28:29.185Z] > git config --get commit.template [2ms]
[2026-01-06T19:28:34.645Z] > git symbolic-ref --short HEAD [2ms]
[2026-01-06T19:28:34.657Z] > git for-each-ref --format=%(refname)%00%(upstream:short)%00%(objectname) refs/heads/main refs/remotes/main [2ms]
[2026-01-06T19:28:34.683Z] > git for-each-ref --sort -committerdate --format %(refname) %(objectname) %(*objectname) [16ms]
[2026-01-06T19:28:34.683Z] > git remote --verbose [2ms]
[2026-01-06T19:28:34.699Z] > git config --get commit.template [2ms]
[2026-01-06T19:28:39.798Z] > git symbolic-ref --short HEAD [2ms]
[2026-01-06T19:28:39.810Z] > git for-each-ref --format=%(refname)%00%(upstream:short)%00%(objectname) refs/heads/main refs/remotes/main [3ms]
[2026-01-06T19:28:39.835Z] > git for-each-ref --sort -committerdate --format %(refname) %(objectname) %(*objectname) [15ms]
[2026-01-06T19:28:39.836Z] > git remote --verbose [2ms]
[2026-01-06T19:28:39.849Z] > git config --get commit.template [2ms]
[2026-01-06T19:28:44.952Z] > git symbolic-ref --short HEAD [1ms]
[2026-01-06T19:28:44.964Z] > git for-each-ref --format=%(refname)%00%(upstream:short)%00%(objectname) refs/heads/main refs/remotes/main [3ms]
[2026-01-06T19:28:44.989Z] > git for-each-ref --sort -committerdate --format %(refname) %(objectname) %(*objectname) [15ms]
[2026-01-06T19:28:44.990Z] > git remote --verbose [2ms]
[2026-01-06T19:28:45.003Z] > git config --get commit.template [1ms]
[2026-01-06T19:28:50.105Z] > git symbolic-ref --short HEAD [2ms]
[2026-01-06T19:28:50.119Z] > git for-each-ref --format=%(refname)%00%(upstream:short)%00%(objectname) refs/heads/main refs/remotes/main [2ms]
[2026-01-06T19:28:50.145Z] > git for-each-ref --sort -committerdate --format %(refname) %(objectname) %(*objectname) [16ms]
[2026-01-06T19:28:50.146Z] > git remote --verbose [3ms]
[2026-01-06T19:28:50.159Z] > git config --get commit.template [2ms]
[2026-01-06T19:28:55.260Z] > git symbolic-ref --short HEAD [2ms]
[2026-01-06T19:28:55.273Z] > git for-each-ref --format=%(refname)%00%(upstream:short)%00%(objectname) refs/heads/main refs/remotes/main [3ms]
[2026-01-06T19:28:55.306Z] > git for-each-ref --sort -committerdate --format %(refname) %(objectname) %(*objectname) [20ms]
[2026-01-06T19:28:55.307Z] > git remote --verbose [3ms]
[2026-01-06T19:28:55.322Z] > git config --get commit.template [3ms]
[2026-01-06T19:29:00.421Z] > git symbolic-ref --short HEAD [2ms]
[2026-01-06T19:29:00.433Z] > git for-each-ref --format=%(refname)%00%(upstream:short)%00%(objectname) refs/heads/main refs/remotes/main [2ms]
[2026-01-06T19:29:00.459Z] > git for-each-ref --sort -committerdate --format %(refname) %(objectname) %(*objectname) [16ms]
[2026-01-06T19:29:00.459Z] > git remote --verbose [2ms]
[2026-01-06T19:29:00.473Z] > git config --get commit.template [2ms]
[2026-01-06T19:29:05.571Z] > git symbolic-ref --short HEAD [2ms]
[2026-01-06T19:29:05.583Z] > git for-each-ref --format=%(refname)%00%(upstream:short)%00%(objectname) refs/heads/main refs/remotes/main [2ms]
[2026-01-06T19:29:05.609Z] > git for-each-ref --sort -committerdate --format %(refname) %(objectname) %(*objectname) [16ms]
[2026-01-06T19:29:05.609Z] > git remote --verbose [2ms]
[2026-01-06T19:29:05.622Z] > git config --get commit.template [1ms]
[2026-01-06T19:29:10.724Z] > git symbolic-ref --short HEAD [2ms]
[2026-01-06T19:29:10.736Z] > git for-each-ref --format=%(refname)%00%(upstream:short)%00%(objectname) refs/heads/main refs/remotes/main [2ms]
[2026-01-06T19:29:10.761Z] > git for-each-ref --sort -committerdate --format %(refname) %(objectname) %(*objectname) [15ms]
[2026-01-06T19:29:10.762Z] > git remote --verbose [2ms]
[2026-01-06T19:29:10.775Z] > git config --get commit.template [1ms]
[2026-01-06T19:29:15.876Z] > git symbolic-ref --short HEAD [1ms]
[2026-01-06T19:29:15.888Z] > git for-each-ref --format=%(refname)%00%(upstream:short)%00%(objectname) refs/heads/main refs/remotes/main [3ms]
[2026-01-06T19:29:15.913Z] > git for-each-ref --sort -committerdate --format %(refname) %(objectname) %(*objectname) [16ms]
[2026-01-06T19:29:15.914Z] > git remote --verbose [3ms]
[2026-01-06T19:29:15.927Z] > git config --get commit.template [2ms]
[2026-01-06T19:29:22.360Z] > git symbolic-ref --short HEAD [2ms]
[2026-01-06T19:29:22.372Z] > git for-each-ref --format=%(refname)%00%(upstream:short)%00%(objectname) refs/heads/main refs/remotes/main [3ms]
[2026-01-06T19:29:22.400Z] > git for-each-ref --sort -committerdate --format %(refname) %(objectname) %(*objectname) [16ms]
[2026-01-06T19:29:22.402Z] > git remote --verbose [4ms]
[2026-01-06T19:29:22.415Z] > git config --get commit.template [1ms]
[2026-01-06T19:29:33.230Z] > git symbolic-ref --short HEAD [2ms]
[2026-01-06T19:29:33.242Z] > git for-each-ref --format=%(refname)%00%(upstream:short)%00%(objectname) refs/heads/main refs/remotes/main [2ms]
[2026-01-06T19:29:33.272Z] > git for-each-ref --sort -committerdate --format %(refname) %(objectname) %(*objectname) [20ms]
[2026-01-06T19:29:33.274Z] > git remote --verbose [4ms]
[2026-01-06T19:29:33.287Z] > git config --get commit.template [1ms]
[2026-01-06T19:29:41.632Z] > git symbolic-ref --short HEAD [1ms]
[2026-01-06T19:29:41.647Z] > git for-each-ref --format=%(refname)%00%(upstream:short)%00%(objectname) refs/heads/main refs/remotes/main [3ms]
[2026-01-06T19:29:41.672Z] > git for-each-ref --sort -committerdate --format %(refname) %(objectname) %(*objectname) [15ms]
[2026-01-06T19:29:41.673Z] > git remote --verbose [3ms]
[2026-01-06T19:29:41.686Z] > git config --get commit.template [2ms]
[2026-01-06T19:29:47.586Z] > git symbolic-ref --short HEAD [2ms]
[2026-01-06T19:29:47.602Z] > git for-each-ref --format=%(refname)%00%(upstream:short)%00%(objectname) refs/heads/main refs/remotes/main [3ms]
[2026-01-06T19:29:47.634Z] > git for-each-ref --sort -committerdate --format %(refname) %(objectname) %(*objectname) [22ms]
[2026-01-06T19:29:47.635Z] > git remote --verbose [5ms]
[2026-01-06T19:29:47.652Z] > git config --get commit.template [2ms]
[2026-01-06T19:29:52.751Z] > git symbolic-ref --short HEAD [2ms]
[2026-01-06T19:29:52.763Z] > git for-each-ref --format=%(refname)%00%(upstream:short)%00%(objectname) refs/heads/main refs/remotes/main [2ms]
[2026-01-06T19:29:52.789Z] > git for-each-ref --sort -committerdate --format %(refname) %(objectname) %(*objectname) [16ms]
[2026-01-06T19:29:52.789Z] > git remote --verbose [2ms]
[2026-01-06T19:29:52.803Z] > git config --get commit.template [2ms]
[2026-01-06T19:29:57.902Z] > git symbolic-ref --short HEAD [2ms]
[2026-01-06T19:29:57.916Z] > git for-each-ref --format=%(refname)%00%(upstream:short)%00%(objectname) refs/heads/main refs/remotes/main [2ms]
[2026-01-06T19:29:57.943Z] > git for-each-ref --sort -committerdate --format %(refname) %(objectname) %(*objectname) [17ms]
[2026-01-06T19:29:57.944Z] > git remote --verbose [4ms]
[2026-01-06T19:29:57.957Z] > git config --get commit.template [1ms]
[2026-01-06T19:30:06.912Z] > git symbolic-ref --short HEAD [2ms]
[2026-01-06T19:30:06.924Z] > git for-each-ref --format=%(refname)%00%(upstream:short)%00%(objectname) refs/heads/main refs/remotes/main [2ms]
[2026-01-06T19:30:06.950Z] > git for-each-ref --sort -committerdate --format %(refname) %(objectname) %(*objectname) [16ms]
[2026-01-06T19:30:06.950Z] > git remote --verbose [2ms]
[2026-01-06T19:30:06.967Z] > git config --get commit.template [1ms]
[2026-01-06T19:30:12.067Z] > git symbolic-ref --short HEAD [2ms]
[2026-01-06T19:30:12.079Z] > git for-each-ref --format=%(refname)%00%(upstream:short)%00%(objectname) refs/heads/main refs/remotes/main [2ms]
[2026-01-06T19:30:12.107Z] > git for-each-ref --sort -committerdate --format %(refname) %(objectname) %(*objectname) [18ms]
[2026-01-06T19:30:12.108Z] > git remote --verbose [2ms]
[2026-01-06T19:30:12.121Z] > git config --get commit.template [2ms]
[2026-01-06T19:30:17.220Z] > git symbolic-ref --short HEAD [2ms]
[2026-01-06T19:30:17.232Z] > git for-each-ref --format=%(refname)%00%(upstream:short)%00%(objectname) refs/heads/main refs/remotes/main [2ms]
[2026-01-06T19:30:17.259Z] > git for-each-ref --sort -committerdate --format %(refname) %(objectname) %(*objectname) [17ms]
[2026-01-06T19:30:17.260Z] > git remote --verbose [4ms]
[2026-01-06T19:30:17.275Z] > git config --get commit.template [2ms]
[2026-01-06T19:30:22.374Z] > git symbolic-ref --short HEAD [2ms]
[2026-01-06T19:30:22.386Z] > git for-each-ref --format=%(refname)%00%(upstream:short)%00%(objectname) refs/heads/main refs/remotes/main [2ms]
[2026-01-06T19:30:22.412Z] > git for-each-ref --sort -committerdate --format %(refname) %(objectname) %(*objectname) [16ms]
[2026-01-06T19:30:22.414Z] > git remote --verbose [4ms]
[2026-01-06T19:30:22.427Z] > git config --get commit.template [2ms]
[2026-01-06T19:30:45.876Z] > git symbolic-ref --short HEAD [2ms]
[2026-01-06T19:30:45.888Z] > git for-each-ref --format=%(refname)%00%(upstream:short)%00%(objectname) refs/heads/main refs/remotes/main [3ms]
[2026-01-06T19:30:45.914Z] > git for-each-ref --sort -committerdate --format %(refname) %(objectname) %(*objectname) [16ms]
[2026-01-06T19:30:45.914Z] > git remote --verbose [2ms]
[2026-01-06T19:30:45.930Z] > git config --get commit.template [2ms]
[2026-01-06T19:30:51.029Z] > git symbolic-ref --short HEAD [2ms]
[2026-01-06T19:30:51.041Z] > git for-each-ref --format=%(refname)%00%(upstream:short)%00%(objectname) refs/heads/main refs/remotes/main [3ms]
[2026-01-06T19:30:51.069Z] > git for-each-ref --sort -committerdate --format %(refname) %(objectname) %(*objectname) [19ms]
[2026-01-06T19:30:51.069Z] > git remote --verbose [2ms]
[2026-01-06T19:30:51.082Z] > git config --get commit.template [1ms]
[2026-01-06T19:30:59.574Z] > git symbolic-ref --short HEAD [2ms]
[2026-01-06T19:30:59.586Z] > git for-each-ref --format=%(refname)%00%(upstream:short)%00%(objectname) refs/heads/main refs/remotes/main [2ms]
[2026-01-06T19:30:59.612Z] > git for-each-ref --sort -committerdate --format %(refname) %(objectname) %(*objectname) [16ms]
[2026-01-06T19:30:59.613Z] > git remote --verbose [3ms]
[2026-01-06T19:30:59.626Z] > git config --get commit.template [2ms]
[2026-01-06T19:31:04.724Z] > git symbolic-ref --short HEAD [2ms]
[2026-01-06T19:31:04.736Z] > git for-each-ref --format=%(refname)%00%(upstream:short)%00%(objectname) refs/heads/main refs/remotes/main [2ms]
[2026-01-06T19:31:04.761Z] > git for-each-ref --sort -committerdate --format %(refname) %(objectname) %(*objectname) [16ms]
[2026-01-06T19:31:04.762Z] > git remote --verbose [3ms]
[2026-01-06T19:31:04.775Z] > git config --get commit.template [2ms]
[2026-01-06T19:31:09.874Z] > git symbolic-ref --short HEAD [2ms]
[2026-01-06T19:31:09.886Z] > git for-each-ref --format=%(refname)%00%(upstream:short)%00%(objectname) refs/heads/main refs/remotes/main [2ms]
[2026-01-06T19:31:09.912Z] > git for-each-ref --sort -committerdate --format %(refname) %(objectname) %(*objectname) [16ms]
[2026-01-06T19:31:09.913Z] > git remote --verbose [3ms]
[2026-01-06T19:31:09.928Z] > git config --get commit.template [2ms]
[2026-01-06T19:31:15.027Z] > git symbolic-ref --short HEAD [2ms]
[2026-01-06T19:31:15.041Z] > git for-each-ref --format=%(refname)%00%(upstream:short)%00%(objectname) refs/heads/main refs/remotes/main [2ms]
[2026-01-06T19:31:15.067Z] > git for-each-ref --sort -committerdate --format %(refname) %(objectname) %(*objectname) [15ms]
[2026-01-06T19:31:15.067Z] > git remote --verbose [2ms]
[2026-01-06T19:31:15.080Z] > git config --get commit.template [2ms]
[2026-01-06T19:31:20.178Z] > git symbolic-ref --short HEAD [2ms]
[2026-01-06T19:31:20.190Z] > git for-each-ref --format=%(refname)%00%(upstream:short)%00%(objectname) refs/heads/main refs/remotes/main [2ms]
[2026-01-06T19:31:20.216Z] > git for-each-ref --sort -committerdate --format %(refname) %(objectname) %(*objectname) [16ms]
[2026-01-06T19:31:20.216Z] > git remote --verbose [2ms]
[2026-01-06T19:31:20.229Z] > git config --get commit.template [1ms]
[2026-01-06T19:31:25.328Z] > git symbolic-ref --short HEAD [2ms]
[2026-01-06T19:31:25.340Z] > git for-each-ref --format=%(refname)%00%(upstream:short)%00%(objectname) refs/heads/main refs/remotes/main [3ms]
[2026-01-06T19:31:25.367Z] > git for-each-ref --sort -committerdate --format %(refname) %(objectname) %(*objectname) [18ms]
[2026-01-06T19:31:25.368Z] > git remote --verbose [2ms]
[2026-01-06T19:31:25.382Z] > git config --get commit.template [2ms]
[2026-01-06T19:31:30.480Z] > git symbolic-ref --short HEAD [2ms]
[2026-01-06T19:31:30.492Z] > git for-each-ref --format=%(refname)%00%(upstream:short)%00%(objectname) refs/heads/main refs/remotes/main [2ms]
[2026-01-06T19:31:30.521Z] > git for-each-ref --sort -committerdate --format %(refname) %(objectname) %(*objectname) [16ms]
[2026-01-06T19:31:30.521Z] > git remote --verbose [2ms]
[2026-01-06T19:31:30.535Z] > git config --get commit.template [2ms]
[2026-01-06T19:37:00.740Z] > git symbolic-ref --short HEAD [2ms]
[2026-01-06T19:37:00.753Z] > git for-each-ref --format=%(refname)%00%(upstream:short)%00%(objectname) refs/heads/main refs/remotes/main [3ms]
[2026-01-06T19:37:00.779Z] > git for-each-ref --sort -committerdate --format %(refname) %(objectname) %(*objectname) [17ms]
[2026-01-06T19:37:00.780Z] > git remote --verbose [3ms]
[2026-01-06T19:37:00.793Z] > git config --get commit.template [2ms]
[2026-01-06T19:37:06.614Z] > git symbolic-ref --short HEAD [1ms]
[2026-01-06T19:37:06.626Z] > git for-each-ref --format=%(refname)%00%(upstream:short)%00%(objectname) refs/heads/main refs/remotes/main [2ms]
[2026-01-06T19:37:06.653Z] > git for-each-ref --sort -committerdate --format %(refname) %(objectname) %(*objectname) [16ms]
[2026-01-06T19:37:06.654Z] > git remote --verbose [3ms]
[2026-01-06T19:37:06.668Z] > git config --get commit.template [1ms]
[2026-01-06T19:37:12.669Z] > git symbolic-ref --short HEAD [2ms]
[2026-01-06T19:37:12.681Z] > git for-each-ref --format=%(refname)%00%(upstream:short)%00%(objectname) refs/heads/main refs/remotes/main [2ms]
[2026-01-06T19:37:12.707Z] > git for-each-ref --sort -committerdate --format %(refname) %(objectname) %(*objectname) [16ms]
[2026-01-06T19:37:12.707Z] > git remote --verbose [2ms]
[2026-01-06T19:37:12.720Z] > git config --get commit.template [1ms]
[2026-01-06T19:37:17.819Z] > git symbolic-ref --short HEAD [2ms]
[2026-01-06T19:37:17.831Z] > git for-each-ref --format=%(refname)%00%(upstream:short)%00%(objectname) refs/heads/main refs/remotes/main [2ms]
[2026-01-06T19:37:17.858Z] > git for-each-ref --sort -committerdate --format %(refname) %(objectname) %(*objectname) [17ms]
[2026-01-06T19:37:17.859Z] > git remote --verbose [4ms]
[2026-01-06T19:37:17.872Z] > git config --get commit.template [2ms]
[2026-01-06T19:37:22.975Z] > git symbolic-ref --short HEAD [2ms]
[2026-01-06T19:37:22.987Z] > git for-each-ref --format=%(refname)%00%(upstream:short)%00%(objectname) refs/heads/main refs/remotes/main [3ms]
[2026-01-06T19:37:23.015Z] > git for-each-ref --sort -committerdate --format %(refname) %(objectname) %(*objectname) [18ms]
[2026-01-06T19:37:23.015Z] > git remote --verbose [2ms]
[2026-01-06T19:37:23.029Z] > git config --get commit.template [2ms]
[2026-01-06T19:37:28.141Z] > git symbolic-ref --short HEAD [2ms]
[2026-01-06T19:37:28.153Z] > git for-each-ref --format=%(refname)%00%(upstream:short)%00%(objectname) refs/heads/main refs/remotes/main [3ms]
[2026-01-06T19:37:28.179Z] > git for-each-ref --sort -committerdate --format %(refname) %(objectname) %(*objectname) [16ms]
[2026-01-06T19:37:28.180Z] > git remote --verbose [3ms]
[2026-01-06T19:37:28.193Z] > git config --get commit.template [2ms]
[2026-01-06T19:37:33.298Z] > git symbolic-ref --short HEAD [2ms]
[2026-01-06T19:37:33.311Z] > git for-each-ref --format=%(refname)%00%(upstream:short)%00%(objectname) refs/heads/main refs/remotes/main [3ms]
[2026-01-06T19:37:33.344Z] > git for-each-ref --sort -committerdate --format %(refname) %(objectname) %(*objectname) [20ms]
[2026-01-06T19:37:33.346Z] > git remote --verbose [4ms]
[2026-01-06T19:37:33.361Z] > git config --get commit.template [2ms]
[2026-01-06T19:37:38.460Z] > git symbolic-ref --short HEAD [2ms]
[2026-01-06T19:37:38.472Z] > git for-each-ref --format=%(refname)%00%(upstream:short)%00%(objectname) refs/heads/main refs/remotes/main [2ms]
[2026-01-06T19:37:38.498Z] > git for-each-ref --sort -committerdate --format %(refname) %(objectname) %(*objectname) [16ms]
[2026-01-06T19:37:38.499Z] > git remote --verbose [3ms]
[2026-01-06T19:37:38.514Z] > git config --get commit.template [2ms]
[2026-01-06T19:37:43.616Z] > git symbolic-ref --short HEAD [2ms]
[2026-01-06T19:37:43.627Z] > git for-each-ref --format=%(refname)%00%(upstream:short)%00%(objectname) refs/heads/main refs/remotes/main [2ms]
[2026-01-06T19:37:43.653Z] > git for-each-ref --sort -committerdate --format %(refname) %(objectname) %(*objectname) [16ms]
[2026-01-06T19:37:43.653Z] > git remote --verbose [2ms]
[2026-01-06T19:37:43.667Z] > git config --get commit.template [2ms]
[2026-01-06T19:37:48.766Z] > git symbolic-ref --short HEAD [1ms]
[2026-01-06T19:37:48.778Z] > git for-each-ref --format=%(refname)%00%(upstream:short)%00%(objectname) refs/heads/main refs/remotes/main [2ms]
[2026-01-06T19:37:48.806Z] > git for-each-ref --sort -committerdate --format %(refname) %(objectname) %(*objectname) [18ms]
[2026-01-06T19:37:48.807Z] > git remote --verbose [4ms]
[2026-01-06T19:37:48.820Z] > git config --get commit.template [2ms]
[2026-01-06T20:05:40.779Z] > git symbolic-ref --short HEAD [2ms]
[2026-01-06T20:05:40.791Z] > git for-each-ref --format=%(refname)%00%(upstream:short)%00%(objectname) refs/heads/main refs/remotes/main [2ms]
[2026-01-06T20:05:40.816Z] > git for-each-ref --sort -committerdate --format %(refname) %(objectname) %(*objectname) [15ms]
[2026-01-06T20:05:40.817Z] > git remote --verbose [2ms]
[2026-01-06T20:05:40.830Z] > git config --get commit.template [2ms]
[2026-01-06T20:08:53.207Z] > git symbolic-ref --short HEAD [2ms]
[2026-01-06T20:08:53.219Z] > git for-each-ref --format=%(refname)%00%(upstream:short)%00%(objectname) refs/heads/main refs/remotes/main [3ms]
[2026-01-06T20:08:53.245Z] > git for-each-ref --sort -committerdate --format %(refname) %(objectname) %(*objectname) [17ms]
[2026-01-06T20:08:53.246Z] > git remote --verbose [4ms]
[2026-01-06T20:08:53.259Z] > git config --get commit.template [2ms]
[2026-01-06T20:09:03.459Z] > git symbolic-ref --short HEAD [2ms]
[2026-01-06T20:09:03.471Z] > git for-each-ref --format=%(refname)%00%(upstream:short)%00%(objectname) refs/heads/main refs/remotes/main [3ms]
[2026-01-06T20:09:03.496Z] > git for-each-ref --sort -committerdate --format %(refname) %(objectname) %(*objectname) [16ms]
[2026-01-06T20:09:03.496Z] > git remote --verbose [2ms]
[2026-01-06T20:09:03.509Z] > git config --get commit.template [1ms]
[2026-01-06T20:09:23.929Z] > git symbolic-ref --short HEAD [2ms]
[2026-01-06T20:09:23.941Z] > git for-each-ref --format=%(refname)%00%(upstream:short)%00%(objectname) refs/heads/main refs/remotes/main [3ms]
[2026-01-06T20:09:23.966Z] > git for-each-ref --sort -committerdate --format %(refname) %(objectname) %(*objectname) [16ms]
[2026-01-06T20:09:23.966Z] > git remote --verbose [2ms]
[2026-01-06T20:09:23.979Z] > git config --get commit.template [1ms]
[2026-01-06T20:09:29.078Z] > git symbolic-ref --short HEAD [2ms]
[2026-01-06T20:09:29.090Z] > git for-each-ref --format=%(refname)%00%(upstream:short)%00%(objectname) refs/heads/main refs/remotes/main [2ms]
[2026-01-06T20:09:29.117Z] > git for-each-ref --sort -committerdate --format %(refname) %(objectname) %(*objectname) [17ms]
[2026-01-06T20:09:29.118Z] > git remote --verbose [3ms]
[2026-01-06T20:09:29.131Z] > git config --get commit.template [2ms]
[2026-01-06T20:09:34.230Z] > git symbolic-ref --short HEAD [2ms]
[2026-01-06T20:09:34.242Z] > git for-each-ref --format=%(refname)%00%(upstream:short)%00%(objectname) refs/heads/main refs/remotes/main [3ms]
[2026-01-06T20:09:34.267Z] > git for-each-ref --sort -committerdate --format %(refname) %(objectname) %(*objectname) [16ms]
[2026-01-06T20:09:34.268Z] > git remote --verbose [2ms]
[2026-01-06T20:09:34.280Z] > git config --get commit.template [1ms]
[2026-01-06T20:09:39.379Z] > git symbolic-ref --short HEAD [2ms]
[2026-01-06T20:09:39.391Z] > git for-each-ref --format=%(refname)%00%(upstream:short)%00%(objectname) refs/heads/main refs/remotes/main [3ms]
[2026-01-06T20:09:39.416Z] > git for-each-ref --sort -committerdate --format %(refname) %(objectname) %(*objectname) [16ms]
[2026-01-06T20:09:39.417Z] > git remote --verbose [3ms]
[2026-01-06T20:09:39.431Z] > git config --get commit.template [3ms]
[2026-01-06T20:09:45.737Z] > git symbolic-ref --short HEAD [2ms]
[2026-01-06T20:09:45.749Z] > git for-each-ref --format=%(refname)%00%(upstream:short)%00%(objectname) refs/heads/main refs/remotes/main [3ms]
[2026-01-06T20:09:45.774Z] > git for-each-ref --sort -committerdate --format %(refname) %(objectname) %(*objectname) [16ms]
[2026-01-06T20:09:45.775Z] > git remote --verbose [3ms]
[2026-01-06T20:09:45.790Z] > git config --get commit.template [2ms]
[2026-01-06T20:10:00.252Z] > git symbolic-ref --short HEAD [2ms]
[2026-01-06T20:10:00.266Z] > git for-each-ref --format=%(refname)%00%(upstream:short)%00%(objectname) refs/heads/main refs/remotes/main [3ms]
[2026-01-06T20:10:00.293Z] > git for-each-ref --sort -committerdate --format %(refname) %(objectname) %(*objectname) [16ms]
[2026-01-06T20:10:00.293Z] > git remote --verbose [2ms]
[2026-01-06T20:10:00.306Z] > git config --get commit.template [2ms]
[2026-01-06T20:10:05.967Z] > git symbolic-ref --short HEAD [2ms]
[2026-01-06T20:10:05.978Z] > git for-each-ref --format=%(refname)%00%(upstream:short)%00%(objectname) refs/heads/main refs/remotes/main [2ms]
[2026-01-06T20:10:06.012Z] > git for-each-ref --sort -committerdate --format %(refname) %(objectname) %(*objectname) [20ms]
[2026-01-06T20:10:06.013Z] > git remote --verbose [2ms]
[2026-01-06T20:10:06.027Z] > git config --get commit.template [2ms]
[2026-01-06T20:10:11.127Z] > git symbolic-ref --short HEAD [3ms]
[2026-01-06T20:10:11.139Z] > git for-each-ref --format=%(refname)%00%(upstream:short)%00%(objectname) refs/heads/main refs/remotes/main [2ms]
[2026-01-06T20:10:11.165Z] > git for-each-ref --sort -committerdate --format %(refname) %(objectname) %(*objectname) [15ms]
[2026-01-06T20:10:11.165Z] > git remote --verbose [2ms]
[2026-01-06T20:10:11.178Z] > git config --get commit.template [2ms]
[2026-01-06T20:10:18.357Z] > git symbolic-ref --short HEAD [2ms]
[2026-01-06T20:10:18.369Z] > git for-each-ref --format=%(refname)%00%(upstream:short)%00%(objectname) refs/heads/main refs/remotes/main [3ms]
[2026-01-06T20:10:18.394Z] > git for-each-ref --sort -committerdate --format %(refname) %(objectname) %(*objectname) [16ms]
[2026-01-06T20:10:18.395Z] > git remote --verbose [3ms]
[2026-01-06T20:10:18.410Z] > git config --get commit.template [2ms]
[2026-01-06T20:10:23.509Z] > git symbolic-ref --short HEAD [2ms]
[2026-01-06T20:10:23.521Z] > git for-each-ref --format=%(refname)%00%(upstream:short)%00%(objectname) refs/heads/main refs/remotes/main [2ms]
[2026-01-06T20:10:23.546Z] > git for-each-ref --sort -committerdate --format %(refname) %(objectname) %(*objectname) [15ms]
[2026-01-06T20:10:23.547Z] > git remote --verbose [2ms]
[2026-01-06T20:10:23.561Z] > git config --get commit.template [3ms]
[2026-01-06T20:10:28.658Z] > git symbolic-ref --short HEAD [2ms]
[2026-01-06T20:10:28.674Z] > git for-each-ref --format=%(refname)%00%(upstream:short)%00%(objectname) refs/heads/main refs/remotes/main [1ms]
[2026-01-06T20:10:28.703Z] > git for-each-ref --sort -committerdate --format %(refname) %(objectname) %(*objectname) [18ms]
[2026-01-06T20:10:28.703Z] > git remote --verbose [2ms]
[2026-01-06T20:10:28.717Z] > git config --get commit.template [2ms]
[2026-01-06T20:10:33.818Z] > git symbolic-ref --short HEAD [2ms]
[2026-01-06T20:10:33.832Z] > git for-each-ref --format=%(refname)%00%(upstream:short)%00%(objectname) refs/heads/main refs/remotes/main [2ms]
[2026-01-06T20:10:33.856Z] > git for-each-ref --sort -committerdate --format %(refname) %(objectname) %(*objectname) [14ms]
[2026-01-06T20:10:33.857Z] > git remote --verbose [2ms]
[2026-01-06T20:10:33.870Z] > git config --get commit.template [2ms]
[2026-01-06T20:10:49.147Z] > git symbolic-ref --short HEAD [2ms]
[2026-01-06T20:10:49.159Z] > git for-each-ref --format=%(refname)%00%(upstream:short)%00%(objectname) refs/heads/main refs/remotes/main [2ms]
[2026-01-06T20:10:49.184Z] > git for-each-ref --sort -committerdate --format %(refname) %(objectname) %(*objectname) [15ms]
[2026-01-06T20:10:49.185Z] > git remote --verbose [2ms]
[2026-01-06T20:10:49.198Z] > git config --get commit.template [2ms]
[2026-01-06T20:10:54.297Z] > git symbolic-ref --short HEAD [2ms]
[2026-01-06T20:10:54.309Z] > git for-each-ref --format=%(refname)%00%(upstream:short)%00%(objectname) refs/heads/main refs/remotes/main [2ms]
[2026-01-06T20:10:54.332Z] > git for-each-ref --sort -committerdate --format %(refname) %(objectname) %(*objectname) [13ms]
[2026-01-06T20:10:54.332Z] > git remote --verbose [2ms]
[2026-01-06T20:10:54.345Z] > git config --get commit.template [2ms]
[2026-01-06T20:10:59.449Z] > git symbolic-ref --short HEAD [2ms]
[2026-01-06T20:10:59.463Z] > git for-each-ref --format=%(refname)%00%(upstream:short)%00%(objectname) refs/heads/main refs/remotes/main [3ms]
[2026-01-06T20:10:59.488Z] > git for-each-ref --sort -committerdate --format %(refname) %(objectname) %(*objectname) [16ms]
[2026-01-06T20:10:59.489Z] > git remote --verbose [3ms]
[2026-01-06T20:10:59.502Z] > git config --get commit.template [1ms]
[2026-01-06T20:11:04.612Z] > git symbolic-ref --short HEAD [3ms]
[2026-01-06T20:11:04.628Z] > git for-each-ref --format=%(refname)%00%(upstream:short)%00%(objectname) refs/heads/main refs/remotes/main [3ms]
[2026-01-06T20:11:04.658Z] > git for-each-ref --sort -committerdate --format %(refname) %(objectname) %(*objectname) [17ms]
[2026-01-06T20:11:04.659Z] > git remote --verbose [3ms]
[2026-01-06T20:11:04.677Z] > git config --get commit.template [2ms]
[2026-01-06T20:11:09.781Z] > git symbolic-ref --short HEAD [2ms]
[2026-01-06T20:11:09.793Z] > git for-each-ref --format=%(refname)%00%(upstream:short)%00%(objectname) refs/heads/main refs/remotes/main [3ms]
[2026-01-06T20:11:09.819Z] > git for-each-ref --sort -committerdate --format %(refname) %(objectname) %(*objectname) [16ms]
[2026-01-06T20:11:09.819Z] > git remote --verbose [2ms]
[2026-01-06T20:11:09.835Z] > git config --get commit.template [2ms]
[2026-01-06T20:11:14.935Z] > git symbolic-ref --short HEAD [3ms]
[2026-01-06T20:11:14.947Z] > git for-each-ref --format=%(refname)%00%(upstream:short)%00%(objectname) refs/heads/main refs/remotes/main [3ms]
[2026-01-06T20:11:14.972Z] > git for-each-ref --sort -committerdate --format %(refname) %(objectname) %(*objectname) [16ms]
[2026-01-06T20:11:14.973Z] > git remote --verbose [2ms]
[2026-01-06T20:11:14.988Z] > git config --get commit.template [2ms]
[2026-01-06T20:11:37.400Z] > git symbolic-ref --short HEAD [2ms]
[2026-01-06T20:11:37.414Z] > git for-each-ref --format=%(refname)%00%(upstream:short)%00%(objectname) refs/heads/main refs/remotes/main [2ms]
[2026-01-06T20:11:37.439Z] > git for-each-ref --sort -committerdate --format %(refname) %(objectname) %(*objectname) [16ms]
[2026-01-06T20:11:37.440Z] > git remote --verbose [2ms]
[2026-01-06T20:11:37.453Z] > git config --get commit.template [1ms]
[2026-01-06T20:12:13.788Z] > git symbolic-ref --short HEAD [2ms]
[2026-01-06T20:12:13.801Z] > git for-each-ref --format=%(refname)%00%(upstream:short)%00%(objectname) refs/heads/main refs/remotes/main [3ms]
[2026-01-06T20:12:13.827Z] > git for-each-ref --sort -committerdate --format %(refname) %(objectname) %(*objectname) [17ms]
[2026-01-06T20:12:13.827Z] > git remote --verbose [2ms]
[2026-01-06T20:12:13.843Z] > git config --get commit.template [2ms]
[2026-01-06T20:12:21.347Z] > git symbolic-ref --short HEAD [2ms]
[2026-01-06T20:12:21.359Z] > git for-each-ref --format=%(refname)%00%(upstream:short)%00%(objectname) refs/heads/main refs/remotes/main [3ms]
[2026-01-06T20:12:21.384Z] > git for-each-ref --sort -committerdate --format %(refname) %(objectname) %(*objectname) [15ms]
[2026-01-06T20:12:21.385Z] > git remote --verbose [2ms]
[2026-01-06T20:12:21.398Z] > git config --get commit.template [2ms]
[2026-01-06T20:12:37.355Z] > git symbolic-ref --short HEAD [3ms]
[2026-01-06T20:12:37.369Z] > git for-each-ref --format=%(refname)%00%(upstream:short)%00%(objectname) refs/heads/main refs/remotes/main [2ms]
[2026-01-06T20:12:37.397Z] > git for-each-ref --sort -committerdate --format %(refname) %(objectname) %(*objectname) [18ms]
[2026-01-06T20:12:37.398Z] > git remote --verbose [5ms]
[2026-01-06T20:12:37.413Z] > git config --get commit.template [1ms]
[2026-01-06T20:12:50.854Z] > git symbolic-ref --short HEAD [2ms]
[2026-01-06T20:12:50.866Z] > git for-each-ref --format=%(refname)%00%(upstream:short)%00%(objectname) refs/heads/main refs/remotes/main [3ms]
[2026-01-06T20:12:50.892Z] > git for-each-ref --sort -committerdate --format %(refname) %(objectname) %(*objectname) [16ms]
[2026-01-06T20:12:50.892Z] > git remote --verbose [2ms]
[2026-01-06T20:12:50.906Z] > git config --get commit.template [2ms]
[2026-01-06T20:13:29.928Z] > git symbolic-ref --short HEAD [2ms]
[2026-01-06T20:13:29.943Z] > git for-each-ref --format=%(refname)%00%(upstream:short)%00%(objectname) refs/heads/main refs/remotes/main [3ms]
[2026-01-06T20:13:29.968Z] > git for-each-ref --sort -committerdate --format %(refname) %(objectname) %(*objectname) [15ms]
[2026-01-06T20:13:29.969Z] > git remote --verbose [2ms]
[2026-01-06T20:13:29.982Z] > git config --get commit.template [2ms]
[2026-01-06T20:13:37.689Z] > git symbolic-ref --short HEAD [2ms]
[2026-01-06T20:13:37.701Z] > git for-each-ref --format=%(refname)%00%(upstream:short)%00%(objectname) refs/heads/main refs/remotes/main [2ms]
[2026-01-06T20:13:37.727Z] > git for-each-ref --sort -committerdate --format %(refname) %(objectname) %(*objectname) [16ms]
[2026-01-06T20:13:37.727Z] > git remote --verbose [2ms]
[2026-01-06T20:13:37.741Z] > git config --get commit.template [2ms]
[2026-01-06T20:13:49.982Z] > git symbolic-ref --short HEAD [2ms]
[2026-01-06T20:13:49.998Z] > git for-each-ref --format=%(refname)%00%(upstream:short)%00%(objectname) refs/heads/main refs/remotes/main [3ms]
[2026-01-06T20:13:50.028Z] > git for-each-ref --sort -committerdate --format %(refname) %(objectname) %(*objectname) [17ms]
[2026-01-06T20:13:50.029Z] > git remote --verbose [3ms]
[2026-01-06T20:13:50.046Z] > git config --get commit.template [1ms]
[2026-01-06T20:13:57.445Z] > git symbolic-ref --short HEAD [2ms]
[2026-01-06T20:13:57.458Z] > git for-each-ref --format=%(refname)%00%(upstream:short)%00%(objectname) refs/heads/main refs/remotes/main [3ms]
[2026-01-06T20:13:57.483Z] > git for-each-ref --sort -committerdate --format %(refname) %(objectname) %(*objectname) [16ms]
[2026-01-06T20:13:57.484Z] > git remote --verbose [2ms]
[2026-01-06T20:13:57.498Z] > git config --get commit.template [2ms]
[2026-01-06T20:14:02.601Z] > git symbolic-ref --short HEAD [3ms]
[2026-01-06T20:14:02.613Z] > git for-each-ref --format=%(refname)%00%(upstream:short)%00%(objectname) refs/heads/main refs/remotes/main [3ms]
[2026-01-06T20:14:02.639Z] > git for-each-ref --sort -committerdate --format %(refname) %(objectname) %(*objectname) [16ms]
[2026-01-06T20:14:02.639Z] > git remote --verbose [2ms]
[2026-01-06T20:14:02.652Z] > git config --get commit.template [1ms]
[2026-01-06T20:15:35.887Z] > git symbolic-ref --short HEAD [2ms]
[2026-01-06T20:15:35.899Z] > git for-each-ref --format=%(refname)%00%(upstream:short)%00%(objectname) refs/heads/main refs/remotes/main [3ms]
[2026-01-06T20:15:35.927Z] > git for-each-ref --sort -committerdate --format %(refname) %(objectname) %(*objectname) [18ms]
[2026-01-06T20:15:35.928Z] > git remote --verbose [3ms]
[2026-01-06T20:15:35.941Z] > git config --get commit.template [2ms]
[2026-01-06T20:15:41.046Z] > git symbolic-ref --short HEAD [2ms]
[2026-01-06T20:15:41.059Z] > git for-each-ref --format=%(refname)%00%(upstream:short)%00%(objectname) refs/heads/main refs/remotes/main [3ms]
[2026-01-06T20:15:41.084Z] > git for-each-ref --sort -committerdate --format %(refname) %(objectname) %(*objectname) [16ms]
[2026-01-06T20:15:41.085Z] > git remote --verbose [2ms]
[2026-01-06T20:15:41.098Z] > git config --get commit.template [0ms]
[2026-01-06T20:15:50.882Z] > git symbolic-ref --short HEAD [1ms]
[2026-01-06T20:15:50.894Z] > git for-each-ref --format=%(refname)%00%(upstream:short)%00%(objectname) refs/heads/main refs/remotes/main [3ms]
[2026-01-06T20:15:50.920Z] > git for-each-ref --sort -committerdate --format %(refname) %(objectname) %(*objectname) [16ms]
[2026-01-06T20:15:50.921Z] > git remote --verbose [3ms]
[2026-01-06T20:15:50.935Z] > git config --get commit.template [1ms]
[2026-01-06T20:15:56.354Z] > git symbolic-ref --short HEAD [2ms]
[2026-01-06T20:15:56.366Z] > git for-each-ref --format=%(refname)%00%(upstream:short)%00%(objectname) refs/heads/main refs/remotes/main [3ms]
[2026-01-06T20:15:56.391Z] > git for-each-ref --sort -committerdate --format %(refname) %(objectname) %(*objectname) [16ms]
[2026-01-06T20:15:56.392Z] > git remote --verbose [3ms]
[2026-01-06T20:15:56.406Z] > git config --get commit.template [2ms]
[2026-01-06T20:16:01.505Z] > git symbolic-ref --short HEAD [2ms]
[2026-01-06T20:16:01.517Z] > git for-each-ref --format=%(refname)%00%(upstream:short)%00%(objectname) refs/heads/main refs/remotes/main [3ms]
[2026-01-06T20:16:01.543Z] > git for-each-ref --sort -committerdate --format %(refname) %(objectname) %(*objectname) [16ms]
[2026-01-06T20:16:01.543Z] > git remote --verbose [2ms]
[2026-01-06T20:16:01.556Z] > git config --get commit.template [1ms]
[2026-01-06T20:16:06.656Z] > git symbolic-ref --short HEAD [3ms]
[2026-01-06T20:16:06.668Z] > git for-each-ref --format=%(refname)%00%(upstream:short)%00%(objectname) refs/heads/main refs/remotes/main [3ms]
[2026-01-06T20:16:06.693Z] > git for-each-ref --sort -committerdate --format %(refname) %(objectname) %(*objectname) [16ms]
[2026-01-06T20:16:06.694Z] > git remote --verbose [2ms]
[2026-01-06T20:16:06.707Z] > git config --get commit.template [2ms]
[2026-01-06T20:16:18.439Z] > git symbolic-ref --short HEAD [2ms]
[2026-01-06T20:16:18.451Z] > git for-each-ref --format=%(refname)%00%(upstream:short)%00%(objectname) refs/heads/main refs/remotes/main [3ms]
[2026-01-06T20:16:18.480Z] > git for-each-ref --sort -committerdate --format %(refname) %(objectname) %(*objectname) [19ms]
[2026-01-06T20:16:18.480Z] > git remote --verbose [2ms]
[2026-01-06T20:16:18.494Z] > git config --get commit.template [2ms]
[2026-01-06T20:17:30.900Z] > git symbolic-ref --short HEAD [2ms]
[2026-01-06T20:17:30.912Z] > git for-each-ref --format=%(refname)%00%(upstream:short)%00%(objectname) refs/heads/main refs/remotes/main [2ms]
[2026-01-06T20:17:30.938Z] > git for-each-ref --sort -committerdate --format %(refname) %(objectname) %(*objectname) [16ms]
[2026-01-06T20:17:30.939Z] > git remote --verbose [2ms]
[2026-01-06T20:17:30.952Z] > git config --get commit.template [2ms]
[2026-01-06T20:17:59.288Z] > git ls-files --stage -- /home/djuric/DataAnalysisHEP_venv/DataAnalysisHEP_venv/vjezbe5/zadaci.py [8ms]
[2026-01-06T20:17:59.300Z] > git cat-file -s e972afdf97daae5d312cb372f8406ea1f6dbe153 [1ms]
[2026-01-06T20:18:09.903Z] > git ls-files --stage -- /home/djuric/DataAnalysisHEP_venv/DataAnalysisHEP_venv/vjezbe2/zadatak1/root.py [9ms]
[2026-01-06T20:18:09.915Z] > git cat-file -s cbf1e23c6e4e083906f5d534e408339fa9ee066e [2ms]
[2026-01-06T20:18:14.502Z] > git symbolic-ref --short HEAD [2ms]
[2026-01-06T20:18:14.514Z] > git for-each-ref --format=%(refname)%00%(upstream:short)%00%(objectname) refs/heads/main refs/remotes/main [2ms]
[2026-01-06T20:18:14.540Z] > git for-each-ref --sort -committerdate --format %(refname) %(objectname) %(*objectname) [15ms]
[2026-01-06T20:18:14.540Z] > git remote --verbose [2ms]
[2026-01-06T20:18:14.553Z] > git config --get commit.template [2ms]
[2026-01-06T20:18:19.653Z] > git symbolic-ref --short HEAD [2ms]
[2026-01-06T20:18:19.665Z] > git for-each-ref --format=%(refname)%00%(upstream:short)%00%(objectname) refs/heads/main refs/remotes/main [3ms]
[2026-01-06T20:18:19.692Z] > git for-each-ref --sort -committerdate --format %(refname) %(objectname) %(*objectname) [17ms]
[2026-01-06T20:18:19.693Z] > git remote --verbose [4ms]
[2026-01-06T20:18:19.706Z] > git config --get commit.template [2ms]
[2026-01-06T20:18:29.212Z] > git symbolic-ref --short HEAD [6ms]
[2026-01-06T20:18:29.227Z] > git for-each-ref --format=%(refname)%00%(upstream:short)%00%(objectname) refs/heads/main refs/remotes/main [3ms]
[2026-01-06T20:18:29.255Z] > git for-each-ref --sort -committerdate --format %(refname) %(objectname) %(*objectname) [16ms]
[2026-01-06T20:18:29.255Z] > git remote --verbose [2ms]
[2026-01-06T20:18:29.270Z] > git config --get commit.template [2ms]
[2026-01-06T20:18:34.370Z] > git symbolic-ref --short HEAD [2ms]
[2026-01-06T20:18:34.382Z] > git for-each-ref --format=%(refname)%00%(upstream:short)%00%(objectname) refs/heads/main refs/remotes/main [3ms]
[2026-01-06T20:18:34.407Z] > git for-each-ref --sort -committerdate --format %(refname) %(objectname) %(*objectname) [15ms]
[2026-01-06T20:18:34.408Z] > git remote --verbose [2ms]
[2026-01-06T20:18:34.421Z] > git config --get commit.template [2ms]
[2026-01-06T20:18:39.520Z] > git symbolic-ref --short HEAD [2ms]
[2026-01-06T20:18:39.533Z] > git for-each-ref --format=%(refname)%00%(upstream:short)%00%(objectname) refs/heads/main refs/remotes/main [3ms]
[2026-01-06T20:18:39.559Z] > git for-each-ref --sort -committerdate --format %(refname) %(objectname) %(*objectname) [15ms]
[2026-01-06T20:18:39.560Z] > git remote --verbose [2ms]
[2026-01-06T20:18:39.573Z] > git config --get commit.template [2ms]
[2026-01-06T20:18:44.674Z] > git symbolic-ref --short HEAD [2ms]
[2026-01-06T20:18:44.686Z] > git for-each-ref --format=%(refname)%00%(upstream:short)%00%(objectname) refs/heads/main refs/remotes/main [3ms]
[2026-01-06T20:18:44.711Z] > git for-each-ref --sort -committerdate --format %(refname) %(objectname) %(*objectname) [15ms]
[2026-01-06T20:18:44.712Z] > git remote --verbose [2ms]
[2026-01-06T20:18:44.725Z] > git config --get commit.template [2ms]
[2026-01-06T20:18:52.982Z] > git symbolic-ref --short HEAD [2ms]
[2026-01-06T20:18:52.995Z] > git for-each-ref --format=%(refname)%00%(upstream:short)%00%(objectname) refs/heads/main refs/remotes/main [3ms]
[2026-01-06T20:18:53.020Z] > git for-each-ref --sort -committerdate --format %(refname) %(objectname) %(*objectname) [16ms]
[2026-01-06T20:18:53.021Z] > git remote --verbose [3ms]
[2026-01-06T20:18:53.034Z] > git config --get commit.template [2ms]
[2026-01-06T20:18:59.493Z] > git symbolic-ref --short HEAD [2ms]
[2026-01-06T20:18:59.506Z] > git for-each-ref --format=%(refname)%00%(upstream:short)%00%(objectname) refs/heads/main refs/remotes/main [3ms]
[2026-01-06T20:18:59.531Z] > git for-each-ref --sort -committerdate --format %(refname) %(objectname) %(*objectname) [16ms]
[2026-01-06T20:18:59.532Z] > git remote --verbose [2ms]
[2026-01-06T20:18:59.545Z] > git config --get commit.template [2ms]
[2026-01-06T20:19:04.644Z] > git symbolic-ref --short HEAD [2ms]
[2026-01-06T20:19:04.658Z] > git for-each-ref --format=%(refname)%00%(upstream:short)%00%(objectname) refs/heads/main refs/remotes/main [4ms]
[2026-01-06T20:19:04.686Z] > git for-each-ref --sort -committerdate --format %(refname) %(objectname) %(*objectname) [18ms]
[2026-01-06T20:19:04.686Z] > git remote --verbose [2ms]
[2026-01-06T20:19:04.699Z] > git config --get commit.template [1ms]
[2026-01-06T20:19:07.876Z] > git ls-files --stage -- /home/djuric/DataAnalysisHEP_venv/DataAnalysisHEP_venv/vjezbe5/zadaci.py [8ms]
[2026-01-06T20:19:07.889Z] > git cat-file -s e972afdf97daae5d312cb372f8406ea1f6dbe153 [2ms]
[2026-01-06T20:19:09.800Z] > git symbolic-ref --short HEAD [2ms]
[2026-01-06T20:19:09.812Z] > git for-each-ref --format=%(refname)%00%(upstream:short)%00%(objectname) refs/heads/main refs/remotes/main [3ms]
[2026-01-06T20:19:09.839Z] > git for-each-ref --sort -committerdate --format %(refname) %(objectname) %(*objectname) [17ms]
[2026-01-06T20:19:09.840Z] > git remote --verbose [4ms]
[2026-01-06T20:19:09.858Z] > git config --get commit.template [2ms]
[2026-01-06T20:19:09.998Z] > git ls-files --stage -- /home/djuric/DataAnalysisHEP_venv/DataAnalysisHEP_venv/vjezbe2/zadatak1/root.py [9ms]
[2026-01-06T20:19:10.009Z] > git cat-file -s cbf1e23c6e4e083906f5d534e408339fa9ee066e [1ms]
[2026-01-06T20:19:17.157Z] > git symbolic-ref --short HEAD [2ms]
[2026-01-06T20:19:17.169Z] > git for-each-ref --format=%(refname)%00%(upstream:short)%00%(objectname) refs/heads/main refs/remotes/main [3ms]
[2026-01-06T20:19:17.194Z] > git for-each-ref --sort -committerdate --format %(refname) %(objectname) %(*objectname) [16ms]
[2026-01-06T20:19:17.195Z] > git remote --verbose [2ms]
[2026-01-06T20:19:17.208Z] > git config --get commit.template [2ms]
[2026-01-06T20:19:22.308Z] > git symbolic-ref --short HEAD [2ms]
[2026-01-06T20:19:22.320Z] > git for-each-ref --format=%(refname)%00%(upstream:short)%00%(objectname) refs/heads/main refs/remotes/main [2ms]
[2026-01-06T20:19:22.346Z] > git for-each-ref --sort -committerdate --format %(refname) %(objectname) %(*objectname) [16ms]
[2026-01-06T20:19:22.346Z] > git remote --verbose [2ms]
[2026-01-06T20:19:22.360Z] > git config --get commit.template [3ms]
[2026-01-06T20:19:29.703Z] > git symbolic-ref --short HEAD [2ms]
[2026-01-06T20:19:29.715Z] > git for-each-ref --format=%(refname)%00%(upstream:short)%00%(objectname) refs/heads/main refs/remotes/main [2ms]
[2026-01-06T20:19:29.741Z] > git for-each-ref --sort -committerdate --format %(refname) %(objectname) %(*objectname) [15ms]
[2026-01-06T20:19:29.741Z] > git remote --verbose [2ms]
[2026-01-06T20:19:29.755Z] > git config --get commit.template [2ms]
[2026-01-06T20:20:41.737Z] > git symbolic-ref --short HEAD [2ms]
[2026-01-06T20:20:41.749Z] > git for-each-ref --format=%(refname)%00%(upstream:short)%00%(objectname) refs/heads/main refs/remotes/main [2ms]
[2026-01-06T20:20:41.775Z] > git for-each-ref --sort -committerdate --format %(refname) %(objectname) %(*objectname) [16ms]
[2026-01-06T20:20:41.775Z] > git remote --verbose [2ms]
[2026-01-06T20:20:41.788Z] > git config --get commit.template [1ms]
[2026-01-06T20:21:28.158Z] > git symbolic-ref --short HEAD [2ms]
[2026-01-06T20:21:28.170Z] > git for-each-ref --format=%(refname)%00%(upstream:short)%00%(objectname) refs/heads/main refs/remotes/main [3ms]
[2026-01-06T20:21:28.195Z] > git for-each-ref --sort -committerdate --format %(refname) %(objectname) %(*objectname) [15ms]
[2026-01-06T20:21:28.196Z] > git remote --verbose [2ms]
[2026-01-06T20:21:28.209Z] > git config --get commit.template [2ms]
[2026-01-06T20:22:55.409Z] > git symbolic-ref --short HEAD [3ms]
[2026-01-06T20:22:55.421Z] > git for-each-ref --format=%(refname)%00%(upstream:short)%00%(objectname) refs/heads/main refs/remotes/main [3ms]
[2026-01-06T20:22:55.446Z] > git for-each-ref --sort -committerdate --format %(refname) %(objectname) %(*objectname) [15ms]
[2026-01-06T20:22:55.447Z] > git remote --verbose [2ms]
[2026-01-06T20:22:55.460Z] > git config --get commit.template [2ms]
[2026-01-06T20:24:03.228Z] > git symbolic-ref --short HEAD [3ms]
[2026-01-06T20:24:03.242Z] > git for-each-ref --format=%(refname)%00%(upstream:short)%00%(objectname) refs/heads/main refs/remotes/main [2ms]
[2026-01-06T20:24:03.272Z] > git for-each-ref --sort -committerdate --format %(refname) %(objectname) %(*objectname) [20ms]
[2026-01-06T20:24:03.272Z] > git remote --verbose [2ms]
[2026-01-06T20:24:03.290Z] > git config --get commit.template [2ms]
[2026-01-06T20:24:42.473Z] > git ls-files --stage -- /home/djuric/DataAnalysisHEP_venv/DataAnalysisHEP_venv/vjezbe2/zadatak1/root.py [9ms]
[2026-01-06T20:24:42.485Z] > git cat-file -s cbf1e23c6e4e083906f5d534e408339fa9ee066e [2ms]
[2026-01-06T20:25:01.164Z] > git symbolic-ref --short HEAD [2ms]
[2026-01-06T20:25:01.176Z] > git for-each-ref --format=%(refname)%00%(upstream:short)%00%(objectname) refs/heads/main refs/remotes/main [2ms]
[2026-01-06T20:25:01.202Z] > git for-each-ref --sort -committerdate --format %(refname) %(objectname) %(*objectname) [16ms]
[2026-01-06T20:25:01.203Z] > git remote --verbose [2ms]
[2026-01-06T20:25:01.216Z] > git config --get commit.template [2ms]
[2026-01-06T20:25:09.611Z] > git ls-files --stage -- /home/djuric/DataAnalysisHEP_venv/DataAnalysisHEP_venv/vjezbe2/root.py [8ms]
[2026-01-06T20:25:10.401Z] > git symbolic-ref --short HEAD [2ms]
[2026-01-06T20:25:10.413Z] > git for-each-ref --format=%(refname)%00%(upstream:short)%00%(objectname) refs/heads/main refs/remotes/main [2ms]
[2026-01-06T20:25:10.438Z] > git for-each-ref --sort -committerdate --format %(refname) %(objectname) %(*objectname) [15ms]
[2026-01-06T20:25:10.439Z] > git remote --verbose [2ms]
[2026-01-06T20:25:10.452Z] > git config --get commit.template [2ms]
[2026-01-06T20:25:18.369Z] > git symbolic-ref --short HEAD [2ms]
[2026-01-06T20:25:18.381Z] > git for-each-ref --format=%(refname)%00%(upstream:short)%00%(objectname) refs/heads/main refs/remotes/main [3ms]
[2026-01-06T20:25:18.408Z] > git remote --verbose [2ms]
[2026-01-06T20:25:18.408Z] > git for-each-ref --sort -committerdate --format %(refname) %(objectname) %(*objectname) [18ms]
[2026-01-06T20:25:18.422Z] > git config --get commit.template [2ms]
