[2025-10-30T15:30:22.972Z] Validating found git in: git
[2025-10-30T15:30:23.047Z] Using git 1.8.3.1 from git
[2025-10-30T15:30:23.147Z] > git rev-parse --git-dir [3ms]
[2025-10-30T15:30:23.160Z] Open repository: /home/djuric
[2025-10-30T15:30:23.334Z] > git symbolic-ref --short HEAD [50ms]
[2025-10-30T15:30:23.349Z] > git for-each-ref --format=%(refname)%00%(upstream:short)%00%(objectname) refs/heads/master refs/remotes/master [4ms]
[2025-10-30T15:30:23.382Z] > git remote --verbose [12ms]
[2025-10-30T15:30:23.383Z] > git for-each-ref --sort -committerdate --format %(refname) %(objectname) %(*objectname) [23ms]
[2025-10-30T15:30:26.510Z] > git config --get commit.template [37ms]
[2025-10-30T15:31:42.503Z] > git symbolic-ref --short HEAD [2ms]
[2025-10-30T15:31:42.521Z] > git for-each-ref --format=%(refname)%00%(upstream:short)%00%(objectname) refs/heads/master refs/remotes/master [2ms]
[2025-10-30T15:31:42.565Z] > git for-each-ref --sort -committerdate --format %(refname) %(objectname) %(*objectname) [28ms]
[2025-10-30T15:31:42.566Z] > git remote --verbose [3ms]
[2025-10-30T15:31:48.040Z] > git config --get commit.template [15ms]
[2025-10-30T15:31:56.250Z] > git symbolic-ref --short HEAD [2ms]
[2025-10-30T15:31:56.268Z] > git for-each-ref --format=%(refname)%00%(upstream:short)%00%(objectname) refs/heads/master refs/remotes/master [2ms]
[2025-10-30T15:31:56.310Z] > git for-each-ref --sort -committerdate --format %(refname) %(objectname) %(*objectname) [26ms]
[2025-10-30T15:31:56.311Z] > git remote --verbose [3ms]
[2025-10-30T15:32:01.429Z] > git config --get commit.template [11ms]
[2025-10-30T15:32:30.063Z] > git symbolic-ref --short HEAD [2ms]
[2025-10-30T15:32:30.086Z] > git for-each-ref --format=%(refname)%00%(upstream:short)%00%(objectname) refs/heads/master refs/remotes/master [2ms]
[2025-10-30T15:32:30.138Z] > git for-each-ref --sort -committerdate --format %(refname) %(objectname) %(*objectname) [34ms]
[2025-10-30T15:32:30.139Z] > git remote --verbose [2ms]
[2025-10-30T15:32:35.404Z] > git config --get commit.template [15ms]
[2025-10-30T15:32:40.545Z] > git symbolic-ref --short HEAD [2ms]
[2025-10-30T15:32:40.565Z] > git for-each-ref --format=%(refname)%00%(upstream:short)%00%(objectname) refs/heads/master refs/remotes/master [2ms]
[2025-10-30T15:32:40.614Z] > git for-each-ref --sort -committerdate --format %(refname) %(objectname) %(*objectname) [31ms]
[2025-10-30T15:32:40.615Z] > git remote --verbose [3ms]
[2025-10-30T15:32:46.425Z] > git config --get commit.template [16ms]
[2025-10-30T15:33:18.003Z] > git ls-files --stage -- /home/djuric/DataAnalysisHEP_venv/vjezbe1/zadatak2/classdef.py [4ms]
[2025-10-30T15:33:19.287Z] > git ls-files --stage -- /home/djuric/DataAnalysisHEP_venv/vjezbe1/zadatak2/main.py [2ms]
[2025-10-30T15:33:21.097Z] > git ls-files --stage -- /home/djuric/DataAnalysisHEP_venv/vjezbe1/zadatak2/classdef.py [2ms]
[2025-10-30T15:35:49.342Z] > git symbolic-ref --short HEAD [2ms]
[2025-10-30T15:35:49.356Z] > git for-each-ref --format=%(refname)%00%(upstream:short)%00%(objectname) refs/heads/master refs/remotes/master [2ms]
[2025-10-30T15:35:49.387Z] > git remote --verbose [6ms]
[2025-10-30T15:35:49.387Z] > git for-each-ref --sort -committerdate --format %(refname) %(objectname) %(*objectname) [20ms]
[2025-10-30T15:35:56.129Z] > git config --get commit.template [17ms]
[2025-10-30T15:36:01.278Z] > git symbolic-ref --short HEAD [2ms]
[2025-10-30T15:36:01.297Z] > git for-each-ref --format=%(refname)%00%(upstream:short)%00%(objectname) refs/heads/master refs/remotes/master [2ms]
[2025-10-30T15:36:01.344Z] > git for-each-ref --sort -committerdate --format %(refname) %(objectname) %(*objectname) [29ms]
[2025-10-30T15:36:01.344Z] > git remote --verbose [2ms]
[2025-10-30T15:36:07.889Z] > git config --get commit.template [22ms]
[2025-10-30T15:36:13.027Z] > git symbolic-ref --short HEAD [2ms]
[2025-10-30T15:36:13.048Z] > git for-each-ref --format=%(refname)%00%(upstream:short)%00%(objectname) refs/heads/master refs/remotes/master [2ms]
[2025-10-30T15:36:13.099Z] > git for-each-ref --sort -committerdate --format %(refname) %(objectname) %(*objectname) [32ms]
[2025-10-30T15:36:13.100Z] > git remote --verbose [3ms]
[2025-10-30T15:36:19.615Z] > git config --get commit.template [13ms]
[2025-10-30T15:37:45.900Z] > git symbolic-ref --short HEAD [2ms]
[2025-10-30T15:37:45.923Z] > git for-each-ref --format=%(refname)%00%(upstream:short)%00%(objectname) refs/heads/master refs/remotes/master [3ms]
[2025-10-30T15:37:45.982Z] > git remote --verbose [6ms]
[2025-10-30T15:37:45.982Z] > git for-each-ref --sort -committerdate --format %(refname) %(objectname) %(*objectname) [39ms]
[2025-10-30T15:37:52.694Z] > git config --get commit.template [16ms]
[2025-10-30T15:38:00.531Z] > git symbolic-ref --short HEAD [2ms]
[2025-10-30T15:38:00.551Z] > git for-each-ref --format=%(refname)%00%(upstream:short)%00%(objectname) refs/heads/master refs/remotes/master [2ms]
[2025-10-30T15:38:00.598Z] > git remote --verbose [2ms]
[2025-10-30T15:38:00.599Z] > git for-each-ref --sort -committerdate --format %(refname) %(objectname) %(*objectname) [31ms]
[2025-10-30T15:38:07.138Z] > git config --get commit.template [17ms]
[2025-10-30T15:38:39.636Z] > git ls-files --stage -- /home/djuric/DataAnalysisHEP_venv/vjezbe1/zadatak2/main.py [3ms]
[2025-10-30T15:38:43.799Z] > git ls-files --stage -- /home/djuric/DataAnalysisHEP_venv/vjezbe1/zadatak2/classdef.py [2ms]
[2025-10-30T15:38:45.184Z] > git ls-files --stage -- /home/djuric/DataAnalysisHEP_venv/vjezbe1/zadatak2/main.py [3ms]
[2025-10-30T15:38:52.498Z] > git symbolic-ref --short HEAD [2ms]
[2025-10-30T15:38:52.522Z] > git for-each-ref --format=%(refname)%00%(upstream:short)%00%(objectname) refs/heads/master refs/remotes/master [2ms]
[2025-10-30T15:38:52.583Z] > git for-each-ref --sort -committerdate --format %(refname) %(objectname) %(*objectname) [39ms]
[2025-10-30T15:38:52.583Z] > git remote --verbose [2ms]
[2025-10-30T15:38:59.419Z] > git config --get commit.template [16ms]
[2025-10-30T15:38:59.881Z] > git ls-files --stage -- /home/djuric/DataAnalysisHEP_venv/vjezbe1/zadatak2/main.py [3ms]
[2025-10-30T15:39:04.554Z] > git symbolic-ref --short HEAD [2ms]
[2025-10-30T15:39:04.572Z] > git for-each-ref --format=%(refname)%00%(upstream:short)%00%(objectname) refs/heads/master refs/remotes/master [2ms]
[2025-10-30T15:39:04.618Z] > git for-each-ref --sort -committerdate --format %(refname) %(objectname) %(*objectname) [29ms]
[2025-10-30T15:39:04.618Z] > git remote --verbose [2ms]
[2025-10-30T15:39:11.174Z] > git config --get commit.template [14ms]
[2025-10-30T15:39:20.146Z] > git symbolic-ref --short HEAD [2ms]
[2025-10-30T15:39:20.170Z] > git for-each-ref --format=%(refname)%00%(upstream:short)%00%(objectname) refs/heads/master refs/remotes/master [1ms]
[2025-10-30T15:39:20.229Z] > git for-each-ref --sort -committerdate --format %(refname) %(objectname) %(*objectname) [38ms]
[2025-10-30T15:39:20.230Z] > git remote --verbose [2ms]
[2025-10-30T15:39:26.733Z] > git config --get commit.template [17ms]
[2025-10-30T15:49:32.529Z] > git symbolic-ref --short HEAD [2ms]
[2025-10-30T15:49:32.542Z] > git for-each-ref --format=%(refname)%00%(upstream:short)%00%(objectname) refs/heads/master refs/remotes/master [2ms]
[2025-10-30T15:49:32.574Z] > git for-each-ref --sort -committerdate --format %(refname) %(objectname) %(*objectname) [19ms]
[2025-10-30T15:49:32.575Z] > git remote --verbose [3ms]
[2025-10-30T15:49:39.427Z] > git config --get commit.template [23ms]
[2025-10-30T15:49:44.578Z] > git symbolic-ref --short HEAD [2ms]
[2025-10-30T15:49:44.600Z] > git for-each-ref --format=%(refname)%00%(upstream:short)%00%(objectname) refs/heads/master refs/remotes/master [2ms]
[2025-10-30T15:49:44.651Z] > git for-each-ref --sort -committerdate --format %(refname) %(objectname) %(*objectname) [30ms]
[2025-10-30T15:49:44.652Z] > git remote --verbose [2ms]
[2025-10-30T15:49:51.463Z] > git config --get commit.template [25ms]
[2025-10-30T15:51:40.354Z] > git symbolic-ref --short HEAD [2ms]
[2025-10-30T15:51:40.367Z] > git for-each-ref --format=%(refname)%00%(upstream:short)%00%(objectname) refs/heads/master refs/remotes/master [2ms]
[2025-10-30T15:51:40.395Z] > git for-each-ref --sort -committerdate --format %(refname) %(objectname) %(*objectname) [17ms]
[2025-10-30T15:51:40.396Z] > git remote --verbose [3ms]
[2025-10-30T15:51:48.287Z] > git config --get commit.template [25ms]
[2025-10-30T15:52:40.302Z] > git ls-files --stage -- /home/djuric/DataAnalysisHEP_venv/vjezbe1/zadatak2/classdef.py [3ms]
[2025-10-30T15:54:46.592Z] > git symbolic-ref --short HEAD [1ms]
[2025-10-30T15:54:46.607Z] > git for-each-ref --format=%(refname)%00%(upstream:short)%00%(objectname) refs/heads/master refs/remotes/master [1ms]
[2025-10-30T15:54:46.642Z] > git for-each-ref --sort -committerdate --format %(refname) %(objectname) %(*objectname) [21ms]
[2025-10-30T15:54:46.642Z] > git remote --verbose [4ms]
[2025-10-30T15:54:55.236Z] > git config --get commit.template [20ms]
[2025-10-30T15:55:00.410Z] > git symbolic-ref --short HEAD [2ms]
[2025-10-30T15:55:00.432Z] > git for-each-ref --format=%(refname)%00%(upstream:short)%00%(objectname) refs/heads/master refs/remotes/master [2ms]
[2025-10-30T15:55:00.486Z] > git for-each-ref --sort -committerdate --format %(refname) %(objectname) %(*objectname) [34ms]
[2025-10-30T15:55:00.487Z] > git remote --verbose [3ms]
[2025-10-30T15:55:08.892Z] > git config --get commit.template [19ms]
[2025-10-30T15:55:14.072Z] > git symbolic-ref --short HEAD [2ms]
[2025-10-30T15:55:14.095Z] > git for-each-ref --format=%(refname)%00%(upstream:short)%00%(objectname) refs/heads/master refs/remotes/master [2ms]
[2025-10-30T15:55:14.152Z] > git for-each-ref --sort -committerdate --format %(refname) %(objectname) %(*objectname) [37ms]
[2025-10-30T15:55:14.152Z] > git remote --verbose [2ms]
[2025-10-30T15:55:22.563Z] > git config --get commit.template [19ms]
[2025-10-30T15:55:27.740Z] > git symbolic-ref --short HEAD [2ms]
[2025-10-30T15:55:27.763Z] > git for-each-ref --format=%(refname)%00%(upstream:short)%00%(objectname) refs/heads/master refs/remotes/master [2ms]
[2025-10-30T15:55:27.820Z] > git for-each-ref --sort -committerdate --format %(refname) %(objectname) %(*objectname) [37ms]
[2025-10-30T15:55:27.820Z] > git remote --verbose [2ms]
[2025-10-30T15:55:36.242Z] > git config --get commit.template [17ms]
[2025-10-30T15:56:05.292Z] > git symbolic-ref --short HEAD [2ms]
[2025-10-30T15:56:05.312Z] > git for-each-ref --format=%(refname)%00%(upstream:short)%00%(objectname) refs/heads/master refs/remotes/master [2ms]
[2025-10-30T15:56:05.343Z] > git for-each-ref --sort -committerdate --format %(refname) %(objectname) %(*objectname) [19ms]
[2025-10-30T15:56:05.349Z] > git remote --verbose [8ms]
[2025-10-30T15:56:13.944Z] > git config --get commit.template [17ms]
[2025-10-30T15:56:14.470Z] > git ls-files --stage -- /home/djuric/DataAnalysisHEP_venv/vjezbe1/zadatak2/main.py [3ms]
[2025-10-30T15:56:19.125Z] > git symbolic-ref --short HEAD [2ms]
[2025-10-30T15:56:19.147Z] > git for-each-ref --format=%(refname)%00%(upstream:short)%00%(objectname) refs/heads/master refs/remotes/master [2ms]
[2025-10-30T15:56:19.205Z] > git for-each-ref --sort -committerdate --format %(refname) %(objectname) %(*objectname) [38ms]
[2025-10-30T15:56:19.206Z] > git remote --verbose [3ms]
[2025-10-30T15:56:27.684Z] > git config --get commit.template [23ms]
[2025-10-30T15:56:28.274Z] > git ls-files --stage -- /home/djuric/DataAnalysisHEP_venv/vjezbe1/zadatak2/main.py [3ms]
[2025-10-30T15:56:32.869Z] > git symbolic-ref --short HEAD [1ms]
[2025-10-30T15:56:32.894Z] > git for-each-ref --format=%(refname)%00%(upstream:short)%00%(objectname) refs/heads/master refs/remotes/master [2ms]
[2025-10-30T15:56:32.971Z] > git for-each-ref --sort -committerdate --format %(refname) %(objectname) %(*objectname) [54ms]
[2025-10-30T15:56:32.971Z] > git remote --verbose [2ms]
[2025-10-30T15:56:41.370Z] > git config --get commit.template [19ms]
[2025-10-30T15:56:48.375Z] > git symbolic-ref --short HEAD [1ms]
[2025-10-30T15:56:48.400Z] > git for-each-ref --format=%(refname)%00%(upstream:short)%00%(objectname) refs/heads/master refs/remotes/master [2ms]
[2025-10-30T15:56:48.464Z] > git for-each-ref --sort -committerdate --format %(refname) %(objectname) %(*objectname) [41ms]
[2025-10-30T15:56:48.465Z] > git remote --verbose [2ms]
[2025-10-30T15:56:56.924Z] > git config --get commit.template [21ms]
[2025-10-30T15:56:58.953Z] > git ls-files --stage -- /home/djuric/DataAnalysisHEP_venv/vjezbe1/zadatak2/classdef.py [3ms]
[2025-10-30T15:57:02.108Z] > git symbolic-ref --short HEAD [2ms]
[2025-10-30T15:57:02.142Z] > git for-each-ref --format=%(refname)%00%(upstream:short)%00%(objectname) refs/heads/master refs/remotes/master [2ms]
[2025-10-30T15:57:02.207Z] > git for-each-ref --sort -committerdate --format %(refname) %(objectname) %(*objectname) [41ms]
[2025-10-30T15:57:02.208Z] > git remote --verbose [3ms]
[2025-10-30T15:57:10.591Z] > git config --get commit.template [19ms]
[2025-10-30T15:57:24.827Z] > git ls-files --stage -- /home/djuric/DataAnalysisHEP_venv/vjezbe1/zadatak2/main.py [2ms]
[2025-10-30T15:58:04.330Z] > git ls-files --stage -- /home/djuric/DataAnalysisHEP_venv/vjezbe1/zadatak2/classdef.py [2ms]
[2025-10-30T15:58:19.741Z] > git ls-files --stage -- /home/djuric/DataAnalysisHEP_venv/vjezbe1/zadatak2/main.py [3ms]
[2025-10-30T15:58:24.692Z] > git symbolic-ref --short HEAD [2ms]
[2025-10-30T15:58:24.705Z] > git for-each-ref --format=%(refname)%00%(upstream:short)%00%(objectname) refs/heads/master refs/remotes/master [2ms]
[2025-10-30T15:58:24.735Z] > git for-each-ref --sort -committerdate --format %(refname) %(objectname) %(*objectname) [18ms]
[2025-10-30T15:58:24.735Z] > git remote --verbose [2ms]
[2025-10-30T15:58:33.332Z] > git config --get commit.template [23ms]
[2025-10-30T15:59:33.909Z] > git symbolic-ref --short HEAD [2ms]
[2025-10-30T15:59:33.923Z] > git for-each-ref --format=%(refname)%00%(upstream:short)%00%(objectname) refs/heads/master refs/remotes/master [2ms]
[2025-10-30T15:59:33.956Z] > git for-each-ref --sort -committerdate --format %(refname) %(objectname) %(*objectname) [19ms]
[2025-10-30T15:59:33.957Z] > git remote --verbose [3ms]
[2025-10-30T15:59:42.532Z] > git config --get commit.template [23ms]
[2025-10-30T15:59:47.704Z] > git symbolic-ref --short HEAD [2ms]
[2025-10-30T15:59:47.726Z] > git for-each-ref --format=%(refname)%00%(upstream:short)%00%(objectname) refs/heads/master refs/remotes/master [2ms]
[2025-10-30T15:59:47.780Z] > git for-each-ref --sort -committerdate --format %(refname) %(objectname) %(*objectname) [34ms]
[2025-10-30T15:59:47.781Z] > git remote --verbose [3ms]
[2025-10-30T15:59:56.241Z] > git config --get commit.template [19ms]
[2025-10-30T16:01:39.728Z] > git ls-files --stage -- /home/djuric/DataAnalysisHEP_venv/vjezbe1/zadatak2/classdef.py [1ms]
[2025-10-30T16:01:44.116Z] > git symbolic-ref --short HEAD [1ms]
[2025-10-30T16:01:44.130Z] > git for-each-ref --format=%(refname)%00%(upstream:short)%00%(objectname) refs/heads/master refs/remotes/master [1ms]
[2025-10-30T16:01:44.162Z] > git for-each-ref --sort -committerdate --format %(refname) %(objectname) %(*objectname) [19ms]
[2025-10-30T16:01:44.162Z] > git remote --verbose [2ms]
[2025-10-30T16:01:52.831Z] > git config --get commit.template [22ms]
[2025-10-30T16:01:58.003Z] > git symbolic-ref --short HEAD [2ms]
[2025-10-30T16:01:58.025Z] > git for-each-ref --format=%(refname)%00%(upstream:short)%00%(objectname) refs/heads/master refs/remotes/master [2ms]
[2025-10-30T16:01:58.080Z] > git for-each-ref --sort -committerdate --format %(refname) %(objectname) %(*objectname) [35ms]
[2025-10-30T16:01:58.080Z] > git remote --verbose [2ms]
[2025-10-30T16:02:06.510Z] > git config --get commit.template [19ms]
[2025-10-30T16:02:07.084Z] > git ls-files --stage -- /home/djuric/DataAnalysisHEP_venv/vjezbe1/zadatak2/main.py [2ms]
[2025-10-30T16:02:09.783Z] > git ls-files --stage -- /home/djuric/DataAnalysisHEP_venv/vjezbe1/zadatak2/classdef.py [2ms]
[2025-10-30T16:02:11.687Z] > git symbolic-ref --short HEAD [2ms]
[2025-10-30T16:02:11.712Z] > git for-each-ref --format=%(refname)%00%(upstream:short)%00%(objectname) refs/heads/master refs/remotes/master [2ms]
[2025-10-30T16:02:11.776Z] > git for-each-ref --sort -committerdate --format %(refname) %(objectname) %(*objectname) [42ms]
[2025-10-30T16:02:11.777Z] > git remote --verbose [3ms]
[2025-10-30T16:02:20.224Z] > git config --get commit.template [16ms]
[2025-10-30T16:02:40.090Z] > git symbolic-ref --short HEAD [2ms]
[2025-10-30T16:02:40.113Z] > git for-each-ref --format=%(refname)%00%(upstream:short)%00%(objectname) refs/heads/master refs/remotes/master [2ms]
[2025-10-30T16:02:40.170Z] > git for-each-ref --sort -committerdate --format %(refname) %(objectname) %(*objectname) [37ms]
[2025-10-30T16:02:40.171Z] > git remote --verbose [3ms]
[2025-10-30T16:02:48.615Z] > git config --get commit.template [23ms]
[2025-10-30T16:02:49.659Z] > git ls-files --stage -- /home/djuric/DataAnalysisHEP_venv/vjezbe2/zadatak1 [2ms]
[2025-10-30T16:02:53.794Z] > git symbolic-ref --short HEAD [2ms]
[2025-10-30T16:02:53.819Z] > git for-each-ref --format=%(refname)%00%(upstream:short)%00%(objectname) refs/heads/master refs/remotes/master [2ms]
[2025-10-30T16:02:53.883Z] > git for-each-ref --sort -committerdate --format %(refname) %(objectname) %(*objectname) [41ms]
[2025-10-30T16:02:53.883Z] > git remote --verbose [2ms]
[2025-10-30T16:03:02.287Z] > git config --get commit.template [20ms]
[2025-10-30T16:03:02.859Z] > git ls-files --stage -- /home/djuric/DataAnalysisHEP_venv/vjezbe2/zadatak1 [2ms]
[2025-10-30T16:03:04.508Z] > git ls-files --stage -- /home/djuric/DataAnalysisHEP_venv/vjezbe1/zadatak2/classdef.py [2ms]
[2025-10-30T16:03:07.468Z] > git symbolic-ref --short HEAD [2ms]
[2025-10-30T16:03:07.494Z] > git for-each-ref --format=%(refname)%00%(upstream:short)%00%(objectname) refs/heads/master refs/remotes/master [2ms]
[2025-10-30T16:03:07.565Z] > git for-each-ref --sort -committerdate --format %(refname) %(objectname) %(*objectname) [47ms]
[2025-10-30T16:03:07.566Z] > git remote --verbose [2ms]
[2025-10-30T16:03:16.046Z] > git config --get commit.template [16ms]
[2025-10-30T16:03:52.535Z] > git symbolic-ref --short HEAD [2ms]
[2025-10-30T16:03:52.560Z] > git for-each-ref --format=%(refname)%00%(upstream:short)%00%(objectname) refs/heads/master refs/remotes/master [2ms]
[2025-10-30T16:03:52.616Z] > git for-each-ref --sort -committerdate --format %(refname) %(objectname) %(*objectname) [35ms]
[2025-10-30T16:03:52.617Z] > git remote --verbose [2ms]
[2025-10-30T16:04:01.219Z] > git config --get commit.template [17ms]
[2025-10-30T16:04:03.180Z] > git ls-files --stage -- /home/djuric/DataAnalysisHEP_venv/vjezbe2/zadatak1/root.py [3ms]
[2025-10-30T16:04:06.389Z] > git symbolic-ref --short HEAD [2ms]
[2025-10-30T16:04:06.410Z] > git for-each-ref --format=%(refname)%00%(upstream:short)%00%(objectname) refs/heads/master refs/remotes/master [2ms]
[2025-10-30T16:04:06.462Z] > git for-each-ref --sort -committerdate --format %(refname) %(objectname) %(*objectname) [33ms]
[2025-10-30T16:04:06.463Z] > git remote --verbose [3ms]
[2025-10-30T16:04:14.858Z] > git config --get commit.template [21ms]
[2025-10-30T16:09:34.766Z] > git symbolic-ref --short HEAD [1ms]
[2025-10-30T16:09:34.779Z] > git for-each-ref --format=%(refname)%00%(upstream:short)%00%(objectname) refs/heads/master refs/remotes/master [2ms]
[2025-10-30T16:09:34.809Z] > git for-each-ref --sort -committerdate --format %(refname) %(objectname) %(*objectname) [18ms]
[2025-10-30T16:09:34.809Z] > git remote --verbose [2ms]
[2025-10-30T16:09:43.407Z] > git config --get commit.template [21ms]
[2025-10-30T16:12:20.380Z] > git symbolic-ref --short HEAD [2ms]
[2025-10-30T16:12:20.394Z] > git for-each-ref --format=%(refname)%00%(upstream:short)%00%(objectname) refs/heads/master refs/remotes/master [2ms]
[2025-10-30T16:12:20.426Z] > git for-each-ref --sort -committerdate --format %(refname) %(objectname) %(*objectname) [20ms]
[2025-10-30T16:12:20.427Z] > git remote --verbose [3ms]
[2025-10-30T16:12:29.570Z] > git config --get commit.template [27ms]
