[2025-11-13 07:39:43.874] [exthost] [info] Extension host with pid 14792 started
[2025-11-13 07:39:43.942] [exthost] [info] Lock '/home/djuric/.vscode-server/data/User/workspaceStorage/9b242f2ebf2bdc2b3aa251f745ca34eb/vscode.lock': Lock acquired.
[2025-11-13 07:39:44.219] [exthost] [info] ExtensionService#_doActivateExtension vscode.debug-auto-launch, startup: true, activationEvent: '*'
[2025-11-13 07:39:44.230] [exthost] [info] ExtensionService#_doActivateExtension vscode.git-base, startup: true, activationEvent: '*', root cause: vscode.git
[2025-11-13 07:39:44.238] [exthost] [info] ExtensionService#_doActivateExtension vscode.ipynb, startup: true, activationEvent: '*'
[2025-11-13 07:39:44.385] [exthost] [info] ExtensionService#_doActivateExtension vscode.git, startup: true, activationEvent: '*'
[2025-11-13 07:39:44.535] [exthost] [info] ExtensionService#_doActivateExtension vscode.github, startup: true, activationEvent: '*'
[2025-11-13 07:39:44.788] [exthost] [info] ExtensionService#_doActivateExtension vscode.emmet, startup: false, activationEvent: 'onStartupFinished'
[2025-11-13 07:39:44.825] [exthost] [info] ExtensionService#_doActivateExtension vscode.merge-conflict, startup: false, activationEvent: 'onStartupFinished'
[2025-11-13 07:39:44.834] [exthost] [info] Eager extensions activated
[2025-11-13 07:39:45.246] [exthost] [warning] [Decorations] CAPPING events from decorations provider vscode.git 5045
[2025-11-13 07:39:48.461] [exthost] [info] ExtensionService#_doActivateExtension vscode.configuration-editing, startup: false, activationEvent: 'onLanguage:jsonc'
[2025-11-13 07:39:48.473] [exthost] [info] ExtensionService#_doActivateExtension vscode.json-language-features, startup: false, activationEvent: 'onLanguage:jsonc'
[2025-11-13 07:39:48.612] [exthost] [info] ExtensionService#_doActivateExtension vscode.typescript-language-features, startup: false, activationEvent: 'onLanguage:jsonc'
[2025-11-13 07:39:49.724] [exthost] [warning] [Decorations] CAPPING events from decorations provider vscode.git 5045
[2025-11-13 07:48:36.991] [exthost] [error] {"message":"Git error","stdout":"","stderr":"fatal: '/home/djuric/DataAnalysisHEP_venv/bin/python' is outside repository\n","exitCode":128}
[2025-11-13 07:48:36.991] [exthost] [error] {"message":"Git error","stdout":"","stderr":"fatal: '/home/djuric/DataAnalysisHEP_venv/bin/python' is outside repository\n","exitCode":128}
[2025-11-13 07:48:36.991] [exthost] [error] {"message":"Git error","stdout":"","stderr":"fatal: '/home/djuric/DataAnalysisHEP_venv/bin/python' is outside repository\n","exitCode":128}
[2025-11-13 07:48:36.991] [exthost] [error] {"message":"Git error","stdout":"","stderr":"fatal: '/home/djuric/DataAnalysisHEP_venv/bin/python' is outside repository\n","exitCode":128}
[2025-11-13 07:48:36.991] [exthost] [error] {"message":"Git error","stdout":"","stderr":"fatal: '/home/djuric/DataAnalysisHEP_venv/bin/python' is outside repository\n","exitCode":128}
[2025-11-13 07:48:36.991] [exthost] [error] {"message":"Git error","stdout":"","stderr":"fatal: '/home/djuric/DataAnalysisHEP_venv/bin/python' is outside repository\n","exitCode":128}
[2025-11-13 07:48:36.991] [exthost] [error] {"message":"Git error","stdout":"","stderr":"fatal: '/home/djuric/DataAnalysisHEP_venv/bin/python' is outside repository\n","exitCode":128}
[2025-11-13 07:48:36.991] [exthost] [error] {"message":"Git error","stdout":"","stderr":"fatal: '/home/djuric/DataAnalysisHEP_venv/bin/python' is outside repository\n","exitCode":128}
[2025-11-13 07:48:36.991] [exthost] [error] {"message":"Git error","stdout":"","stderr":"fatal: '/home/djuric/DataAnalysisHEP_venv/bin/python' is outside repository\n","exitCode":128}
[2025-11-13 07:48:36.991] [exthost] [error] {"message":"Git error","stdout":"","stderr":"fatal: '/home/djuric/DataAnalysisHEP_venv/bin/python' is outside repository\n","exitCode":128}
[2025-11-13 07:48:46.039] [exthost] [warning] [Decorations] CAPPING events from decorations provider vscode.git 5045
[2025-11-13 07:49:00.006] [exthost] [warning] [Decorations] CAPPING events from decorations provider vscode.git 5045
[2025-11-13 07:49:32.090] [exthost] [warning] [Decorations] CAPPING events from decorations provider vscode.git 5045
[2025-11-13 07:49:42.823] [exthost] [warning] [Decorations] CAPPING events from decorations provider vscode.git 5046
[2025-11-13 07:49:56.775] [exthost] [warning] [Decorations] CAPPING events from decorations provider vscode.git 5046
[2025-11-13 07:50:11.988] [exthost] [warning] [Decorations] CAPPING events from decorations provider vscode.git 5046
[2025-11-13 07:50:22.613] [exthost] [warning] [Decorations] CAPPING events from decorations provider vscode.git 5046
[2025-11-13 07:50:35.420] [exthost] [warning] [Decorations] CAPPING events from decorations provider vscode.git 5046
[2025-11-13 07:50:46.050] [exthost] [warning] [Decorations] CAPPING events from decorations provider vscode.git 5046
[2025-11-13 07:50:58.262] [exthost] [warning] [Decorations] CAPPING events from decorations provider vscode.git 5046
[2025-11-13 07:51:08.893] [exthost] [warning] [Decorations] CAPPING events from decorations provider vscode.git 5046
[2025-11-13 07:51:19.446] [exthost] [warning] [Decorations] CAPPING events from decorations provider vscode.git 5046
[2025-11-13 07:51:33.319] [exthost] [warning] [Decorations] CAPPING events from decorations provider vscode.git 5046
[2025-11-13 07:52:56.355] [exthost] [warning] [Decorations] CAPPING events from decorations provider vscode.git 5046
[2025-11-13 07:53:07.100] [exthost] [warning] [Decorations] CAPPING events from decorations provider vscode.git 5046
[2025-11-13 07:53:17.687] [exthost] [warning] [Decorations] CAPPING events from decorations provider vscode.git 5046
[2025-11-13 07:53:41.440] [exthost] [warning] [Decorations] CAPPING events from decorations provider vscode.git 5046
[2025-11-13 07:53:52.053] [exthost] [warning] [Decorations] CAPPING events from decorations provider vscode.git 5046
[2025-11-13 07:54:02.689] [exthost] [warning] [Decorations] CAPPING events from decorations provider vscode.git 5046
[2025-11-13 07:57:48.033] [exthost] [warning] [Decorations] CAPPING events from decorations provider vscode.git 5046
[2025-11-13 07:57:58.783] [exthost] [warning] [Decorations] CAPPING events from decorations provider vscode.git 5046
[2025-11-13 07:58:18.518] [exthost] [warning] [Decorations] CAPPING events from decorations provider vscode.git 5046
[2025-11-13 07:58:29.102] [exthost] [warning] [Decorations] CAPPING events from decorations provider vscode.git 5046
[2025-11-13 07:58:39.685] [exthost] [warning] [Decorations] CAPPING events from decorations provider vscode.git 5046
[2025-11-13 08:01:00.761] [exthost] [warning] [Decorations] CAPPING events from decorations provider vscode.git 5046
[2025-11-13 08:01:11.506] [exthost] [warning] [Decorations] CAPPING events from decorations provider vscode.git 5046
[2025-11-13 08:01:22.341] [exthost] [warning] [Decorations] CAPPING events from decorations provider vscode.git 5046
[2025-11-13 08:01:36.323] [exthost] [warning] [Decorations] CAPPING events from decorations provider vscode.git 5046
[2025-11-13 08:01:46.904] [exthost] [warning] [Decorations] CAPPING events from decorations provider vscode.git 5046
[2025-11-13 08:01:57.447] [exthost] [warning] [Decorations] CAPPING events from decorations provider vscode.git 5046
[2025-11-13 08:02:08.000] [exthost] [warning] [Decorations] CAPPING events from decorations provider vscode.git 5046
[2025-11-13 08:02:19.183] [exthost] [warning] [Decorations] CAPPING events from decorations provider vscode.git 5046
[2025-11-13 08:02:29.691] [exthost] [warning] [Decorations] CAPPING events from decorations provider vscode.git 5046
[2025-11-13 08:02:56.036] [exthost] [warning] [Decorations] CAPPING events from decorations provider vscode.git 5046
[2025-11-13 08:03:15.555] [exthost] [warning] [Decorations] CAPPING events from decorations provider vscode.git 5046
[2025-11-13 08:03:26.982] [exthost] [warning] [Decorations] CAPPING events from decorations provider vscode.git 5046
[2025-11-13 08:03:37.515] [exthost] [warning] [Decorations] CAPPING events from decorations provider vscode.git 5046
[2025-11-13 08:03:52.589] [exthost] [warning] [Decorations] CAPPING events from decorations provider vscode.git 5046
[2025-11-13 08:04:05.760] [exthost] [warning] [Decorations] CAPPING events from decorations provider vscode.git 5046
[2025-11-13 08:04:19.327] [exthost] [warning] [Decorations] CAPPING events from decorations provider vscode.git 5046
[2025-11-13 08:04:29.885] [exthost] [warning] [Decorations] CAPPING events from decorations provider vscode.git 5046
[2025-11-13 08:04:40.441] [exthost] [warning] [Decorations] CAPPING events from decorations provider vscode.git 5046
[2025-11-13 08:04:50.987] [exthost] [warning] [Decorations] CAPPING events from decorations provider vscode.git 5046
[2025-11-13 08:05:01.541] [exthost] [warning] [Decorations] CAPPING events from decorations provider vscode.git 5046
[2025-11-13 08:05:15.721] [exthost] [warning] [Decorations] CAPPING events from decorations provider vscode.git 5046
[2025-11-13 08:05:26.268] [exthost] [warning] [Decorations] CAPPING events from decorations provider vscode.git 5046
[2025-11-13 08:05:39.011] [exthost] [warning] [Decorations] CAPPING events from decorations provider vscode.git 5046
[2025-11-13 08:05:49.555] [exthost] [warning] [Decorations] CAPPING events from decorations provider vscode.git 5046
[2025-11-13 08:06:00.150] [exthost] [warning] [Decorations] CAPPING events from decorations provider vscode.git 5046
[2025-11-13 08:06:10.688] [exthost] [warning] [Decorations] CAPPING events from decorations provider vscode.git 5046
[2025-11-13 08:06:21.244] [exthost] [warning] [Decorations] CAPPING events from decorations provider vscode.git 5046
[2025-11-13 08:06:31.767] [exthost] [warning] [Decorations] CAPPING events from decorations provider vscode.git 5046
[2025-11-13 08:06:42.303] [exthost] [warning] [Decorations] CAPPING events from decorations provider vscode.git 5046
[2025-11-13 08:07:14.826] [exthost] [warning] [Decorations] CAPPING events from decorations provider vscode.git 5046
[2025-11-13 08:07:25.557] [exthost] [warning] [Decorations] CAPPING events from decorations provider vscode.git 5046
[2025-11-13 08:07:38.201] [exthost] [warning] [Decorations] CAPPING events from decorations provider vscode.git 5046
[2025-11-13 08:07:57.366] [exthost] [warning] [Decorations] CAPPING events from decorations provider vscode.git 5046
[2025-11-13 08:08:07.929] [exthost] [warning] [Decorations] CAPPING events from decorations provider vscode.git 5046
[2025-11-13 08:09:40.582] [exthost] [warning] [Decorations] CAPPING events from decorations provider vscode.git 5046
[2025-11-13 08:09:51.276] [exthost] [warning] [Decorations] CAPPING events from decorations provider vscode.git 5046
[2025-11-13 08:10:01.909] [exthost] [warning] [Decorations] CAPPING events from decorations provider vscode.git 5046
[2025-11-13 08:12:04.259] [exthost] [warning] [Decorations] CAPPING events from decorations provider vscode.git 5046
[2025-11-13 08:12:14.911] [exthost] [warning] [Decorations] CAPPING events from decorations provider vscode.git 5047
[2025-11-13 08:12:25.888] [exthost] [warning] [Decorations] CAPPING events from decorations provider vscode.git 5047
[2025-11-13 08:15:39.155] [exthost] [warning] [Decorations] CAPPING events from decorations provider vscode.git 5047
[2025-11-13 08:16:15.873] [exthost] [warning] [Decorations] CAPPING events from decorations provider vscode.git 5048
[2025-11-13 08:16:30.871] [exthost] [warning] [Decorations] CAPPING events from decorations provider vscode.git 5048
[2025-11-13 08:22:38.130] [exthost] [warning] [Decorations] CAPPING events from decorations provider vscode.git 5048
[2025-11-13 08:23:27.957] [exthost] [warning] [Decorations] CAPPING events from decorations provider vscode.git 5048
[2025-11-13 08:23:38.679] [exthost] [warning] [Decorations] CAPPING events from decorations provider vscode.git 5048
[2025-11-13 08:23:49.202] [exthost] [warning] [Decorations] CAPPING events from decorations provider vscode.git 5049
[2025-11-13 08:23:59.735] [exthost] [warning] [Decorations] CAPPING events from decorations provider vscode.git 5048
[2025-11-13 08:25:13.311] [exthost] [warning] [Decorations] CAPPING events from decorations provider vscode.git 5047
[2025-11-13 08:25:24.037] [exthost] [warning] [Decorations] CAPPING events from decorations provider vscode.git 5047
[2025-11-13 08:25:54.626] [exthost] [warning] [Decorations] CAPPING events from decorations provider vscode.git 5047
[2025-11-13 08:26:05.269] [exthost] [warning] [Decorations] CAPPING events from decorations provider vscode.git 5047
[2025-11-13 08:26:15.830] [exthost] [warning] [Decorations] CAPPING events from decorations provider vscode.git 5047
[2025-11-13 08:26:26.861] [exthost] [warning] [Decorations] CAPPING events from decorations provider vscode.git 5047
[2025-11-13 08:27:16.588] [exthost] [warning] [Decorations] CAPPING events from decorations provider vscode.git 5047
[2025-11-13 08:27:27.411] [exthost] [warning] [Decorations] CAPPING events from decorations provider vscode.git 5047
[2025-11-13 08:27:37.992] [exthost] [warning] [Decorations] CAPPING events from decorations provider vscode.git 5047
[2025-11-13 08:28:29.641] [exthost] [warning] [Decorations] CAPPING events from decorations provider vscode.git 5047
[2025-11-13 08:28:40.314] [exthost] [warning] [Decorations] CAPPING events from decorations provider vscode.git 5047
[2025-11-13 08:28:50.854] [exthost] [warning] [Decorations] CAPPING events from decorations provider vscode.git 5047
[2025-11-13 08:29:01.475] [exthost] [warning] [Decorations] CAPPING events from decorations provider vscode.git 5047
[2025-11-13 08:29:12.046] [exthost] [warning] [Decorations] CAPPING events from decorations provider vscode.git 5047
[2025-11-13 08:29:22.598] [exthost] [warning] [Decorations] CAPPING events from decorations provider vscode.git 5047
[2025-11-13 08:29:33.177] [exthost] [warning] [Decorations] CAPPING events from decorations provider vscode.git 5047
[2025-11-13 08:29:43.716] [exthost] [warning] [Decorations] CAPPING events from decorations provider vscode.git 5047
[2025-11-13 08:29:54.230] [exthost] [warning] [Decorations] CAPPING events from decorations provider vscode.git 5047
[2025-11-13 08:30:04.797] [exthost] [warning] [Decorations] CAPPING events from decorations provider vscode.git 5047
[2025-11-13 08:30:15.359] [exthost] [warning] [Decorations] CAPPING events from decorations provider vscode.git 5047
[2025-11-13 08:30:28.136] [exthost] [warning] [Decorations] CAPPING events from decorations provider vscode.git 5048
[2025-11-13 12:09:00.709] [exthost] [info] extension host terminating: renderer disconnected for too long (1)
[2025-11-13 12:09:00.710] [exthost] [info] Lock '/home/djuric/.vscode-server/data/User/workspaceStorage/9b242f2ebf2bdc2b3aa251f745ca34eb/vscode.lock': Marking the lockfile as scheduled to be released in 6000 ms.
[2025-11-13 12:09:00.736] [exthost] [info] Extension host with pid 14792 exiting with code 0
