[2025-11-07T17:32:52.851Z] Validating found git in: git
[2025-11-07T17:32:52.928Z] Using git 1.8.3.1 from git
[2025-11-07T17:32:53.070Z] > git rev-parse --git-dir [43ms]
[2025-11-07T17:32:53.082Z] Open repository: /home/djuric
[2025-11-07T17:32:53.342Z] > git symbolic-ref --short HEAD [5ms]
[2025-11-07T17:32:53.355Z] > git for-each-ref --format=%(refname)%00%(upstream:short)%00%(objectname) refs/heads/master refs/remotes/master [2ms]
[2025-11-07T17:32:53.389Z] > git remote --verbose [3ms]
[2025-11-07T17:32:53.390Z] > git for-each-ref --sort -committerdate --format %(refname) %(objectname) %(*objectname) [22ms]
[2025-11-07T17:32:53.409Z] > git config --get commit.template [1ms]
[2025-11-07T17:32:53.917Z] > git ls-files --stage -- /home/djuric/DataAnalysisHEP_venv/vjezbe2/zadatak1/root.py [18ms]
[2025-11-07T17:32:53.932Z] > git cat-file -s cbf1e23c6e4e083906f5d534e408339fa9ee066e [2ms]
[2025-11-07T17:48:48.877Z] > git symbolic-ref --short HEAD [2ms]
[2025-11-07T17:48:48.889Z] > git for-each-ref --format=%(refname)%00%(upstream:short)%00%(objectname) refs/heads/master refs/remotes/master [3ms]
[2025-11-07T17:48:48.913Z] > git for-each-ref --sort -committerdate --format %(refname) %(objectname) %(*objectname) [15ms]
[2025-11-07T17:48:48.914Z] > git remote --verbose [3ms]
[2025-11-07T17:48:48.930Z] > git config --get commit.template [2ms]
[2025-11-07T17:48:54.173Z] > git ls-files --stage -- /home/djuric/DataAnalysisHEP_venv/DataAnalysisHEP_venv/zadatak1/root.py [17ms]
[2025-11-07T17:48:55.038Z] > git symbolic-ref --short HEAD [2ms]
[2025-11-07T17:48:55.050Z] > git for-each-ref --format=%(refname)%00%(upstream:short)%00%(objectname) refs/heads/master refs/remotes/master [3ms]
[2025-11-07T17:48:55.074Z] > git for-each-ref --sort -committerdate --format %(refname) %(objectname) %(*objectname) [15ms]
[2025-11-07T17:48:55.075Z] > git remote --verbose [3ms]
[2025-11-07T17:48:55.091Z] > git config --get commit.template [2ms]
[2025-11-07T17:49:04.710Z] > git ls-files --stage -- /home/djuric/DataAnalysisHEP_venv/vjezbe2/zadatak1/root.py [17ms]
[2025-11-07T17:49:04.722Z] > git cat-file -s cbf1e23c6e4e083906f5d534e408339fa9ee066e [1ms]
[2025-11-07T17:49:05.603Z] > git symbolic-ref --short HEAD [2ms]
[2025-11-07T17:49:05.615Z] > git for-each-ref --format=%(refname)%00%(upstream:short)%00%(objectname) refs/heads/master refs/remotes/master [3ms]
[2025-11-07T17:49:05.641Z] > git remote --verbose [4ms]
[2025-11-07T17:49:05.641Z] > git for-each-ref --sort -committerdate --format %(refname) %(objectname) %(*objectname) [17ms]
[2025-11-07T17:49:05.661Z] > git config --get commit.template [3ms]
[2025-11-07T17:49:37.647Z] > git ls-files --stage -- /home/djuric/DataAnalysisHEP_venv/vjezbe2/zadatak1/zadatak2.py [17ms]
[2025-11-07T17:49:38.563Z] > git symbolic-ref --short HEAD [2ms]
[2025-11-07T17:49:38.576Z] > git for-each-ref --format=%(refname)%00%(upstream:short)%00%(objectname) refs/heads/master refs/remotes/master [2ms]
[2025-11-07T17:49:38.600Z] > git for-each-ref --sort -committerdate --format %(refname) %(objectname) %(*objectname) [15ms]
[2025-11-07T17:49:38.600Z] > git remote --verbose [2ms]
[2025-11-07T17:49:38.615Z] > git config --get commit.template [2ms]
[2025-11-07T17:50:23.338Z] > git ls-files --stage -- /home/djuric/DataAnalysisHEP_venv/vjezbe2/zadatak1/root.py [18ms]
[2025-11-07T17:50:23.350Z] > git cat-file -s cbf1e23c6e4e083906f5d534e408339fa9ee066e [1ms]
[2025-11-07T17:50:24.362Z] > git symbolic-ref --short HEAD [2ms]
[2025-11-07T17:50:24.374Z] > git for-each-ref --format=%(refname)%00%(upstream:short)%00%(objectname) refs/heads/master refs/remotes/master [2ms]
[2025-11-07T17:50:24.398Z] > git for-each-ref --sort -committerdate --format %(refname) %(objectname) %(*objectname) [15ms]
[2025-11-07T17:50:24.398Z] > git remote --verbose [2ms]
[2025-11-07T17:50:24.413Z] > git config --get commit.template [1ms]
[2025-11-07T17:50:37.699Z] > git ls-files --stage -- /home/djuric/DataAnalysisHEP_venv/DataAnalysisHEP_venv/zadatak1/root.py [17ms]
[2025-11-07T17:50:38.589Z] > git symbolic-ref --short HEAD [2ms]
[2025-11-07T17:50:38.600Z] > git for-each-ref --format=%(refname)%00%(upstream:short)%00%(objectname) refs/heads/master refs/remotes/master [2ms]
[2025-11-07T17:50:38.625Z] > git for-each-ref --sort -committerdate --format %(refname) %(objectname) %(*objectname) [15ms]
[2025-11-07T17:50:38.625Z] > git remote --verbose [2ms]
[2025-11-07T17:50:38.641Z] > git config --get commit.template [2ms]
[2025-11-07T17:50:43.889Z] > git symbolic-ref --short HEAD [1ms]
[2025-11-07T17:50:43.902Z] > git for-each-ref --format=%(refname)%00%(upstream:short)%00%(objectname) refs/heads/master refs/remotes/master [2ms]
[2025-11-07T17:50:43.929Z] > git for-each-ref --sort -committerdate --format %(refname) %(objectname) %(*objectname) [18ms]
[2025-11-07T17:50:43.929Z] > git remote --verbose [5ms]
[2025-11-07T17:50:43.944Z] > git config --get commit.template [1ms]
[2025-11-07T17:50:47.970Z] > git ls-files --stage -- /home/djuric/DataAnalysisHEP_venv/vjezbe2/zadatak1/root.py [17ms]
[2025-11-07T17:50:47.983Z] > git cat-file -s cbf1e23c6e4e083906f5d534e408339fa9ee066e [2ms]
[2025-11-07T17:50:49.192Z] > git symbolic-ref --short HEAD [2ms]
[2025-11-07T17:50:49.203Z] > git for-each-ref --format=%(refname)%00%(upstream:short)%00%(objectname) refs/heads/master refs/remotes/master [2ms]
[2025-11-07T17:50:49.228Z] > git for-each-ref --sort -committerdate --format %(refname) %(objectname) %(*objectname) [16ms]
[2025-11-07T17:50:49.229Z] > git remote --verbose [3ms]
[2025-11-07T17:50:49.243Z] > git config --get commit.template [2ms]
[2025-11-07T17:50:58.930Z] > git ls-files --stage -- /home/djuric/DataAnalysisHEP_venv/DataAnalysisHEP_venv/zadatak1/root.py [17ms]
[2025-11-07T17:50:59.807Z] > git symbolic-ref --short HEAD [2ms]
[2025-11-07T17:50:59.818Z] > git for-each-ref --format=%(refname)%00%(upstream:short)%00%(objectname) refs/heads/master refs/remotes/master [2ms]
[2025-11-07T17:50:59.844Z] > git for-each-ref --sort -committerdate --format %(refname) %(objectname) %(*objectname) [17ms]
[2025-11-07T17:50:59.844Z] > git remote --verbose [2ms]
[2025-11-07T17:50:59.864Z] > git config --get commit.template [2ms]
[2025-11-07T17:51:09.867Z] > git symbolic-ref --short HEAD [2ms]
[2025-11-07T17:51:09.880Z] > git for-each-ref --format=%(refname)%00%(upstream:short)%00%(objectname) refs/heads/master refs/remotes/master [3ms]
[2025-11-07T17:51:09.904Z] > git for-each-ref --sort -committerdate --format %(refname) %(objectname) %(*objectname) [15ms]
[2025-11-07T17:51:09.905Z] > git remote --verbose [3ms]
[2025-11-07T17:51:09.922Z] > git config --get commit.template [2ms]
[2025-11-07T17:51:14.132Z] > git ls-files --stage -- /home/djuric/DataAnalysisHEP_venv/DataAnalysisHEP_venv/vjezbe2/zadatak1/root.py [18ms]
[2025-11-07T17:51:15.170Z] > git symbolic-ref --short HEAD [2ms]
[2025-11-07T17:51:15.182Z] > git for-each-ref --format=%(refname)%00%(upstream:short)%00%(objectname) refs/heads/master refs/remotes/master [3ms]
[2025-11-07T17:51:15.206Z] > git for-each-ref --sort -committerdate --format %(refname) %(objectname) %(*objectname) [15ms]
[2025-11-07T17:51:15.207Z] > git remote --verbose [3ms]
[2025-11-07T17:51:15.222Z] > git config --get commit.template [2ms]
[2025-11-07T17:51:40.527Z] > git ls-files --stage -- /home/djuric/DataAnalysisHEP_venv/DataAnalysisHEP_venv/vjezbe2/zadatak1/root.py [17ms]
[2025-11-07T17:51:40.540Z] > git cat-file -s cbf1e23c6e4e083906f5d534e408339fa9ee066e [1ms]
[2025-11-07T17:51:40.600Z] > git symbolic-ref --short HEAD [2ms]
[2025-11-07T17:51:40.612Z] > git for-each-ref --format=%(refname)%00%(upstream:short)%00%(objectname) refs/heads/master refs/remotes/master [2ms]
[2025-11-07T17:51:40.637Z] > git for-each-ref --sort -committerdate --format %(refname) %(objectname) %(*objectname) [15ms]
[2025-11-07T17:51:40.637Z] > git remote --verbose [2ms]
[2025-11-07T17:51:40.652Z] > git config --get commit.template [2ms]
[2025-11-07T17:52:41.331Z] > git ls-files --stage -- /home/djuric/DataAnalysisHEP_venv/DataAnalysisHEP_venv/vjezbe2/zadatak1/root.py [17ms]
[2025-11-07T17:52:41.345Z] > git cat-file -s cbf1e23c6e4e083906f5d534e408339fa9ee066e [2ms]
[2025-11-07T17:52:41.426Z] > git symbolic-ref --short HEAD [1ms]
[2025-11-07T17:52:41.439Z] > git for-each-ref --format=%(refname)%00%(upstream:short)%00%(objectname) refs/heads/master refs/remotes/master [2ms]
[2025-11-07T17:52:41.464Z] > git for-each-ref --sort -committerdate --format %(refname) %(objectname) %(*objectname) [15ms]
[2025-11-07T17:52:41.465Z] > git remote --verbose [3ms]
[2025-11-07T17:52:41.480Z] > git config --get commit.template [2ms]
[2025-11-07T17:56:07.185Z] > git ls-files --stage -- /home/djuric/DataAnalysisHEP_venv/DataAnalysisHEP_venv/vjezbe2/zadatak1/root.py [19ms]
[2025-11-07T17:56:07.198Z] > git cat-file -s cbf1e23c6e4e083906f5d534e408339fa9ee066e [3ms]
[2025-11-07T17:56:07.276Z] > git symbolic-ref --short HEAD [2ms]
[2025-11-07T17:56:07.288Z] > git for-each-ref --format=%(refname)%00%(upstream:short)%00%(objectname) refs/heads/master refs/remotes/master [2ms]
[2025-11-07T17:56:07.313Z] > git for-each-ref --sort -committerdate --format %(refname) %(objectname) %(*objectname) [15ms]
[2025-11-07T17:56:07.314Z] > git remote --verbose [3ms]
[2025-11-07T17:56:07.330Z] > git config --get commit.template [2ms]
[2025-11-07T18:15:58.694Z] > git ls-files --stage -- /home/djuric/DataAnalysisHEP_venv/DataAnalysisHEP_venv/pyvenv.cfg [19ms]
[2025-11-07T18:15:58.708Z] > git cat-file -s cfaebefb47f001a7f0f6a7bbb1a74a1af126d702 [2ms]
[2025-11-07T18:51:04.037Z] > git symbolic-ref --short HEAD [2ms]
[2025-11-07T18:51:04.049Z] > git for-each-ref --format=%(refname)%00%(upstream:short)%00%(objectname) refs/heads/master refs/remotes/master [2ms]
[2025-11-07T18:51:04.074Z] > git for-each-ref --sort -committerdate --format %(refname) %(objectname) %(*objectname) [16ms]
[2025-11-07T18:51:04.075Z] > git remote --verbose [3ms]
[2025-11-07T18:51:04.090Z] > git config --get commit.template [2ms]
[2025-11-07T18:51:06.937Z] > git ls-files --stage -- /home/djuric/DataAnalysisHEP_venv/DataAnalysisHEP_venv/.gitignore [18ms]
[2025-11-07T18:51:15.318Z] > git symbolic-ref --short HEAD [2ms]
[2025-11-07T18:51:15.330Z] > git for-each-ref --format=%(refname)%00%(upstream:short)%00%(objectname) refs/heads/master refs/remotes/master [3ms]
[2025-11-07T18:51:15.355Z] > git for-each-ref --sort -committerdate --format %(refname) %(objectname) %(*objectname) [16ms]
[2025-11-07T18:51:15.355Z] > git remote --verbose [2ms]
[2025-11-07T18:51:15.370Z] > git config --get commit.template [2ms]
[2025-11-07T18:51:17.855Z] > git ls-files --stage -- /home/djuric/DataAnalysisHEP_venv/DataAnalysisHEP_venv/vjezbe2/zadatak1/root.py [17ms]
[2025-11-07T18:51:17.871Z] > git cat-file -s cbf1e23c6e4e083906f5d534e408339fa9ee066e [1ms]
[2025-11-07T18:56:22.484Z] > git symbolic-ref --short HEAD [2ms]
[2025-11-07T18:56:22.496Z] > git for-each-ref --format=%(refname)%00%(upstream:short)%00%(objectname) refs/heads/master refs/remotes/master [2ms]
[2025-11-07T18:56:22.521Z] > git for-each-ref --sort -committerdate --format %(refname) %(objectname) %(*objectname) [15ms]
[2025-11-07T18:56:22.522Z] > git remote --verbose [2ms]
[2025-11-07T18:56:22.537Z] > git config --get commit.template [2ms]
