[2025-12-19T07:57:33.993Z] Validating found git in: git
[2025-12-19T07:57:34.066Z] Using git 1.8.3.1 from git
[2025-12-19T07:57:34.162Z] > git rev-parse --git-dir [49ms]
[2025-12-19T07:57:34.182Z] Open repository: /home/djuric/DataAnalysisHEP_venv
[2025-12-19T07:57:34.300Z] > git symbolic-ref --short HEAD [2ms]
[2025-12-19T07:57:34.314Z] > git for-each-ref --format=%(refname)%00%(upstream:short)%00%(objectname) refs/heads/main refs/remotes/main [2ms]
[2025-12-19T07:57:34.350Z] > git remote --verbose [14ms]
[2025-12-19T07:57:34.351Z] > git for-each-ref --sort -committerdate --format %(refname) %(objectname) %(*objectname) [27ms]
[2025-12-19T07:57:37.685Z] > git config --get commit.template [34ms]
[2025-12-19T07:58:03.689Z] > git ls-files --stage -- /home/djuric/DataAnalysisHEP_venv/DataAnalysisHEP_venv/vjezbe5/zadaci.py [4ms]
[2025-12-19T08:00:38.911Z] > git ls-files --stage -- /home/djuric/DataAnalysisHEP_venv/DataAnalysisHEP_venv/vjezbe5/zadaci.py [3ms]
[2025-12-19T08:04:38.544Z] > git symbolic-ref --short HEAD [2ms]
[2025-12-19T08:04:38.558Z] > git for-each-ref --format=%(refname)%00%(upstream:short)%00%(objectname) refs/heads/main refs/remotes/main [2ms]
[2025-12-19T08:04:38.585Z] > git remote --verbose [3ms]
[2025-12-19T08:04:38.586Z] > git for-each-ref --sort -committerdate --format %(refname) %(objectname) %(*objectname) [18ms]
[2025-12-19T08:04:44.321Z] > git config --get commit.template [15ms]
[2025-12-19T08:04:49.434Z] > git symbolic-ref --short HEAD [2ms]
[2025-12-19T08:04:49.452Z] > git for-each-ref --format=%(refname)%00%(upstream:short)%00%(objectname) refs/heads/main refs/remotes/main [2ms]
[2025-12-19T08:04:49.494Z] > git for-each-ref --sort -committerdate --format %(refname) %(objectname) %(*objectname) [26ms]
[2025-12-19T08:04:49.496Z] > git remote --verbose [4ms]
[2025-12-19T08:04:54.977Z] > git config --get commit.template [13ms]
[2025-12-19T08:05:00.085Z] > git symbolic-ref --short HEAD [2ms]
[2025-12-19T08:05:00.104Z] > git for-each-ref --format=%(refname)%00%(upstream:short)%00%(objectname) refs/heads/main refs/remotes/main [3ms]
[2025-12-19T08:05:00.146Z] > git for-each-ref --sort -committerdate --format %(refname) %(objectname) %(*objectname) [26ms]
[2025-12-19T08:05:00.147Z] > git remote --verbose [3ms]
[2025-12-19T08:05:05.637Z] > git config --get commit.template [5340ms]
[2025-12-19T08:05:12.873Z] > git symbolic-ref --short HEAD [2ms]
[2025-12-19T08:05:12.892Z] > git for-each-ref --format=%(refname)%00%(upstream:short)%00%(objectname) refs/heads/main refs/remotes/main [2ms]
[2025-12-19T08:05:12.935Z] > git for-each-ref --sort -committerdate --format %(refname) %(objectname) %(*objectname) [26ms]
[2025-12-19T08:05:12.936Z] > git remote --verbose [3ms]
[2025-12-19T08:05:18.298Z] > git config --get commit.template [5213ms]
[2025-12-19T08:05:23.404Z] > git symbolic-ref --short HEAD [2ms]
[2025-12-19T08:05:23.424Z] > git for-each-ref --format=%(refname)%00%(upstream:short)%00%(objectname) refs/heads/main refs/remotes/main [3ms]
[2025-12-19T08:05:23.470Z] > git for-each-ref --sort -committerdate --format %(refname) %(objectname) %(*objectname) [28ms]
[2025-12-19T08:05:23.471Z] > git remote --verbose [3ms]
[2025-12-19T08:05:28.807Z] > git config --get commit.template [5184ms]
[2025-12-19T08:06:58.044Z] > git symbolic-ref --short HEAD [2ms]
[2025-12-19T08:06:58.057Z] > git for-each-ref --format=%(refname)%00%(upstream:short)%00%(objectname) refs/heads/main refs/remotes/main [3ms]
[2025-12-19T08:06:58.083Z] > git for-each-ref --sort -committerdate --format %(refname) %(objectname) %(*objectname) [16ms]
[2025-12-19T08:06:58.084Z] > git remote --verbose [3ms]
[2025-12-19T08:07:03.603Z] > git config --get commit.template [13ms]
[2025-12-19T08:08:27.534Z] > git symbolic-ref --short HEAD [2ms]
[2025-12-19T08:08:27.553Z] > git for-each-ref --format=%(refname)%00%(upstream:short)%00%(objectname) refs/heads/main refs/remotes/main [3ms]
[2025-12-19T08:08:27.595Z] > git for-each-ref --sort -committerdate --format %(refname) %(objectname) %(*objectname) [26ms]
[2025-12-19T08:08:27.596Z] > git remote --verbose [3ms]
[2025-12-19T08:08:33.103Z] > git config --get commit.template [19ms]
[2025-12-19T08:08:38.200Z] > git symbolic-ref --short HEAD [2ms]
[2025-12-19T08:08:38.217Z] > git for-each-ref --format=%(refname)%00%(upstream:short)%00%(objectname) refs/heads/main refs/remotes/main [2ms]
[2025-12-19T08:08:38.267Z] > git for-each-ref --sort -committerdate --format %(refname) %(objectname) %(*objectname) [30ms]
[2025-12-19T08:08:38.271Z] > git remote --verbose [6ms]
[2025-12-19T08:08:43.622Z] > git config --get commit.template [13ms]
[2025-12-19T08:09:19.112Z] > git symbolic-ref --short HEAD [2ms]
[2025-12-19T08:09:19.133Z] > git for-each-ref --format=%(refname)%00%(upstream:short)%00%(objectname) refs/heads/main refs/remotes/main [3ms]
[2025-12-19T08:09:19.180Z] > git for-each-ref --sort -committerdate --format %(refname) %(objectname) %(*objectname) [30ms]
[2025-12-19T08:09:19.180Z] > git remote --verbose [2ms]
[2025-12-19T08:09:24.713Z] > git config --get commit.template [14ms]
[2025-12-19T08:09:29.811Z] > git symbolic-ref --short HEAD [2ms]
[2025-12-19T08:09:29.829Z] > git for-each-ref --format=%(refname)%00%(upstream:short)%00%(objectname) refs/heads/main refs/remotes/main [2ms]
[2025-12-19T08:09:29.868Z] > git for-each-ref --sort -committerdate --format %(refname) %(objectname) %(*objectname) [24ms]
[2025-12-19T08:09:29.869Z] > git remote --verbose [2ms]
[2025-12-19T08:09:35.227Z] > git config --get commit.template [12ms]
[2025-12-19T08:10:57.760Z] > git ls-files --stage -- /home/djuric/DataAnalysisHEP_venv/DataAnalysisHEP_venv/vjezbe5/zadaci.py [4ms]
[2025-12-19T08:11:37.415Z] > git symbolic-ref --short HEAD [1ms]
[2025-12-19T08:11:37.428Z] > git for-each-ref --format=%(refname)%00%(upstream:short)%00%(objectname) refs/heads/main refs/remotes/main [3ms]
[2025-12-19T08:11:37.454Z] > git for-each-ref --sort -committerdate --format %(refname) %(objectname) %(*objectname) [16ms]
[2025-12-19T08:11:37.455Z] > git remote --verbose [3ms]
[2025-12-19T08:11:42.983Z] > git config --get commit.template [15ms]
[2025-12-19T08:11:48.083Z] > git symbolic-ref --short HEAD [2ms]
[2025-12-19T08:11:48.101Z] > git for-each-ref --format=%(refname)%00%(upstream:short)%00%(objectname) refs/heads/main refs/remotes/main [2ms]
[2025-12-19T08:11:48.144Z] > git for-each-ref --sort -committerdate --format %(refname) %(objectname) %(*objectname) [26ms]
[2025-12-19T08:11:48.145Z] > git remote --verbose [2ms]
[2025-12-19T08:11:53.494Z] > git config --get commit.template [5201ms]
[2025-12-19T08:11:58.597Z] > git symbolic-ref --short HEAD [3ms]
[2025-12-19T08:11:58.616Z] > git for-each-ref --format=%(refname)%00%(upstream:short)%00%(objectname) refs/heads/main refs/remotes/main [2ms]
[2025-12-19T08:11:58.662Z] > git for-each-ref --sort -committerdate --format %(refname) %(objectname) %(*objectname) [28ms]
[2025-12-19T08:11:58.662Z] > git remote --verbose [2ms]
[2025-12-19T08:12:04.027Z] > git config --get commit.template [11ms]
[2025-12-19T08:13:01.351Z] > git symbolic-ref --short HEAD [2ms]
[2025-12-19T08:13:01.370Z] > git for-each-ref --format=%(refname)%00%(upstream:short)%00%(objectname) refs/heads/main refs/remotes/main [3ms]
[2025-12-19T08:13:01.413Z] > git for-each-ref --sort -committerdate --format %(refname) %(objectname) %(*objectname) [27ms]
[2025-12-19T08:13:01.413Z] > git remote --verbose [2ms]
[2025-12-19T08:13:06.961Z] > git config --get commit.template [17ms]
[2025-12-19T08:13:11.914Z] > git ls-files --stage -- /home/djuric/DataAnalysisHEP_venv/DataAnalysisHEP_venv/vjezbe5/zadaci.py [3ms]
[2025-12-19T08:13:12.057Z] > git symbolic-ref --short HEAD [2ms]
[2025-12-19T08:13:12.078Z] > git for-each-ref --format=%(refname)%00%(upstream:short)%00%(objectname) refs/heads/main refs/remotes/main [3ms]
[2025-12-19T08:13:12.123Z] > git for-each-ref --sort -committerdate --format %(refname) %(objectname) %(*objectname) [26ms]
[2025-12-19T08:13:12.124Z] > git remote --verbose [3ms]
[2025-12-19T08:13:17.451Z] > git config --get commit.template [5172ms]
[2025-12-19T08:16:42.018Z] > git symbolic-ref --short HEAD [1ms]
[2025-12-19T08:16:42.031Z] > git for-each-ref --format=%(refname)%00%(upstream:short)%00%(objectname) refs/heads/main refs/remotes/main [2ms]
[2025-12-19T08:16:42.058Z] > git for-each-ref --sort -committerdate --format %(refname) %(objectname) %(*objectname) [16ms]
[2025-12-19T08:16:42.058Z] > git remote --verbose [2ms]
[2025-12-19T08:16:47.566Z] > git config --get commit.template [15ms]
[2025-12-19T08:16:52.674Z] > git symbolic-ref --short HEAD [1ms]
[2025-12-19T08:16:52.691Z] > git for-each-ref --format=%(refname)%00%(upstream:short)%00%(objectname) refs/heads/main refs/remotes/main [3ms]
[2025-12-19T08:16:52.730Z] > git for-each-ref --sort -committerdate --format %(refname) %(objectname) %(*objectname) [24ms]
[2025-12-19T08:16:52.731Z] > git remote --verbose [3ms]
[2025-12-19T08:16:58.133Z] > git config --get commit.template [13ms]
[2025-12-19T08:17:03.235Z] > git symbolic-ref --short HEAD [2ms]
[2025-12-19T08:17:03.254Z] > git for-each-ref --format=%(refname)%00%(upstream:short)%00%(objectname) refs/heads/main refs/remotes/main [2ms]
[2025-12-19T08:17:03.299Z] > git for-each-ref --sort -committerdate --format %(refname) %(objectname) %(*objectname) [27ms]
[2025-12-19T08:17:03.300Z] > git remote --verbose [2ms]
[2025-12-19T08:17:08.647Z] > git config --get commit.template [5201ms]
[2025-12-19T08:17:45.945Z] > git symbolic-ref --short HEAD [2ms]
[2025-12-19T08:17:45.966Z] > git for-each-ref --format=%(refname)%00%(upstream:short)%00%(objectname) refs/heads/main refs/remotes/main [2ms]
[2025-12-19T08:17:46.010Z] > git for-each-ref --sort -committerdate --format %(refname) %(objectname) %(*objectname) [26ms]
[2025-12-19T08:17:46.011Z] > git remote --verbose [2ms]
[2025-12-19T08:17:51.475Z] > git config --get commit.template [5302ms]
[2025-12-19T08:18:17.374Z] > git symbolic-ref --short HEAD [2ms]
[2025-12-19T08:18:17.387Z] > git for-each-ref --format=%(refname)%00%(upstream:short)%00%(objectname) refs/heads/main refs/remotes/main [3ms]
[2025-12-19T08:18:17.413Z] > git for-each-ref --sort -committerdate --format %(refname) %(objectname) %(*objectname) [15ms]
[2025-12-19T08:18:17.414Z] > git remote --verbose [2ms]
[2025-12-19T08:18:22.907Z] > git config --get commit.template [15ms]
[2025-12-19T08:18:28.005Z] > git symbolic-ref --short HEAD [2ms]
[2025-12-19T08:18:28.025Z] > git for-each-ref --format=%(refname)%00%(upstream:short)%00%(objectname) refs/heads/main refs/remotes/main [2ms]
[2025-12-19T08:18:28.064Z] > git for-each-ref --sort -committerdate --format %(refname) %(objectname) %(*objectname) [24ms]
[2025-12-19T08:18:28.064Z] > git remote --verbose [2ms]
[2025-12-19T08:18:33.355Z] > git config --get commit.template [5142ms]
[2025-12-19T08:18:39.623Z] > git symbolic-ref --short HEAD [2ms]
[2025-12-19T08:18:39.642Z] > git for-each-ref --format=%(refname)%00%(upstream:short)%00%(objectname) refs/heads/main refs/remotes/main [3ms]
[2025-12-19T08:18:39.694Z] > git for-each-ref --sort -committerdate --format %(refname) %(objectname) %(*objectname) [30ms]
[2025-12-19T08:18:39.695Z] > git remote --verbose [2ms]
[2025-12-19T08:18:45.004Z] > git config --get commit.template [5163ms]
[2025-12-19T08:18:50.109Z] > git symbolic-ref --short HEAD [2ms]
[2025-12-19T08:18:50.129Z] > git for-each-ref --format=%(refname)%00%(upstream:short)%00%(objectname) refs/heads/main refs/remotes/main [3ms]
[2025-12-19T08:18:50.175Z] > git for-each-ref --sort -committerdate --format %(refname) %(objectname) %(*objectname) [28ms]
[2025-12-19T08:18:50.176Z] > git remote --verbose [2ms]
[2025-12-19T08:18:55.487Z] > git config --get commit.template [5161ms]
[2025-12-19T08:19:08.355Z] > git symbolic-ref --short HEAD [2ms]
[2025-12-19T08:19:08.374Z] > git for-each-ref --format=%(refname)%00%(upstream:short)%00%(objectname) refs/heads/main refs/remotes/main [3ms]
[2025-12-19T08:19:08.417Z] > git for-each-ref --sort -committerdate --format %(refname) %(objectname) %(*objectname) [26ms]
[2025-12-19T08:19:08.418Z] > git remote --verbose [2ms]
[2025-12-19T08:19:13.752Z] > git config --get commit.template [5183ms]
[2025-12-19T08:19:38.946Z] > git symbolic-ref --short HEAD [2ms]
[2025-12-19T08:19:38.966Z] > git for-each-ref --format=%(refname)%00%(upstream:short)%00%(objectname) refs/heads/main refs/remotes/main [2ms]
[2025-12-19T08:19:39.013Z] > git for-each-ref --sort -committerdate --format %(refname) %(objectname) %(*objectname) [28ms]
[2025-12-19T08:19:39.013Z] > git remote --verbose [2ms]
[2025-12-19T08:19:44.506Z] > git config --get commit.template [13ms]
[2025-12-19T08:19:49.663Z] > git symbolic-ref --short HEAD [2ms]
[2025-12-19T08:19:49.681Z] > git for-each-ref --format=%(refname)%00%(upstream:short)%00%(objectname) refs/heads/main refs/remotes/main [2ms]
[2025-12-19T08:19:49.729Z] > git for-each-ref --sort -committerdate --format %(refname) %(objectname) %(*objectname) [29ms]
[2025-12-19T08:19:49.730Z] > git remote --verbose [3ms]
[2025-12-19T08:19:55.058Z] > git config --get commit.template [13ms]
[2025-12-19T08:20:00.161Z] > git symbolic-ref --short HEAD [2ms]
[2025-12-19T08:20:00.182Z] > git for-each-ref --format=%(refname)%00%(upstream:short)%00%(objectname) refs/heads/main refs/remotes/main [3ms]
[2025-12-19T08:20:00.231Z] > git for-each-ref --sort -committerdate --format %(refname) %(objectname) %(*objectname) [30ms]
[2025-12-19T08:20:00.232Z] > git remote --verbose [2ms]
[2025-12-19T08:20:05.593Z] > git config --get commit.template [16ms]
[2025-12-19T08:20:35.580Z] > git symbolic-ref --short HEAD [2ms]
[2025-12-19T08:20:35.601Z] > git for-each-ref --format=%(refname)%00%(upstream:short)%00%(objectname) refs/heads/main refs/remotes/main [2ms]
[2025-12-19T08:20:35.649Z] > git for-each-ref --sort -committerdate --format %(refname) %(objectname) %(*objectname) [30ms]
[2025-12-19T08:20:35.650Z] > git remote --verbose [3ms]
[2025-12-19T08:20:41.170Z] > git config --get commit.template [5373ms]
[2025-12-19T08:20:46.269Z] > git symbolic-ref --short HEAD [2ms]
[2025-12-19T08:20:46.286Z] > git for-each-ref --format=%(refname)%00%(upstream:short)%00%(objectname) refs/heads/main refs/remotes/main [2ms]
[2025-12-19T08:20:46.326Z] > git for-each-ref --sort -committerdate --format %(refname) %(objectname) %(*objectname) [24ms]
[2025-12-19T08:20:46.326Z] > git remote --verbose [2ms]
[2025-12-19T08:20:51.664Z] > git config --get commit.template [5184ms]
[2025-12-19T08:20:56.771Z] > git symbolic-ref --short HEAD [2ms]
[2025-12-19T08:20:56.791Z] > git for-each-ref --format=%(refname)%00%(upstream:short)%00%(objectname) refs/heads/main refs/remotes/main [2ms]
[2025-12-19T08:20:56.838Z] > git for-each-ref --sort -committerdate --format %(refname) %(objectname) %(*objectname) [29ms]
[2025-12-19T08:20:56.839Z] > git remote --verbose [3ms]
[2025-12-19T08:21:02.135Z] > git config --get commit.template [9ms]
[2025-12-19T08:21:07.239Z] > git symbolic-ref --short HEAD [2ms]
[2025-12-19T08:21:07.261Z] > git for-each-ref --format=%(refname)%00%(upstream:short)%00%(objectname) refs/heads/main refs/remotes/main [2ms]
[2025-12-19T08:21:07.308Z] > git for-each-ref --sort -committerdate --format %(refname) %(objectname) %(*objectname) [26ms]
[2025-12-19T08:21:07.308Z] > git remote --verbose [2ms]
[2025-12-19T08:21:12.649Z] > git config --get commit.template [5194ms]
[2025-12-19T08:21:17.753Z] > git symbolic-ref --short HEAD [2ms]
[2025-12-19T08:21:17.773Z] > git for-each-ref --format=%(refname)%00%(upstream:short)%00%(objectname) refs/heads/main refs/remotes/main [3ms]
[2025-12-19T08:21:17.820Z] > git for-each-ref --sort -committerdate --format %(refname) %(objectname) %(*objectname) [29ms]
[2025-12-19T08:21:17.820Z] > git remote --verbose [2ms]
[2025-12-19T08:21:23.138Z] > git config --get commit.template [5174ms]
[2025-12-19T08:21:25.783Z] > git ls-files --stage -- /home/djuric/DataAnalysisHEP_venv/DataAnalysisHEP_venv/vjezbe5/zadaci.py [3ms]
[2025-12-19T08:22:12.688Z] > git symbolic-ref --short HEAD [2ms]
[2025-12-19T08:22:12.707Z] > git for-each-ref --format=%(refname)%00%(upstream:short)%00%(objectname) refs/heads/main refs/remotes/main [3ms]
[2025-12-19T08:22:12.755Z] > git for-each-ref --sort -committerdate --format %(refname) %(objectname) %(*objectname) [31ms]
[2025-12-19T08:22:12.756Z] > git remote --verbose [3ms]
[2025-12-19T08:22:18.272Z] > git config --get commit.template [13ms]
[2025-12-19T08:22:26.368Z] > git symbolic-ref --short HEAD [2ms]
[2025-12-19T08:22:26.385Z] > git for-each-ref --format=%(refname)%00%(upstream:short)%00%(objectname) refs/heads/main refs/remotes/main [2ms]
[2025-12-19T08:22:26.425Z] > git for-each-ref --sort -committerdate --format %(refname) %(objectname) %(*objectname) [24ms]
[2025-12-19T08:22:26.426Z] > git remote --verbose [3ms]
[2025-12-19T08:22:31.723Z] > git config --get commit.template [5148ms]
[2025-12-19T08:22:43.892Z] > git ls-files --stage -- /home/djuric/DataAnalysisHEP_venv/DataAnalysisHEP_venv/vjezbe5/zadaci.py [3ms]
[2025-12-19T08:22:49.048Z] > git symbolic-ref --short HEAD [2ms]
[2025-12-19T08:22:49.074Z] > git for-each-ref --format=%(refname)%00%(upstream:short)%00%(objectname) refs/heads/main refs/remotes/main [3ms]
[2025-12-19T08:22:49.128Z] > git for-each-ref --sort -committerdate --format %(refname) %(objectname) %(*objectname) [30ms]
[2025-12-19T08:22:49.129Z] > git remote --verbose [2ms]
[2025-12-19T08:22:54.528Z] > git config --get commit.template [8ms]
[2025-12-19T08:22:59.634Z] > git symbolic-ref --short HEAD [2ms]
[2025-12-19T08:22:59.653Z] > git for-each-ref --format=%(refname)%00%(upstream:short)%00%(objectname) refs/heads/main refs/remotes/main [2ms]
[2025-12-19T08:22:59.697Z] > git for-each-ref --sort -committerdate --format %(refname) %(objectname) %(*objectname) [27ms]
[2025-12-19T08:22:59.698Z] > git remote --verbose [2ms]
[2025-12-19T08:23:04.995Z] > git config --get commit.template [5151ms]
[2025-12-19T08:23:13.964Z] > git ls-files --stage -- /home/djuric/DataAnalysisHEP_venv/DataAnalysisHEP_venv/vjezbe5/zadaci.py [3ms]
[2025-12-19T08:24:04.511Z] > git ls-files --stage -- /home/djuric/DataAnalysisHEP_venv/DataAnalysisHEP_venv/vjezbe5/zadaci.py [3ms]
[2025-12-19T08:25:10.575Z] > git symbolic-ref --short HEAD [2ms]
[2025-12-19T08:25:10.587Z] > git for-each-ref --format=%(refname)%00%(upstream:short)%00%(objectname) refs/heads/main refs/remotes/main [2ms]
[2025-12-19T08:25:10.614Z] > git for-each-ref --sort -committerdate --format %(refname) %(objectname) %(*objectname) [16ms]
[2025-12-19T08:25:10.614Z] > git remote --verbose [2ms]
[2025-12-19T08:25:16.061Z] > git config --get commit.template [5286ms]
[2025-12-19T08:25:21.157Z] > git symbolic-ref --short HEAD [2ms]
[2025-12-19T08:25:21.174Z] > git for-each-ref --format=%(refname)%00%(upstream:short)%00%(objectname) refs/heads/main refs/remotes/main [3ms]
[2025-12-19T08:25:21.213Z] > git for-each-ref --sort -committerdate --format %(refname) %(objectname) %(*objectname) [24ms]
[2025-12-19T08:25:21.213Z] > git remote --verbose [2ms]
[2025-12-19T08:25:26.548Z] > git config --get commit.template [12ms]
[2025-12-19T08:25:46.991Z] > git symbolic-ref --short HEAD [2ms]
[2025-12-19T08:25:47.010Z] > git for-each-ref --format=%(refname)%00%(upstream:short)%00%(objectname) refs/heads/main refs/remotes/main [2ms]
[2025-12-19T08:25:47.056Z] > git for-each-ref --sort -committerdate --format %(refname) %(objectname) %(*objectname) [28ms]
[2025-12-19T08:25:47.057Z] > git remote --verbose [3ms]
[2025-12-19T08:25:52.386Z] > git config --get commit.template [9ms]
[2025-12-19T08:25:58.713Z] > git symbolic-ref --short HEAD [2ms]
[2025-12-19T08:25:58.732Z] > git for-each-ref --format=%(refname)%00%(upstream:short)%00%(objectname) refs/heads/main refs/remotes/main [3ms]
[2025-12-19T08:25:58.775Z] > git for-each-ref --sort -committerdate --format %(refname) %(objectname) %(*objectname) [27ms]
[2025-12-19T08:25:58.776Z] > git remote --verbose [2ms]
[2025-12-19T08:26:04.079Z] > git config --get commit.template [13ms]
[2025-12-19T08:26:09.181Z] > git symbolic-ref --short HEAD [2ms]
[2025-12-19T08:26:09.200Z] > git for-each-ref --format=%(refname)%00%(upstream:short)%00%(objectname) refs/heads/main refs/remotes/main [2ms]
[2025-12-19T08:26:09.247Z] > git for-each-ref --sort -committerdate --format %(refname) %(objectname) %(*objectname) [29ms]
[2025-12-19T08:26:09.248Z] > git remote --verbose [3ms]
[2025-12-19T08:26:14.556Z] > git config --get commit.template [12ms]
[2025-12-19T08:26:23.206Z] > git symbolic-ref --short HEAD [1ms]
[2025-12-19T08:26:23.227Z] > git for-each-ref --format=%(refname)%00%(upstream:short)%00%(objectname) refs/heads/main refs/remotes/main [2ms]
[2025-12-19T08:26:23.282Z] > git for-each-ref --sort -committerdate --format %(refname) %(objectname) %(*objectname) [36ms]
[2025-12-19T08:26:23.283Z] > git remote --verbose [3ms]
[2025-12-19T08:26:28.719Z] > git config --get commit.template [10ms]
[2025-12-19T08:26:33.829Z] > git symbolic-ref --short HEAD [2ms]
[2025-12-19T08:26:33.847Z] > git for-each-ref --format=%(refname)%00%(upstream:short)%00%(objectname) refs/heads/main refs/remotes/main [3ms]
[2025-12-19T08:26:33.888Z] > git for-each-ref --sort -committerdate --format %(refname) %(objectname) %(*objectname) [26ms]
[2025-12-19T08:26:33.888Z] > git remote --verbose [2ms]
[2025-12-19T08:26:39.243Z] > git config --get commit.template [12ms]
[2025-12-19T08:26:46.395Z] > git symbolic-ref --short HEAD [2ms]
[2025-12-19T08:26:46.416Z] > git for-each-ref --format=%(refname)%00%(upstream:short)%00%(objectname) refs/heads/main refs/remotes/main [3ms]
[2025-12-19T08:26:46.465Z] > git for-each-ref --sort -committerdate --format %(refname) %(objectname) %(*objectname) [31ms]
[2025-12-19T08:26:46.465Z] > git remote --verbose [2ms]
[2025-12-19T08:26:51.774Z] > git config --get commit.template [5168ms]
[2025-12-19T08:26:56.892Z] > git symbolic-ref --short HEAD [2ms]
[2025-12-19T08:26:56.915Z] > git for-each-ref --format=%(refname)%00%(upstream:short)%00%(objectname) refs/heads/main refs/remotes/main [3ms]
[2025-12-19T08:26:56.970Z] > git for-each-ref --sort -committerdate --format %(refname) %(objectname) %(*objectname) [34ms]
[2025-12-19T08:26:56.971Z] > git remote --verbose [2ms]
[2025-12-19T08:27:02.313Z] > git config --get commit.template [15ms]
[2025-12-19T08:27:07.416Z] > git symbolic-ref --short HEAD [2ms]
[2025-12-19T08:27:07.437Z] > git for-each-ref --format=%(refname)%00%(upstream:short)%00%(objectname) refs/heads/main refs/remotes/main [3ms]
[2025-12-19T08:27:07.486Z] > git for-each-ref --sort -committerdate --format %(refname) %(objectname) %(*objectname) [30ms]
[2025-12-19T08:27:07.486Z] > git remote --verbose [2ms]
[2025-12-19T08:27:12.791Z] > git config --get commit.template [5160ms]
[2025-12-19T08:27:17.890Z] > git symbolic-ref --short HEAD [2ms]
[2025-12-19T08:27:17.909Z] > git for-each-ref --format=%(refname)%00%(upstream:short)%00%(objectname) refs/heads/main refs/remotes/main [2ms]
[2025-12-19T08:27:17.952Z] > git for-each-ref --sort -committerdate --format %(refname) %(objectname) %(*objectname) [26ms]
[2025-12-19T08:27:17.953Z] > git remote --verbose [2ms]
[2025-12-19T08:27:23.235Z] > git config --get commit.template [5137ms]
[2025-12-19T08:27:31.153Z] > git symbolic-ref --short HEAD [6ms]
[2025-12-19T08:27:31.174Z] > git for-each-ref --format=%(refname)%00%(upstream:short)%00%(objectname) refs/heads/main refs/remotes/main [2ms]
[2025-12-19T08:27:31.221Z] > git for-each-ref --sort -committerdate --format %(refname) %(objectname) %(*objectname) [30ms]
[2025-12-19T08:27:31.222Z] > git remote --verbose [2ms]
[2025-12-19T08:27:36.526Z] > git config --get commit.template [5159ms]
[2025-12-19T08:27:41.632Z] > git symbolic-ref --short HEAD [2ms]
[2025-12-19T08:27:41.651Z] > git for-each-ref --format=%(refname)%00%(upstream:short)%00%(objectname) refs/heads/main refs/remotes/main [3ms]
[2025-12-19T08:27:41.698Z] > git for-each-ref --sort -committerdate --format %(refname) %(objectname) %(*objectname) [28ms]
[2025-12-19T08:27:41.699Z] > git remote --verbose [2ms]
[2025-12-19T08:27:47.001Z] > git config --get commit.template [5155ms]
[2025-12-19T08:27:52.103Z] > git symbolic-ref --short HEAD [2ms]
[2025-12-19T08:27:52.123Z] > git for-each-ref --format=%(refname)%00%(upstream:short)%00%(objectname) refs/heads/main refs/remotes/main [3ms]
[2025-12-19T08:27:52.172Z] > git for-each-ref --sort -committerdate --format %(refname) %(objectname) %(*objectname) [32ms]
[2025-12-19T08:27:52.172Z] > git remote --verbose [2ms]
[2025-12-19T08:27:57.453Z] > git config --get commit.template [5133ms]
[2025-12-19T08:28:02.553Z] > git symbolic-ref --short HEAD [2ms]
[2025-12-19T08:28:02.571Z] > git for-each-ref --format=%(refname)%00%(upstream:short)%00%(objectname) refs/heads/main refs/remotes/main [2ms]
[2025-12-19T08:28:02.634Z] > git for-each-ref --sort -committerdate --format %(refname) %(objectname) %(*objectname) [46ms]
[2025-12-19T08:28:02.635Z] > git remote --verbose [3ms]
[2025-12-19T08:28:07.916Z] > git config --get commit.template [5136ms]
[2025-12-19T08:28:13.528Z] > git symbolic-ref --short HEAD [2ms]
[2025-12-19T08:28:13.548Z] > git for-each-ref --format=%(refname)%00%(upstream:short)%00%(objectname) refs/heads/main refs/remotes/main [2ms]
[2025-12-19T08:28:13.600Z] > git for-each-ref --sort -committerdate --format %(refname) %(objectname) %(*objectname) [34ms]
[2025-12-19T08:28:13.600Z] > git remote --verbose [2ms]
[2025-12-19T08:28:18.910Z] > git config --get commit.template [5171ms]
[2025-12-19T08:28:24.011Z] > git symbolic-ref --short HEAD [2ms]
[2025-12-19T08:28:24.030Z] > git for-each-ref --format=%(refname)%00%(upstream:short)%00%(objectname) refs/heads/main refs/remotes/main [3ms]
[2025-12-19T08:28:24.076Z] > git for-each-ref --sort -committerdate --format %(refname) %(objectname) %(*objectname) [27ms]
[2025-12-19T08:28:24.076Z] > git remote --verbose [2ms]
[2025-12-19T08:28:29.408Z] > git config --get commit.template [5180ms]
[2025-12-19T08:28:41.842Z] > git symbolic-ref --short HEAD [2ms]
[2025-12-19T08:28:41.862Z] > git for-each-ref --format=%(refname)%00%(upstream:short)%00%(objectname) refs/heads/main refs/remotes/main [2ms]
[2025-12-19T08:28:41.908Z] > git for-each-ref --sort -committerdate --format %(refname) %(objectname) %(*objectname) [28ms]
[2025-12-19T08:28:41.909Z] > git remote --verbose [2ms]
[2025-12-19T08:28:47.270Z] > git config --get commit.template [5216ms]
[2025-12-19T08:28:52.372Z] > git symbolic-ref --short HEAD [2ms]
[2025-12-19T08:28:52.391Z] > git for-each-ref --format=%(refname)%00%(upstream:short)%00%(objectname) refs/heads/main refs/remotes/main [2ms]
[2025-12-19T08:28:52.438Z] > git for-each-ref --sort -committerdate --format %(refname) %(objectname) %(*objectname) [31ms]
[2025-12-19T08:28:52.439Z] > git remote --verbose [2ms]
[2025-12-19T08:28:57.733Z] > git config --get commit.template [5150ms]
[2025-12-19T08:36:06.020Z] > git ls-files --stage -- /home/djuric/DataAnalysisHEP_venv/DataAnalysisHEP_venv/vjezbe5/zadaci.py [4ms]
[2025-12-19T08:36:22.563Z] > git symbolic-ref --short HEAD [2ms]
[2025-12-19T08:36:22.578Z] > git for-each-ref --format=%(refname)%00%(upstream:short)%00%(objectname) refs/heads/main refs/remotes/main [3ms]
[2025-12-19T08:36:22.603Z] > git for-each-ref --sort -committerdate --format %(refname) %(objectname) %(*objectname) [15ms]
[2025-12-19T08:36:22.604Z] > git remote --verbose [2ms]
[2025-12-19T08:36:28.049Z] > git config --get commit.template [14ms]
[2025-12-19T08:38:00.430Z] > git symbolic-ref --short HEAD [2ms]
[2025-12-19T08:38:00.442Z] > git for-each-ref --format=%(refname)%00%(upstream:short)%00%(objectname) refs/heads/main refs/remotes/main [2ms]
[2025-12-19T08:38:00.468Z] > git for-each-ref --sort -committerdate --format %(refname) %(objectname) %(*objectname) [16ms]
[2025-12-19T08:38:00.469Z] > git remote --verbose [3ms]
[2025-12-19T08:38:05.895Z] > git config --get commit.template [5271ms]
[2025-12-19T08:38:10.998Z] > git symbolic-ref --short HEAD [2ms]
[2025-12-19T08:38:11.015Z] > git for-each-ref --format=%(refname)%00%(upstream:short)%00%(objectname) refs/heads/main refs/remotes/main [3ms]
[2025-12-19T08:38:11.053Z] > git for-each-ref --sort -committerdate --format %(refname) %(objectname) %(*objectname) [24ms]
[2025-12-19T08:38:11.053Z] > git remote --verbose [2ms]
[2025-12-19T08:38:16.366Z] > git config --get commit.template [5166ms]
[2025-12-19T08:41:12.608Z] > git ls-files --stage -- /home/djuric/DataAnalysisHEP_venv/DataAnalysisHEP_venv/vjezbe5/zadaci.py [4ms]
[2025-12-19T08:41:42.424Z] > git symbolic-ref --short HEAD [2ms]
[2025-12-19T08:41:42.437Z] > git for-each-ref --format=%(refname)%00%(upstream:short)%00%(objectname) refs/heads/main refs/remotes/main [2ms]
[2025-12-19T08:41:42.468Z] > git for-each-ref --sort -committerdate --format %(refname) %(objectname) %(*objectname) [15ms]
[2025-12-19T08:41:42.468Z] > git remote --verbose [2ms]
[2025-12-19T08:41:47.891Z] > git config --get commit.template [5265ms]
[2025-12-19T08:41:53.967Z] > git symbolic-ref --short HEAD [2ms]
[2025-12-19T08:41:53.984Z] > git for-each-ref --format=%(refname)%00%(upstream:short)%00%(objectname) refs/heads/main refs/remotes/main [2ms]
[2025-12-19T08:41:54.023Z] > git for-each-ref --sort -committerdate --format %(refname) %(objectname) %(*objectname) [24ms]
[2025-12-19T08:41:54.023Z] > git remote --verbose [2ms]
[2025-12-19T08:41:59.387Z] > git config --get commit.template [5214ms]
[2025-12-19T08:42:04.487Z] > git symbolic-ref --short HEAD [2ms]
[2025-12-19T08:42:04.506Z] > git for-each-ref --format=%(refname)%00%(upstream:short)%00%(objectname) refs/heads/main refs/remotes/main [2ms]
[2025-12-19T08:42:04.551Z] > git for-each-ref --sort -committerdate --format %(refname) %(objectname) %(*objectname) [28ms]
[2025-12-19T08:42:04.552Z] > git remote --verbose [3ms]
[2025-12-19T08:42:09.865Z] > git config --get commit.template [5164ms]
[2025-12-19T08:42:22.521Z] > git symbolic-ref --short HEAD [2ms]
[2025-12-19T08:42:22.542Z] > git for-each-ref --format=%(refname)%00%(upstream:short)%00%(objectname) refs/heads/main refs/remotes/main [2ms]
[2025-12-19T08:42:22.590Z] > git for-each-ref --sort -committerdate --format %(refname) %(objectname) %(*objectname) [30ms]
[2025-12-19T08:42:22.591Z] > git remote --verbose [2ms]
[2025-12-19T08:42:27.972Z] > git config --get commit.template [10ms]
[2025-12-19T08:42:40.538Z] > git symbolic-ref --short HEAD [2ms]
[2025-12-19T08:42:40.557Z] > git for-each-ref --format=%(refname)%00%(upstream:short)%00%(objectname) refs/heads/main refs/remotes/main [2ms]
[2025-12-19T08:42:40.602Z] > git for-each-ref --sort -committerdate --format %(refname) %(objectname) %(*objectname) [28ms]
[2025-12-19T08:42:40.603Z] > git remote --verbose [3ms]
[2025-12-19T08:42:45.939Z] > git config --get commit.template [13ms]
[2025-12-19T08:42:51.042Z] > git symbolic-ref --short HEAD [2ms]
[2025-12-19T08:42:51.062Z] > git for-each-ref --format=%(refname)%00%(upstream:short)%00%(objectname) refs/heads/main refs/remotes/main [2ms]
[2025-12-19T08:42:51.108Z] > git for-each-ref --sort -committerdate --format %(refname) %(objectname) %(*objectname) [28ms]
[2025-12-19T08:42:51.109Z] > git remote --verbose [2ms]
[2025-12-19T08:42:56.417Z] > git config --get commit.template [5162ms]
[2025-12-19T08:42:56.865Z] > git ls-files --stage -- /home/djuric/DataAnalysisHEP_venv/DataAnalysisHEP_venv/vjezbe5/zadaci.py [4ms]
[2025-12-19T08:43:01.520Z] > git symbolic-ref --short HEAD [2ms]
[2025-12-19T08:43:01.540Z] > git for-each-ref --format=%(refname)%00%(upstream:short)%00%(objectname) refs/heads/main refs/remotes/main [2ms]
[2025-12-19T08:43:01.586Z] > git for-each-ref --sort -committerdate --format %(refname) %(objectname) %(*objectname) [28ms]
[2025-12-19T08:43:01.587Z] > git remote --verbose [2ms]
[2025-12-19T08:43:06.926Z] > git config --get commit.template [5192ms]
[2025-12-19T08:43:12.025Z] > git symbolic-ref --short HEAD [2ms]
[2025-12-19T08:43:12.048Z] > git for-each-ref --format=%(refname)%00%(upstream:short)%00%(objectname) refs/heads/main refs/remotes/main [3ms]
[2025-12-19T08:43:12.090Z] > git for-each-ref --sort -committerdate --format %(refname) %(objectname) %(*objectname) [26ms]
[2025-12-19T08:43:12.091Z] > git remote --verbose [3ms]
[2025-12-19T08:43:17.422Z] > git config --get commit.template [5183ms]
[2025-12-19T08:43:22.525Z] > git symbolic-ref --short HEAD [2ms]
[2025-12-19T08:43:22.545Z] > git for-each-ref --format=%(refname)%00%(upstream:short)%00%(objectname) refs/heads/main refs/remotes/main [3ms]
[2025-12-19T08:43:22.591Z] > git for-each-ref --sort -committerdate --format %(refname) %(objectname) %(*objectname) [29ms]
[2025-12-19T08:43:22.592Z] > git remote --verbose [3ms]
[2025-12-19T08:43:27.909Z] > git config --get commit.template [5170ms]
[2025-12-19T08:43:33.015Z] > git symbolic-ref --short HEAD [2ms]
[2025-12-19T08:43:33.041Z] > git for-each-ref --format=%(refname)%00%(upstream:short)%00%(objectname) refs/heads/main refs/remotes/main [3ms]
[2025-12-19T08:43:33.089Z] > git remote --verbose [2ms]
[2025-12-19T08:43:33.090Z] > git for-each-ref --sort -committerdate --format %(refname) %(objectname) %(*objectname) [35ms]
[2025-12-19T08:43:38.420Z] > git config --get commit.template [5185ms]
[2025-12-19T08:43:43.524Z] > git symbolic-ref --short HEAD [2ms]
[2025-12-19T08:43:43.545Z] > git for-each-ref --format=%(refname)%00%(upstream:short)%00%(objectname) refs/heads/main refs/remotes/main [2ms]
[2025-12-19T08:43:43.593Z] > git for-each-ref --sort -committerdate --format %(refname) %(objectname) %(*objectname) [30ms]
[2025-12-19T08:43:43.594Z] > git remote --verbose [2ms]
[2025-12-19T08:43:48.935Z] > git config --get commit.template [5194ms]
[2025-12-19T08:43:49.348Z] > git ls-files --stage -- /home/djuric/DataAnalysisHEP_venv/DataAnalysisHEP_venv/vjezbe5/zadaci.py [3ms]
[2025-12-19T08:44:44.308Z] > git symbolic-ref --short HEAD [2ms]
[2025-12-19T08:44:44.327Z] > git for-each-ref --format=%(refname)%00%(upstream:short)%00%(objectname) refs/heads/main refs/remotes/main [2ms]
[2025-12-19T08:44:44.376Z] > git for-each-ref --sort -committerdate --format %(refname) %(objectname) %(*objectname) [32ms]
[2025-12-19T08:44:44.377Z] > git remote --verbose [2ms]
[2025-12-19T08:44:49.857Z] > git config --get commit.template [15ms]
[2025-12-19T08:44:54.955Z] > git symbolic-ref --short HEAD [2ms]
[2025-12-19T08:44:54.972Z] > git for-each-ref --format=%(refname)%00%(upstream:short)%00%(objectname) refs/heads/main refs/remotes/main [2ms]
[2025-12-19T08:44:55.014Z] > git for-each-ref --sort -committerdate --format %(refname) %(objectname) %(*objectname) [27ms]
[2025-12-19T08:44:55.015Z] > git remote --verbose [2ms]
[2025-12-19T08:45:00.323Z] > git config --get commit.template [5160ms]
[2025-12-19T08:46:32.173Z] > git ls-files --stage -- /home/djuric/DataAnalysisHEP_venv/DataAnalysisHEP_venv/vjezbe5/zadaci.py [3ms]
[2025-12-19T08:46:39.792Z] > git symbolic-ref --short HEAD [2ms]
[2025-12-19T08:46:39.808Z] > git for-each-ref --format=%(refname)%00%(upstream:short)%00%(objectname) refs/heads/main refs/remotes/main [3ms]
[2025-12-19T08:46:39.839Z] > git for-each-ref --sort -committerdate --format %(refname) %(objectname) %(*objectname) [17ms]
[2025-12-19T08:46:39.840Z] > git remote --verbose [3ms]
[2025-12-19T08:46:45.360Z] > git config --get commit.template [14ms]
[2025-12-19T08:46:50.460Z] > git symbolic-ref --short HEAD [2ms]
[2025-12-19T08:46:50.478Z] > git for-each-ref --format=%(refname)%00%(upstream:short)%00%(objectname) refs/heads/main refs/remotes/main [2ms]
[2025-12-19T08:46:50.520Z] > git for-each-ref --sort -committerdate --format %(refname) %(objectname) %(*objectname) [26ms]
[2025-12-19T08:46:50.521Z] > git remote --verbose [2ms]
[2025-12-19T08:46:55.866Z] > git config --get commit.template [5197ms]
[2025-12-19T08:47:10.524Z] > git symbolic-ref --short HEAD [2ms]
[2025-12-19T08:47:10.544Z] > git for-each-ref --format=%(refname)%00%(upstream:short)%00%(objectname) refs/heads/main refs/remotes/main [3ms]
[2025-12-19T08:47:10.589Z] > git for-each-ref --sort -committerdate --format %(refname) %(objectname) %(*objectname) [28ms]
[2025-12-19T08:47:10.590Z] > git remote --verbose [3ms]
[2025-12-19T08:47:15.899Z] > git config --get commit.template [8ms]
[2025-12-19T08:47:33.773Z] > git ls-files --stage -- /home/djuric/DataAnalysisHEP_venv/DataAnalysisHEP_venv/vjezbe5/zadaci.py [3ms]
[2025-12-19T08:47:42.268Z] > git symbolic-ref --short HEAD [2ms]
[2025-12-19T08:47:42.286Z] > git for-each-ref --format=%(refname)%00%(upstream:short)%00%(objectname) refs/heads/main refs/remotes/main [2ms]
[2025-12-19T08:47:42.330Z] > git for-each-ref --sort -committerdate --format %(refname) %(objectname) %(*objectname) [27ms]
[2025-12-19T08:47:42.330Z] > git remote --verbose [2ms]
[2025-12-19T08:47:47.847Z] > git config --get commit.template [12ms]
[2025-12-19T08:47:52.956Z] > git symbolic-ref --short HEAD [3ms]
[2025-12-19T08:47:52.979Z] > git for-each-ref --format=%(refname)%00%(upstream:short)%00%(objectname) refs/heads/main refs/remotes/main [2ms]
[2025-12-19T08:47:53.025Z] > git for-each-ref --sort -committerdate --format %(refname) %(objectname) %(*objectname) [28ms]
[2025-12-19T08:47:53.025Z] > git remote --verbose [2ms]
[2025-12-19T08:47:58.349Z] > git config --get commit.template [12ms]
[2025-12-19T08:47:58.751Z] > git ls-files --stage -- /home/djuric/DataAnalysisHEP_venv/DataAnalysisHEP_venv/vjezbe5/zadaci.py [3ms]
[2025-12-19T08:48:03.462Z] > git symbolic-ref --short HEAD [2ms]
[2025-12-19T08:48:03.485Z] > git for-each-ref --format=%(refname)%00%(upstream:short)%00%(objectname) refs/heads/main refs/remotes/main [3ms]
[2025-12-19T08:48:03.538Z] > git for-each-ref --sort -committerdate --format %(refname) %(objectname) %(*objectname) [33ms]
[2025-12-19T08:48:03.538Z] > git remote --verbose [2ms]
[2025-12-19T08:48:08.877Z] > git config --get commit.template [5194ms]
[2025-12-19T08:48:13.996Z] > git symbolic-ref --short HEAD [2ms]
[2025-12-19T08:48:14.020Z] > git for-each-ref --format=%(refname)%00%(upstream:short)%00%(objectname) refs/heads/main refs/remotes/main [2ms]
[2025-12-19T08:48:14.081Z] > git for-each-ref --sort -committerdate --format %(refname) %(objectname) %(*objectname) [37ms]
[2025-12-19T08:48:14.081Z] > git remote --verbose [2ms]
[2025-12-19T08:48:19.376Z] > git config --get commit.template [10ms]
[2025-12-19T08:48:37.967Z] > git ls-files --stage -- /home/djuric/DataAnalysisHEP_venv/DataAnalysisHEP_venv/vjezbe5/zadaci.py [4ms]
[2025-12-19T08:51:46.854Z] > git ls-files --stage -- /home/djuric/DataAnalysisHEP_venv/DataAnalysisHEP_venv/vjezbe5/zadaci.py [9ms]
[2025-12-19T08:51:46.879Z] > git cat-file -s e972afdf97daae5d312cb372f8406ea1f6dbe153 [12ms]
[2025-12-19T08:51:46.880Z] > git symbolic-ref --short HEAD [2ms]
[2025-12-19T08:51:46.897Z] > git for-each-ref --format=%(refname)%00%(upstream:short)%00%(objectname) refs/heads/main refs/remotes/main [2ms]
[2025-12-19T08:51:46.924Z] > git for-each-ref --sort -committerdate --format %(refname) %(objectname) %(*objectname) [17ms]
[2025-12-19T08:51:46.925Z] > git remote --verbose [3ms]
[2025-12-19T08:51:47.002Z] > git config --get commit.template [13ms]
[2025-12-19T09:00:09.461Z] > git ls-files --stage -- /home/djuric/DataAnalysisHEP_venv/DataAnalysisHEP_venv/vjezbe5/zadaci.py [8ms]
[2025-12-19T09:00:09.476Z] > git cat-file -s e972afdf97daae5d312cb372f8406ea1f6dbe153 [2ms]
[2025-12-19T09:00:09.502Z] > git symbolic-ref --short HEAD [13ms]
[2025-12-19T09:00:09.515Z] > git for-each-ref --format=%(refname)%00%(upstream:short)%00%(objectname) refs/heads/main refs/remotes/main [3ms]
[2025-12-19T09:00:09.543Z] > git for-each-ref --sort -committerdate --format %(refname) %(objectname) %(*objectname) [17ms]
[2025-12-19T09:00:09.544Z] > git remote --verbose [3ms]
[2025-12-19T09:00:09.557Z] > git config --get commit.template [2ms]
[2025-12-19T09:12:26.287Z] > git symbolic-ref --short HEAD [2ms]
[2025-12-19T09:12:26.303Z] > git for-each-ref --format=%(refname)%00%(upstream:short)%00%(objectname) refs/heads/main refs/remotes/main [2ms]
[2025-12-19T09:12:26.330Z] > git for-each-ref --sort -committerdate --format %(refname) %(objectname) %(*objectname) [16ms]
[2025-12-19T09:12:26.331Z] > git remote --verbose [2ms]
[2025-12-19T09:12:26.345Z] > git config --get commit.template [2ms]
[2025-12-19T09:12:48.269Z] > git symbolic-ref --short HEAD [2ms]
[2025-12-19T09:12:48.281Z] > git for-each-ref --format=%(refname)%00%(upstream:short)%00%(objectname) refs/heads/main refs/remotes/main [2ms]
[2025-12-19T09:12:48.308Z] > git for-each-ref --sort -committerdate --format %(refname) %(objectname) %(*objectname) [16ms]
[2025-12-19T09:12:48.309Z] > git remote --verbose [2ms]
[2025-12-19T09:12:48.323Z] > git config --get commit.template [1ms]
[2025-12-19T09:12:48.346Z] > git ls-files --stage -- /home/djuric/DataAnalysisHEP_venv/DataAnalysisHEP_venv/vjezbe5/zadaci.py [8ms]
[2025-12-19T09:12:48.358Z] > git cat-file -s e972afdf97daae5d312cb372f8406ea1f6dbe153 [2ms]
[2025-12-19T09:13:13.270Z] > git symbolic-ref --short HEAD [2ms]
[2025-12-19T09:13:13.284Z] > git for-each-ref --format=%(refname)%00%(upstream:short)%00%(objectname) refs/heads/main refs/remotes/main [3ms]
[2025-12-19T09:13:13.319Z] > git for-each-ref --sort -committerdate --format %(refname) %(objectname) %(*objectname) [21ms]
[2025-12-19T09:13:13.320Z] > git remote --verbose [3ms]
[2025-12-19T09:13:13.348Z] > git ls-files --stage -- /home/djuric/DataAnalysisHEP_venv/DataAnalysisHEP_venv/vjezbe5/zadaci.py [12ms]
[2025-12-19T09:13:13.359Z] > git config --get commit.template [12ms]
[2025-12-19T09:13:13.361Z] > git cat-file -s e972afdf97daae5d312cb372f8406ea1f6dbe153 [3ms]
