[2025-11-07 18:32:52.404] [exthost] [info] Extension host with pid 30658 started
[2025-11-07 18:32:52.445] [exthost] [info] Lock '/home/djuric/.vscode-server/data/User/workspaceStorage/9b242f2ebf2bdc2b3aa251f745ca34eb/vscode.lock': Lock acquired.
[2025-11-07 18:32:52.547] [exthost] [info] ExtensionService#_doActivateExtension vscode.debug-auto-launch, startup: true, activationEvent: '*'
[2025-11-07 18:32:52.559] [exthost] [info] ExtensionService#_doActivateExtension vscode.git-base, startup: true, activationEvent: '*', root cause: vscode.git
[2025-11-07 18:32:52.568] [exthost] [info] ExtensionService#_doActivateExtension vscode.ipynb, startup: true, activationEvent: '*'
[2025-11-07 18:32:52.655] [exthost] [info] ExtensionService#_doActivateExtension vscode.git, startup: true, activationEvent: '*'
[2025-11-07 18:32:52.801] [exthost] [info] ExtensionService#_doActivateExtension vscode.github, startup: true, activationEvent: '*'
[2025-11-07 18:32:52.955] [exthost] [info] ExtensionService#_doActivateExtension vscode.emmet, startup: false, activationEvent: 'onStartupFinished'
[2025-11-07 18:32:52.996] [exthost] [info] ExtensionService#_doActivateExtension vscode.merge-conflict, startup: false, activationEvent: 'onStartupFinished'
[2025-11-07 18:32:53.005] [exthost] [info] Eager extensions activated
[2025-11-07 18:32:53.415] [exthost] [info] ExtensionService#_doActivateExtension vscode.configuration-editing, startup: false, activationEvent: 'onLanguage:jsonc'
[2025-11-07 18:32:53.427] [exthost] [info] ExtensionService#_doActivateExtension vscode.json-language-features, startup: false, activationEvent: 'onLanguage:jsonc'
[2025-11-07 18:32:53.573] [exthost] [info] ExtensionService#_doActivateExtension vscode.typescript-language-features, startup: false, activationEvent: 'onLanguage:jsonc'
[2025-11-07 18:50:52.677] [exthost] [error] {"message":"Git error","stdout":"","stderr":"fatal: '/home/djuric/DataAnalysisHEP_venv/DataAnalysisHEP_venv/bin/python' is outside repository\n","exitCode":128}
[2025-11-07 18:50:52.677] [exthost] [error] {"message":"Git error","stdout":"","stderr":"fatal: '/home/djuric/DataAnalysisHEP_venv/DataAnalysisHEP_venv/bin/python' is outside repository\n","exitCode":128}
[2025-11-07 18:50:52.677] [exthost] [error] {"message":"Git error","stdout":"","stderr":"fatal: '/home/djuric/DataAnalysisHEP_venv/DataAnalysisHEP_venv/bin/python' is outside repository\n","exitCode":128}
[2025-11-07 18:50:52.677] [exthost] [error] {"message":"Git error","stdout":"","stderr":"fatal: '/home/djuric/DataAnalysisHEP_venv/DataAnalysisHEP_venv/bin/python' is outside repository\n","exitCode":128}
[2025-11-07 18:50:52.677] [exthost] [error] {"message":"Git error","stdout":"","stderr":"fatal: '/home/djuric/DataAnalysisHEP_venv/DataAnalysisHEP_venv/bin/python' is outside repository\n","exitCode":128}
[2025-11-07 18:50:52.677] [exthost] [error] {"message":"Git error","stdout":"","stderr":"fatal: '/home/djuric/DataAnalysisHEP_venv/DataAnalysisHEP_venv/bin/python' is outside repository\n","exitCode":128}
[2025-11-07 18:50:52.677] [exthost] [error] {"message":"Git error","stdout":"","stderr":"fatal: '/home/djuric/DataAnalysisHEP_venv/DataAnalysisHEP_venv/bin/python' is outside repository\n","exitCode":128}
[2025-11-07 18:50:52.677] [exthost] [error] {"message":"Git error","stdout":"","stderr":"fatal: '/home/djuric/DataAnalysisHEP_venv/DataAnalysisHEP_venv/bin/python' is outside repository\n","exitCode":128}
[2025-11-07 18:50:52.677] [exthost] [error] {"message":"Git error","stdout":"","stderr":"fatal: '/home/djuric/DataAnalysisHEP_venv/DataAnalysisHEP_venv/bin/python' is outside repository\n","exitCode":128}
[2025-11-07 18:50:52.677] [exthost] [error] {"message":"Git error","stdout":"","stderr":"fatal: '/home/djuric/DataAnalysisHEP_venv/DataAnalysisHEP_venv/bin/python' is outside repository\n","exitCode":128}
[2025-11-07 18:50:52.677] [exthost] [error] {"message":"Git error","stdout":"","stderr":"fatal: '/home/djuric/DataAnalysisHEP_venv/DataAnalysisHEP_venv/bin/python' is outside repository\n","exitCode":128}
[2025-11-07 18:50:52.677] [exthost] [error] {"message":"Git error","stdout":"","stderr":"fatal: '/home/djuric/DataAnalysisHEP_venv/DataAnalysisHEP_venv/bin/python' is outside repository\n","exitCode":128}
[2025-11-07 18:50:52.677] [exthost] [error] {"message":"Git error","stdout":"","stderr":"fatal: '/home/djuric/DataAnalysisHEP_venv/DataAnalysisHEP_venv/bin/python' is outside repository\n","exitCode":128}
[2025-11-07 18:50:52.677] [exthost] [error] {"message":"Git error","stdout":"","stderr":"fatal: '/home/djuric/DataAnalysisHEP_venv/DataAnalysisHEP_venv/bin/python' is outside repository\n","exitCode":128}
[2025-11-07 18:50:52.677] [exthost] [error] {"message":"Git error","stdout":"","stderr":"fatal: '/home/djuric/DataAnalysisHEP_venv/DataAnalysisHEP_venv/bin/python' is outside repository\n","exitCode":128}
[2025-11-07 18:50:52.677] [exthost] [error] {"message":"Git error","stdout":"","stderr":"fatal: '/home/djuric/DataAnalysisHEP_venv/DataAnalysisHEP_venv/bin/python' is outside repository\n","exitCode":128}
[2025-11-07 19:51:14.760] [exthost] [error] {"message":"Git error","stdout":"","stderr":"fatal: '/home/djuric/DataAnalysisHEP_venv/DataAnalysisHEP_venv/bin/python' is outside repository\n","exitCode":128}
[2025-11-07 19:51:14.760] [exthost] [error] {"message":"Git error","stdout":"","stderr":"fatal: '/home/djuric/DataAnalysisHEP_venv/DataAnalysisHEP_venv/bin/python' is outside repository\n","exitCode":128}
[2025-11-07 19:51:14.760] [exthost] [error] {"message":"Git error","stdout":"","stderr":"fatal: '/home/djuric/DataAnalysisHEP_venv/DataAnalysisHEP_venv/bin/python' is outside repository\n","exitCode":128}
[2025-11-07 19:51:14.761] [exthost] [error] {"message":"Git error","stdout":"","stderr":"fatal: '/home/djuric/DataAnalysisHEP_venv/DataAnalysisHEP_venv/bin/python' is outside repository\n","exitCode":128}
[2025-11-07 19:51:14.761] [exthost] [error] {"message":"Git error","stdout":"","stderr":"fatal: '/home/djuric/DataAnalysisHEP_venv/DataAnalysisHEP_venv/bin/python' is outside repository\n","exitCode":128}
[2025-11-07 19:51:14.761] [exthost] [error] {"message":"Git error","stdout":"","stderr":"fatal: '/home/djuric/DataAnalysisHEP_venv/DataAnalysisHEP_venv/bin/python' is outside repository\n","exitCode":128}
[2025-11-07 19:51:14.761] [exthost] [error] {"message":"Git error","stdout":"","stderr":"fatal: '/home/djuric/DataAnalysisHEP_venv/DataAnalysisHEP_venv/bin/python' is outside repository\n","exitCode":128}
[2025-11-07 19:51:14.761] [exthost] [error] {"message":"Git error","stdout":"","stderr":"fatal: '/home/djuric/DataAnalysisHEP_venv/DataAnalysisHEP_venv/bin/python' is outside repository\n","exitCode":128}
[2025-11-07 19:51:14.761] [exthost] [error] {"message":"Git error","stdout":"","stderr":"fatal: '/home/djuric/DataAnalysisHEP_venv/DataAnalysisHEP_venv/bin/python' is outside repository\n","exitCode":128}
[2025-11-07 19:51:14.761] [exthost] [error] {"message":"Git error","stdout":"","stderr":"fatal: '/home/djuric/DataAnalysisHEP_venv/DataAnalysisHEP_venv/bin/python' is outside repository\n","exitCode":128}
[2025-11-07 19:51:14.761] [exthost] [error] {"message":"Git error","stdout":"","stderr":"fatal: '/home/djuric/DataAnalysisHEP_venv/DataAnalysisHEP_venv/bin/python' is outside repository\n","exitCode":128}
[2025-11-07 19:51:14.761] [exthost] [error] {"message":"Git error","stdout":"","stderr":"fatal: '/home/djuric/DataAnalysisHEP_venv/DataAnalysisHEP_venv/bin/python' is outside repository\n","exitCode":128}
[2025-11-07 19:51:14.761] [exthost] [error] {"message":"Git error","stdout":"","stderr":"fatal: '/home/djuric/DataAnalysisHEP_venv/DataAnalysisHEP_venv/bin/python' is outside repository\n","exitCode":128}
[2025-11-07 19:51:14.761] [exthost] [error] {"message":"Git error","stdout":"","stderr":"fatal: '/home/djuric/DataAnalysisHEP_venv/DataAnalysisHEP_venv/bin/python' is outside repository\n","exitCode":128}
[2025-11-07 19:51:14.761] [exthost] [error] {"message":"Git error","stdout":"","stderr":"fatal: '/home/djuric/DataAnalysisHEP_venv/DataAnalysisHEP_venv/bin/python' is outside repository\n","exitCode":128}
[2025-11-07 19:51:14.761] [exthost] [error] {"message":"Git error","stdout":"","stderr":"fatal: '/home/djuric/DataAnalysisHEP_venv/DataAnalysisHEP_venv/bin/python' is outside repository\n","exitCode":128}
[2025-11-07 19:51:14.761] [exthost] [error] {"message":"Git error","stdout":"","stderr":"fatal: '/home/djuric/DataAnalysisHEP_venv/DataAnalysisHEP_venv/bin/python' is outside repository\n","exitCode":128}
[2025-11-07 19:51:14.761] [exthost] [error] {"message":"Git error","stdout":"","stderr":"fatal: '/home/djuric/DataAnalysisHEP_venv/DataAnalysisHEP_venv/bin/python' is outside repository\n","exitCode":128}
[2025-11-07 19:51:14.761] [exthost] [error] {"message":"Git error","stdout":"","stderr":"fatal: '/home/djuric/DataAnalysisHEP_venv/DataAnalysisHEP_venv/bin/python' is outside repository\n","exitCode":128}
[2025-11-07 19:51:14.761] [exthost] [error] {"message":"Git error","stdout":"","stderr":"fatal: '/home/djuric/DataAnalysisHEP_venv/DataAnalysisHEP_venv/bin/python' is outside repository\n","exitCode":128}
[2025-11-07 19:51:14.761] [exthost] [error] {"message":"Git error","stdout":"","stderr":"fatal: '/home/djuric/DataAnalysisHEP_venv/DataAnalysisHEP_venv/bin/python' is outside repository\n","exitCode":128}
[2025-11-07 19:51:14.761] [exthost] [error] {"message":"Git error","stdout":"","stderr":"fatal: '/home/djuric/DataAnalysisHEP_venv/DataAnalysisHEP_venv/bin/python' is outside repository\n","exitCode":128}
[2025-11-07 19:51:14.761] [exthost] [error] {"message":"Git error","stdout":"","stderr":"fatal: '/home/djuric/DataAnalysisHEP_venv/DataAnalysisHEP_venv/bin/python' is outside repository\n","exitCode":128}
[2025-11-07 19:51:14.761] [exthost] [error] {"message":"Git error","stdout":"","stderr":"fatal: '/home/djuric/DataAnalysisHEP_venv/DataAnalysisHEP_venv/bin/python' is outside repository\n","exitCode":128}
[2025-11-07 19:51:14.761] [exthost] [error] {"message":"Git error","stdout":"","stderr":"fatal: '/home/djuric/DataAnalysisHEP_venv/DataAnalysisHEP_venv/bin/python' is outside repository\n","exitCode":128}
[2025-11-07 19:51:14.761] [exthost] [error] {"message":"Git error","stdout":"","stderr":"fatal: '/home/djuric/DataAnalysisHEP_venv/DataAnalysisHEP_venv/bin/python' is outside repository\n","exitCode":128}
[2025-11-07 19:51:14.761] [exthost] [error] {"message":"Git error","stdout":"","stderr":"fatal: '/home/djuric/DataAnalysisHEP_venv/DataAnalysisHEP_venv/bin/python' is outside repository\n","exitCode":128}
[2025-11-07 19:51:14.761] [exthost] [error] {"message":"Git error","stdout":"","stderr":"fatal: '/home/djuric/DataAnalysisHEP_venv/DataAnalysisHEP_venv/bin/python' is outside repository\n","exitCode":128}
[2025-11-07 19:51:14.761] [exthost] [error] {"message":"Git error","stdout":"","stderr":"fatal: '/home/djuric/DataAnalysisHEP_venv/DataAnalysisHEP_venv/bin/python' is outside repository\n","exitCode":128}
[2025-11-07 19:51:14.761] [exthost] [error] {"message":"Git error","stdout":"","stderr":"fatal: '/home/djuric/DataAnalysisHEP_venv/DataAnalysisHEP_venv/bin/python' is outside repository\n","exitCode":128}
[2025-11-07 19:51:14.761] [exthost] [error] {"message":"Git error","stdout":"","stderr":"fatal: '/home/djuric/DataAnalysisHEP_venv/DataAnalysisHEP_venv/bin/python' is outside repository\n","exitCode":128}
[2025-11-07 20:09:22.884] [exthost] [info] extension host terminating: received terminate message from renderer
[2025-11-07 20:09:22.885] [exthost] [info] Lock '/home/djuric/.vscode-server/data/User/workspaceStorage/9b242f2ebf2bdc2b3aa251f745ca34eb/vscode.lock': Marking the lockfile as scheduled to be released in 6000 ms.
[2025-11-07 20:09:22.916] [exthost] [info] Extension host with pid 30658 exiting with code 0
